Component: ARM Compiler 5.06 update 4 (build 422) Tool: armlink [4d35d2]

==============================================================================

Section Cross References

    settings.o(i.SetSysClockTo72) refers to stm32f10x_rcc.o(i.RCC_DeInit) for RCC_DeInit
    settings.o(i.SetSysClockTo72) refers to stm32f10x_rcc.o(i.RCC_HSEConfig) for RCC_HSEConfig
    settings.o(i.SetSysClockTo72) refers to stm32f10x_rcc.o(i.RCC_WaitForHSEStartUp) for RCC_WaitForHSEStartUp
    settings.o(i.SetSysClockTo72) refers to stm32f10x_rcc.o(i.RCC_HCLKConfig) for RCC_HCLKConfig
    settings.o(i.SetSysClockTo72) refers to stm32f10x_rcc.o(i.RCC_PCLK2Config) for RCC_PCLK2Config
    settings.o(i.SetSysClockTo72) refers to stm32f10x_rcc.o(i.RCC_PCLK1Config) for RCC_PCLK1Config
    settings.o(i.SetSysClockTo72) refers to stm32f10x_rcc.o(i.RCC_PLLConfig) for RCC_PLLConfig
    settings.o(i.SetSysClockTo72) refers to stm32f10x_rcc.o(i.RCC_PLLCmd) for RCC_PLLCmd
    settings.o(i.SetSysClockTo72) refers to stm32f10x_rcc.o(i.RCC_GetFlagStatus) for RCC_GetFlagStatus
    settings.o(i.SetSysClockTo72) refers to stm32f10x_rcc.o(i.RCC_SYSCLKConfig) for RCC_SYSCLKConfig
    settings.o(i.SetSysClockTo72) refers to stm32f10x_rcc.o(i.RCC_GetSYSCLKSource) for RCC_GetSYSCLKSource
    settings.o(i.SysTick_Handler) refers to settings.o(.data) for delay_ms_count
    settings.o(i.SysTick_setting) refers to misc.o(i.NVIC_PriorityGroupConfig) for NVIC_PriorityGroupConfig
    settings.o(i.SysTick_setting) refers to misc.o(i.SysTick_CLKSourceConfig) for SysTick_CLKSourceConfig
    settings.o(i.SysTick_setting) refers to settings.o(i.NVIC_SetPriority) for NVIC_SetPriority
    settings.o(i.delay_ms) refers to settings.o(i.NVIC_SetPriority) for NVIC_SetPriority
    settings.o(i.delay_ms) refers to settings.o(.data) for delay_ms_count
    settings.o(i.delay_ms) refers to system_stm32f10x.o(.data) for SystemCoreClock
    settings.o(i.delay_s) refers to settings.o(i.delay_ms) for delay_ms
    main.o(i.TIM2_IRQHandler) refers to stm32f10x_tim.o(i.TIM_GetITStatus) for TIM_GetITStatus
    main.o(i.TIM2_IRQHandler) refers to proximitysensors.o(i.ProximitySensors_Read) for ProximitySensors_Read
    main.o(i.TIM2_IRQHandler) refers to rpconnection.o(i.SendToRaspberryPi) for SendToRaspberryPi
    main.o(i.TIM2_IRQHandler) refers to rpconnection.o(i.getNeededSpeed) for getNeededSpeed
    main.o(i.TIM2_IRQHandler) refers to engine.o(i.ChangeSpeed) for ChangeSpeed
    main.o(i.TIM2_IRQHandler) refers to servo.o(i.GetAngle) for GetAngle
    main.o(i.TIM2_IRQHandler) refers to servo.o(i.ChangeAngle) for ChangeAngle
    main.o(i.TIM2_IRQHandler) refers to stm32f10x_tim.o(i.TIM_ClearITPendingBit) for TIM_ClearITPendingBit
    main.o(i.TIM2_IRQHandler) refers to main.o(.data) for proximitySensors
    main.o(i.TIMTransmit_IRQ_Init) refers to stm32f10x_rcc.o(i.RCC_APB1PeriphClockCmd) for RCC_APB1PeriphClockCmd
    main.o(i.TIMTransmit_IRQ_Init) refers to stm32f10x_tim.o(i.TIM_TimeBaseInit) for TIM_TimeBaseInit
    main.o(i.TIMTransmit_IRQ_Init) refers to stm32f10x_tim.o(i.TIM_Cmd) for TIM_Cmd
    main.o(i.TIMTransmit_IRQ_Init) refers to stm32f10x_tim.o(i.TIM_ITConfig) for TIM_ITConfig
    main.o(i.TIMTransmit_IRQ_Init) refers to misc.o(i.NVIC_Init) for NVIC_Init
    main.o(i.main) refers to settings.o(i.SetSysClockTo72) for SetSysClockTo72
    main.o(i.main) refers to usart_debug.o(i.Usart_Init) for Usart_Init
    main.o(i.main) refers to rpconnection.o(i.RPConnection_Init) for RPConnection_Init
    main.o(i.main) refers to proximitysensors.o(i.ProximitySensors_Init) for ProximitySensors_Init
    main.o(i.main) refers to settings.o(i.SysTick_setting) for SysTick_setting
    main.o(i.main) refers to engine.o(i.OptronInit) for OptronInit
    main.o(i.main) refers to engine.o(i.EngineInit) for EngineInit
    main.o(i.main) refers to servo.o(i.ServoInit) for ServoInit
    main.o(i.main) refers to main.o(i.TIMTransmit_IRQ_Init) for TIMTransmit_IRQ_Init
    main.o(i.main) refers to settings.o(i.delay_ms) for delay_ms
    main.o(i.main) refers to main.o(.data) for data
    engine.o(i.ChangeSpeed) refers to dflt_clz.o(x$fpl$dflt) for __aeabi_i2d
    engine.o(i.ChangeSpeed) refers to dflt_clz.o(x$fpl$dfltu) for __aeabi_ui2d
    engine.o(i.ChangeSpeed) refers to ddiv.o(x$fpl$ddiv) for __aeabi_ddiv
    engine.o(i.ChangeSpeed) refers to pid.o(i.EnginePID) for EnginePID
    engine.o(i.ChangeSpeed) refers to daddsub_clz.o(x$fpl$dadd) for __aeabi_dadd
    engine.o(i.ChangeSpeed) refers to dfixu.o(x$fpl$dfixu) for __aeabi_d2uiz
    engine.o(i.ChangeSpeed) refers to stm32f10x_tim.o(i.TIM_SetCompare3) for TIM_SetCompare3
    engine.o(i.ChangeSpeed) refers to stm32f10x_tim.o(i.TIM_SetCompare4) for TIM_SetCompare4
    engine.o(i.ChangeSpeed) refers to engine.o(.data) for speedNow
    engine.o(i.EXTI15_10_IRQHandler) refers to stm32f10x_exti.o(i.EXTI_GetITStatus) for EXTI_GetITStatus
[...]
    .ARM.Collect$$rtentry$$00000000          0x08000168   Section        0  __rtentry.o(.ARM.Collect$$rtentry$$00000000)
    .ARM.Collect$$rtentry$$00000002          0x08000168   Section        0  __rtentry2.o(.ARM.Collect$$rtentry$$00000002)
    .ARM.Collect$$rtentry$$00000004          0x08000168   Section        6  __rtentry4.o(.ARM.Collect$$rtentry$$00000004)
    .ARM.Collect$$rtentry$$00000009          0x0800016e   Section        0  __rtentry2.o(.ARM.Collect$$rtentry$$00000009)
    .ARM.Collect$$rtentry$$0000000A          0x0800016e   Section        4  __rtentry2.o(.ARM.Collect$$rtentry$$0000000A)
    .ARM.Collect$$rtentry$$0000000C          0x08000172   Section        0  __rtentry2.o(.ARM.Collect$$rtentry$$0000000C)
    .ARM.Collect$$rtentry$$0000000D          0x08000172   Section        8  __rtentry2.o(.ARM.Collect$$rtentry$$0000000D)
    .ARM.Collect$$rtexit$$00000000           0x0800017a   Section        2  rtexit.o(.ARM.Collect$$rtexit$$00000000)
    .ARM.Collect$$rtexit$$00000002           0x0800017c   Section        0  rtexit2.o(.ARM.Collect$$rtexit$$00000002)
    .ARM.Collect$$rtexit$$00000003           0x0800017c   Section        4  rtexit2.o(.ARM.Collect$$rtexit$$00000003)
    .ARM.Collect$$rtexit$$00000004           0x08000180   Section        6  rtexit2.o(.ARM.Collect$$rtexit$$00000004)
    .text                                    0x08000188   Section       64  startup_stm32f10x_md.o(.text)
    .text                                    0x080001c8   Section        0  heapauxi.o(.text)
    .text                                    0x080001d0   Section        8  libspace.o(.text)
    .text                                    0x080001d8   Section       74  sys_stackheap_outer.o(.text)
    .text                                    0x08000222   Section        0  exit.o(.text)
    .text                                    0x08000234   Section        0  sys_exit.o(.text)
    .text                                    0x08000240   Section        2  use_no_semi.o(.text)
    .text                                    0x08000242   Section        0  indicate_semi.o(.text)
    i.ADC_AutoInjectedConvCmd                0x08000242   Section        0  stm32f10x_adc.o(i.ADC_AutoInjectedConvCmd)
    i.ADC_Cmd                                0x08000258   Section        0  stm32f10x_adc.o(i.ADC_Cmd)
    i.ADC_ExternalTrigInjectedConvConfig     0x0800026e   Section        0  stm32f10x_adc.o(i.ADC_ExternalTrigInjectedConvConfig)
    i.ADC_GetCalibrationStatus               0x0800027e   Section        0  stm32f10x_adc.o(i.ADC_GetCalibrationStatus)
    i.ADC_GetInjectedConversionValue         0x08000292   Section        0  stm32f10x_adc.o(i.ADC_GetInjectedConversionValue)
    i.ADC_GetResetCalibrationStatus          0x080002ae   Section        0  stm32f10x_adc.o(i.ADC_GetResetCalibrationStatus)
    i.ADC_Init                               0x080002c4   Section        0  stm32f10x_adc.o(i.ADC_Init)
    i.ADC_InjectedChannelConfig              0x08000314   Section        0  stm32f10x_adc.o(i.ADC_InjectedChannelConfig)
    i.ADC_InjectedSequencerLengthConfig      0x08000396   Section        0  stm32f10x_adc.o(i.ADC_InjectedSequencerLengthConfig)
    i.ADC_ResetCalibration                   0x080003ae   Section        0  stm32f10x_adc.o(i.ADC_ResetCalibration)
    i.ADC_SoftwareStartInjectedConvCmd       0x080003b8   Section        0  stm32f10x_adc.o(i.ADC_SoftwareStartInjectedConvCmd)
    i.ADC_StartCalibration                   0x080003ce   Section        0  stm32f10x_adc.o(i.ADC_StartCalibration)
    i.AngletoPWM                             0x080003d8   Section        0  servo.o(i.AngletoPWM)
    AngletoPWM                               0x080003d9   Thumb Code    46  servo.o(i.AngletoPWM)
    i.ChangeAngle                            0x08000414   Section        0  servo.o(i.ChangeAngle)
    i.ChangeSpeed                            0x08000494   Section        0  engine.o(i.ChangeSpeed)
    i.DMA1_Channel1_Event                    0x080005e8   Section        0  dma_stm32f10x.o(i.DMA1_Channel1_Event)
    i.DMA1_Channel1_IRQHandler               0x080005ec   Section        0  dma_stm32f10x.o(i.DMA1_Channel1_IRQHandler)
    i.DMA1_Channel2_Event                    0x08000608   Section        0  dma_stm32f10x.o(i.DMA1_Channel2_Event)
    i.DMA1_Channel2_IRQHandler               0x0800060c   Section        0  dma_stm32f10x.o(i.DMA1_Channel2_IRQHandler)
    i.DMA1_Channel3_Event                    0x08000628   Section        0  dma_stm32f10x.o(i.DMA1_Channel3_Event)
    i.DMA1_Channel3_IRQHandler               0x0800062c   Section        0  dma_stm32f10x.o(i.DMA1_Channel3_IRQHandler)
    i.DMA1_Channel4_Event                    0x08000648   Section        0  dma_stm32f10x.o(i.DMA1_Channel4_Event)
    i.DMA1_Channel4_IRQHandler               0x0800064c   Section        0  dma_stm32f10x.o(i.DMA1_Channel4_IRQHandler)
    i.DMA1_Channel5_Event                    0x08000668   Section        0  dma_stm32f10x.o(i.DMA1_Channel5_Event)
    i.DMA1_Channel5_IRQHandler               0x0800066c   Section        0  dma_stm32f10x.o(i.DMA1_Channel5_IRQHandler)
    i.DMA1_Channel6_Event                    0x08000688   Section        0  dma_stm32f10x.o(i.DMA1_Channel6_Event)
    i.DMA1_Channel6_IRQHandler               0x0800068c   Section        0  dma_stm32f10x.o(i.DMA1_Channel6_IRQHandler)
    i.DMA1_Channel7_Event                    0x080006a8   Section        0  dma_stm32f10x.o(i.DMA1_Channel7_Event)
    i.DMA1_Channel7_IRQHandler               0x080006ac   Section        0  dma_stm32f10x.o(i.DMA1_Channel7_IRQHandler)
    i.EXTI15_10_IRQHandler                   0x080006c8   Section        0  engine.o(i.EXTI15_10_IRQHandler)
    i.EXTI_ClearITPendingBit                 0x080006ec   Section        0  stm32f10x_exti.o(i.EXTI_ClearITPendingBit)
    i.EXTI_GetITStatus                       0x080006f8   Section        0  stm32f10x_exti.o(i.EXTI_GetITStatus)
    i.EXTI_Init                              0x08000720   Section        0  stm32f10x_exti.o(i.EXTI_Init)
    i.EXTI_StructInit                        0x080007b4   Section        0  stm32f10x_exti.o(i.EXTI_StructInit)
    i.EngineInit                             0x080007c4   Section        0  engine.o(i.EngineInit)
    i.EnginePID                              0x08000874   Section        0  pid.o(i.EnginePID)
    i.GPIO_EXTILineConfig                    0x080008c4   Section        0  stm32f10x_gpio.o(i.GPIO_EXTILineConfig)
    i.GPIO_Init                              0x08000904   Section        0  stm32f10x_gpio.o(i.GPIO_Init)
    i.GPIO_PinRemapConfig                    0x08000a1c   Section        0  stm32f10x_gpio.o(i.GPIO_PinRemapConfig)
    i.GPIO_ResetBits                         0x08000aac   Section        0  stm32f10x_gpio.o(i.GPIO_ResetBits)
    i.GPIO_SetBits                           0x08000ab0   Section        0  stm32f10x_gpio.o(i.GPIO_SetBits)
    i.GPIO_StructInit                        0x08000ab4   Section        0  stm32f10x_gpio.o(i.GPIO_StructInit)
    i.GPIO_setting                           0x08000ac4   Section        0  vl53l0x_initialize.o(i.GPIO_setting)
    GPIO_setting                             0x08000ac5   Thumb Code    98  vl53l0x_initialize.o(i.GPIO_setting)
    i.GetAngle                               0x08000b34   Section        0  servo.o(i.GetAngle)
    i.I2C1_setting                           0x08000b78   Section        0  vl53l0x_initialize.o(i.I2C1_setting)
    I2C1_setting                             0x08000b79   Thumb Code   102  vl53l0x_initialize.o(i.I2C1_setting)
    i.I2C_AcknowledgeConfig                  0x08000be4   Section        0  stm32f10x_i2c.o(i.I2C_AcknowledgeConfig)
    i.I2C_CheckEvent                         0x08000bfc   Section        0  stm32f10x_i2c.o(i.I2C_CheckEvent)
    i.I2C_Cmd                                0x08000c26   Section        0  stm32f10x_i2c.o(i.I2C_Cmd)
    i.I2C_DeInit                             0x08000c40   Section        0  stm32f10x_i2c.o(i.I2C_DeInit)
    i.I2C_GenerateSTART                      0x08000c78   Section        0  stm32f10x_i2c.o(i.I2C_GenerateSTART)
    i.I2C_GenerateSTOP                       0x08000c90   Section        0  stm32f10x_i2c.o(i.I2C_GenerateSTOP)
    i.I2C_GetFlagStatus                      0x08000ca8   Section        0  stm32f10x_i2c.o(i.I2C_GetFlagStatus)
    i.I2C_Init                               0x08000ce4   Section        0  stm32f10x_i2c.o(i.I2C_Init)
    i.I2C_ReceiveData                        0x08000dd0   Section        0  stm32f10x_i2c.o(i.I2C_ReceiveData)
    i.I2C_Send7bitAddress                    0x08000dd8   Section        0  stm32f10x_i2c.o(i.I2C_Send7bitAddress)
    i.I2C_SendData                           0x08000dea   Section        0  stm32f10x_i2c.o(i.I2C_SendData)
    i.InitSharp                              0x08000df0   Section        0  sharp.o(i.InitSharp)
    i.NVIC_Init                              0x08000ec4   Section        0  misc.o(i.NVIC_Init)
    i.NVIC_PriorityGroupConfig               0x08000f34   Section        0  misc.o(i.NVIC_PriorityGroupConfig)
    i.NVIC_SetPriority                       0x08000f48   Section        0  settings.o(i.NVIC_SetPriority)
    NVIC_SetPriority                         0x08000f49   Thumb Code    32  settings.o(i.NVIC_SetPriority)
    i.OptronInit                             0x08000f70   Section        0  engine.o(i.OptronInit)
    i.ProximitySensors_Init                  0x08000ff0   Section        0  proximitysensors.o(i.ProximitySensors_Init)
    i.ProximitySensors_Read                  0x080010a8   Section        0  proximitysensors.o(i.ProximitySensors_Read)
    i.RCC_ADCCLKConfig                       0x080010e4   Section        0  stm32f10x_rcc.o(i.RCC_ADCCLKConfig)
    i.RCC_APB1PeriphClockCmd                 0x080010fc   Section        0  stm32f10x_rcc.o(i.RCC_APB1PeriphClockCmd)
    i.RCC_APB1PeriphResetCmd                 0x0800111c   Section        0  stm32f10x_rcc.o(i.RCC_APB1PeriphResetCmd)
    i.RCC_APB2PeriphClockCmd                 0x0800113c   Section        0  stm32f10x_rcc.o(i.RCC_APB2PeriphClockCmd)
    i.RCC_DeInit                             0x0800115c   Section        0  stm32f10x_rcc.o(i.RCC_DeInit)
    i.RCC_GetClocksFreq                      0x080011a8   Section        0  stm32f10x_rcc.o(i.RCC_GetClocksFreq)
    i.RCC_GetFlagStatus                      0x0800127c   Section        0  stm32f10x_rcc.o(i.RCC_GetFlagStatus)
    i.RCC_GetSYSCLKSource                    0x080012b8   Section        0  stm32f10x_rcc.o(i.RCC_GetSYSCLKSource)
    i.RCC_HCLKConfig                         0x080012c8   Section        0  stm32f10x_rcc.o(i.RCC_HCLKConfig)
    i.RCC_HSEConfig                          0x080012e0   Section        0  stm32f10x_rcc.o(i.RCC_HSEConfig)
    i.RCC_PCLK1Config                        0x0800132c   Section        0  stm32f10x_rcc.o(i.RCC_PCLK1Config)
    i.RCC_PCLK2Config                        0x08001344   Section        0  stm32f10x_rcc.o(i.RCC_PCLK2Config)
    i.RCC_PLLCmd                             0x0800135c   Section        0  stm32f10x_rcc.o(i.RCC_PLLCmd)
    i.RCC_PLLConfig                          0x08001368   Section        0  stm32f10x_rcc.o(i.RCC_PLLConfig)
    i.RCC_SYSCLKConfig                       0x08001384   Section        0  stm32f10x_rcc.o(i.RCC_SYSCLKConfig)
    i.RCC_WaitForHSEStartUp                  0x0800139c   Section        0  stm32f10x_rcc.o(i.RCC_WaitForHSEStartUp)
    i.RPConnection_Init                      0x080013d4   Section        0  rpconnection.o(i.RPConnection_Init)
    i.Read_from_One                          0x08001488   Section        0  vl53l0x.o(i.Read_from_One)
    i.SendToRaspberryPi                      0x0800149c   Section        0  rpconnection.o(i.SendToRaspberryPi)
    i.ServoInit                              0x080014d0   Section        0  servo.o(i.ServoInit)
    i.ServoPID                               0x08001594   Section        0  pid.o(i.ServoPID)
    i.SetSysClock                            0x080015e4   Section        0  system_stm32f10x.o(i.SetSysClock)
    SetSysClock                              0x080015e5   Thumb Code     8  system_stm32f10x.o(i.SetSysClock)
    i.SetSysClockTo72                        0x080015ec   Section        0  settings.o(i.SetSysClockTo72)
    i.SetSysClockTo72                        0x08001644   Section        0  system_stm32f10x.o(i.SetSysClockTo72)
    SetSysClockTo72                          0x08001645   Thumb Code   214  system_stm32f10x.o(i.SetSysClockTo72)
    i.SysTick_CLKSourceConfig                0x08001724   Section        0  misc.o(i.SysTick_CLKSourceConfig)
    i.SysTick_Handler                        0x0800174c   Section        0  settings.o(i.SysTick_Handler)
    i.SysTick_setting                        0x08001764   Section        0  settings.o(i.SysTick_setting)
    i.SystemInit                             0x08001780   Section        0  system_stm32f10x.o(i.SystemInit)
    i.TIM2_IRQHandler                        0x080017e0   Section        0  main.o(i.TIM2_IRQHandler)
    i.TIMTransmit_IRQ_Init                   0x08001848   Section        0  main.o(i.TIMTransmit_IRQ_Init)
    i.TIM_ClearITPendingBit                  0x080018aa   Section        0  stm32f10x_tim.o(i.TIM_ClearITPendingBit)
    i.TIM_Cmd                                0x080018b0   Section        0  stm32f10x_tim.o(i.TIM_Cmd)
    i.TIM_CtrlPWMOutputs                     0x080018c8   Section        0  stm32f10x_tim.o(i.TIM_CtrlPWMOutputs)
    i.TIM_GetCapture4                        0x080018e6   Section        0  stm32f10x_tim.o(i.TIM_GetCapture4)
    i.TIM_GetITStatus                        0x080018ee   Section        0  stm32f10x_tim.o(i.TIM_GetITStatus)
    i.TIM_ITConfig                           0x08001910   Section        0  stm32f10x_tim.o(i.TIM_ITConfig)
    i.TIM_OC3Init                            0x08001924   Section        0  stm32f10x_tim.o(i.TIM_OC3Init)
    i.TIM_OC3PreloadConfig                   0x080019c4   Section        0  stm32f10x_tim.o(i.TIM_OC3PreloadConfig)
    i.TIM_OC4Init                            0x080019d8   Section        0  stm32f10x_tim.o(i.TIM_OC4Init)
    i.TIM_OC4PreloadConfig                   0x08001a54   Section        0  stm32f10x_tim.o(i.TIM_OC4PreloadConfig)
    i.TIM_OCStructInit                       0x08001a6e   Section        0  stm32f10x_tim.o(i.TIM_OCStructInit)
    i.TIM_SetCompare3                        0x08001a82   Section        0  stm32f10x_tim.o(i.TIM_SetCompare3)
    i.TIM_SetCompare4                        0x08001a86   Section        0  stm32f10x_tim.o(i.TIM_SetCompare4)
    i.TIM_TimeBaseInit                       0x08001a8c   Section        0  stm32f10x_tim.o(i.TIM_TimeBaseInit)
    i.TIM_TimeBaseStructInit                 0x08001b30   Section        0  stm32f10x_tim.o(i.TIM_TimeBaseStructInit)
    i.USART2_IRQHandler                      0x08001b44   Section        0  rpconnection.o(i.USART2_IRQHandler)
    i.USART_Cmd                              0x08001ba4   Section        0  stm32f10x_usart.o(i.USART_Cmd)
    i.USART_GetFlagStatus                    0x08001bbc   Section        0  stm32f10x_usart.o(i.USART_GetFlagStatus)
    i.USART_GetITStatus                      0x08001bd6   Section        0  stm32f10x_usart.o(i.USART_GetITStatus)
    i.USART_ITConfig                         0x08001c2a   Section        0  stm32f10x_usart.o(i.USART_ITConfig)
    i.USART_Init                             0x08001c74   Section        0  stm32f10x_usart.o(i.USART_Init)
    i.USART_ReceiveData                      0x08001d4c   Section        0  stm32f10x_usart.o(i.USART_ReceiveData)
    i.USART_SendData                         0x08001d56   Section        0  stm32f10x_usart.o(i.USART_SendData)
    i.USART_StructInit                       0x08001d5e   Section        0  stm32f10x_usart.o(i.USART_StructInit)
    i.Usart_Init                             0x08001d78   Section        0  usart_debug.o(i.Usart_Init)
    i.VL53L0X_Initialize                     0x08001e08   Section        0  vl53l0x_initialize.o(i.VL53L0X_Initialize)
    i.VL53L0X_decodeTimeout                  0x08001e14   Section        0  vl53l0x.o(i.VL53L0X_decodeTimeout)
    VL53L0X_decodeTimeout                    0x08001e15   Thumb Code    14  vl53l0x.o(i.VL53L0X_decodeTimeout)
    i.VL53L0X_encodeTimeout                  0x08001e22   Section        0  vl53l0x.o(i.VL53L0X_encodeTimeout)
    VL53L0X_encodeTimeout                    0x08001e23   Thumb Code    42  vl53l0x.o(i.VL53L0X_encodeTimeout)
    i.VL53L0X_getMeasurementTimingBudget     0x08001e4c   Section        0  vl53l0x.o(i.VL53L0X_getMeasurementTimingBudget)
    i.VL53L0X_getSequenceStepEnables         0x08001edc   Section        0  vl53l0x.o(i.VL53L0X_getSequenceStepEnables)
    i.VL53L0X_getSequenceStepTimeouts        0x08001f06   Section        0  vl53l0x.o(i.VL53L0X_getSequenceStepTimeouts)
    i.VL53L0X_getSpadInfo                    0x08001f70   Section        0  vl53l0x.o(i.VL53L0X_getSpadInfo)
    i.VL53L0X_getVcselPulsePeriod            0x08002048   Section        0  vl53l0x.o(i.VL53L0X_getVcselPulsePeriod)
    i.VL53L0X_init                           0x08002070   Section        0  vl53l0x.o(i.VL53L0X_init)
    i.VL53L0X_performSingleRefCalibration    0x080024ac   Section        0  vl53l0x.o(i.VL53L0X_performSingleRefCalibration)
    i.VL53L0X_readMulti                      0x080024e8   Section        0  vl53l0x.o(i.VL53L0X_readMulti)
    i.VL53L0X_readRangeContinuousMillimeters 0x08002608   Section        0  vl53l0x.o(i.VL53L0X_readRangeContinuousMillimeters)
    i.VL53L0X_readReg                        0x08002638   Section        0  vl53l0x.o(i.VL53L0X_readReg)
    i.VL53L0X_readReg16Bit                   0x08002754   Section        0  vl53l0x.o(i.VL53L0X_readReg16Bit)
    i.VL53L0X_setAddress                     0x08002878   Section        0  vl53l0x.o(i.VL53L0X_setAddress)
    i.VL53L0X_setMeasurementTimingBudget     0x08002898   Section        0  vl53l0x.o(i.VL53L0X_setMeasurementTimingBudget)
    i.VL53L0X_setSignalRateLimit             0x08002974   Section        0  vl53l0x.o(i.VL53L0X_setSignalRateLimit)
    i.VL53L0X_startContinuous                0x080029c0   Section        0  vl53l0x.o(i.VL53L0X_startContinuous)
    i.VL53L0X_timeoutMclksToMicroseconds     0x08002a2c   Section        0  vl53l0x.o(i.VL53L0X_timeoutMclksToMicroseconds)
    VL53L0X_timeoutMclksToMicroseconds       0x08002a2d   Thumb Code    42  vl53l0x.o(i.VL53L0X_timeoutMclksToMicroseconds)
    i.VL53L0X_timeoutMicrosecondsToMclks     0x08002a56   Section        0  vl53l0x.o(i.VL53L0X_timeoutMicrosecondsToMclks)
    VL53L0X_timeoutMicrosecondsToMclks       0x08002a57   Thumb Code    42  vl53l0x.o(i.VL53L0X_timeoutMicrosecondsToMclks)
    i.VL53L0X_writeMulti                     0x08002a80   Section        0  vl53l0x.o(i.VL53L0X_writeMulti)
    i.VL53L0X_writeReg                       0x08002b34   Section        0  vl53l0x.o(i.VL53L0X_writeReg)
    i.VL53L0X_writeReg16Bit                  0x08002bc8   Section        0  vl53l0x.o(i.VL53L0X_writeReg16Bit)
    i.VL53L0X_writeReg32Bit                  0x08002c7c   Section        0  vl53l0x.o(i.VL53L0X_writeReg32Bit)
    i.delay_ms                               0x08002d30   Section        0  settings.o(i.delay_ms)
    i.getNeededSpeed                         0x08002d94   Section        0  rpconnection.o(i.getNeededSpeed)
    i.inform_error                           0x08002da0   Section        0  settings.o(i.inform_error)
    i.main                                   0x08002da4   Section        0  main.o(i.main)
    i.pid                                    0x08002de0   Section        0  pid.o(i.pid)
    pid                                      0x08002de1   Thumb Code   176  pid.o(i.pid)
    i.readSharp                              0x08002e90   Section        0  sharp.o(i.readSharp)
    i.voltToDistance                         0x08002fd8   Section        0  sharp.o(i.voltToDistance)
    voltToDistance                           0x08002fd9   Thumb Code   552  sharp.o(i.voltToDistance)
    x$fpl$d2f                                0x08003244   Section       98  d2f.o(x$fpl$d2f)
    x$fpl$dadd                               0x080032a8   Section      336  daddsub_clz.o(x$fpl$dadd)
    _dadd1                                   0x080032b9   Thumb Code     0  daddsub_clz.o(x$fpl$dadd)
    x$fpl$dcmpinf                            0x080033f8   Section       24  dcmpi.o(x$fpl$dcmpinf)
    x$fpl$ddiv                               0x08003410   Section      688  ddiv.o(x$fpl$ddiv)
    ddiv_entry                               0x08003417   Thumb Code     0  ddiv.o(x$fpl$ddiv)
    x$fpl$dfix                               0x080036c0   Section       94  dfix.o(x$fpl$dfix)
    x$fpl$dfixu                              0x08003720   Section       90  dfixu.o(x$fpl$dfixu)
    x$fpl$dflt                               0x0800377a   Section       46  dflt_clz.o(x$fpl$dflt)
    x$fpl$dfltu                              0x080037a8   Section       38  dflt_clz.o(x$fpl$dfltu)
    x$fpl$dleqf                              0x080037d0   Section      120  dleqf.o(x$fpl$dleqf)
    x$fpl$dmul                               0x08003848   Section      340  dmul.o(x$fpl$dmul)
    x$fpl$dnaninf                            0x0800399c   Section      156  dnaninf.o(x$fpl$dnaninf)
    x$fpl$dretinf                            0x08003a38   Section       12  dretinf.o(x$fpl$dretinf)
    x$fpl$drleqf                             0x08003a44   Section      108  drleqf.o(x$fpl$drleqf)
    x$fpl$drsb                               0x08003ab0   Section       22  daddsub_clz.o(x$fpl$drsb)
    x$fpl$dsub                               0x08003ac8   Section      468  daddsub_clz.o(x$fpl$dsub)
    _dsub1                                   0x08003ad9   Thumb Code     0  daddsub_clz.o(x$fpl$dsub)
    x$fpl$f2d                                0x08003c9c   Section       86  f2d.o(x$fpl$f2d)
    x$fpl$fadd                               0x08003cf4   Section      196  faddsub_clz.o(x$fpl$fadd)
    _fadd1                                   0x08003d03   Thumb Code     0  faddsub_clz.o(x$fpl$fadd)
    x$fpl$fcmpinf                            0x08003db8   Section       24  fcmpi.o(x$fpl$fcmpinf)
    x$fpl$fdiv                               0x08003dd0   Section      388  fdiv.o(x$fpl$fdiv)
    _fdiv1                                   0x08003dd1   Thumb Code     0  fdiv.o(x$fpl$fdiv)
    x$fpl$ffixu                              0x08003f54   Section       62  ffixu.o(x$fpl$ffixu)
    x$fpl$fleqf                              0x08003f94   Section      104  fleqf.o(x$fpl$fleqf)
    x$fpl$fmul                               0x08003ffc   Section      258  fmul.o(x$fpl$fmul)
    x$fpl$fnaninf                            0x080040fe   Section      140  fnaninf.o(x$fpl$fnaninf)
    x$fpl$fretinf                            0x0800418a   Section       10  fretinf.o(x$fpl$fretinf)
    x$fpl$frleqf                             0x08004194   Section       98  frleqf.o(x$fpl$frleqf)
    x$fpl$fsub                               0x080041f8   Section      234  faddsub_clz.o(x$fpl$fsub)
    _fsub1                                   0x08004207   Thumb Code     0  faddsub_clz.o(x$fpl$fsub)
    x$fpl$usenofp                            0x080042e2   Section        0  usenofp.o(x$fpl$usenofp)
    .data                                    0x20000000   Section        4  settings.o(.data)
    delay_ms_count                           0x20000000   Data           4  settings.o(.data)
    .data                                    0x20000004   Section       16  main.o(.data)
    .data                                    0x20000014   Section        4  engine.o(.data)
    speedNow                                 0x20000014   Data           1  engine.o(.data)
    Speed                                    0x20000016   Data           2  engine.o(.data)
    .data                                    0x20000018   Section        1  sharp.o(.data)
    times                                    0x20000018   Data           1  sharp.o(.data)
    .data                                    0x20000020   Section       32  pid.o(.data)
    Servo_previousI                          0x20000020   Data           8  pid.o(.data)
    Servo_previousError                      0x20000028   Data           8  pid.o(.data)
    Engine_previousI                         0x20000030   Data           8  pid.o(.data)
    Engine_previousError                     0x20000038   Data           8  pid.o(.data)
    .data                                    0x20000040   Section        9  rpconnection.o(.data)
    angle                                    0x20000040   Data           1  rpconnection.o(.data)
    speed                                    0x20000041   Data           1  rpconnection.o(.data)
    speed_v2                                 0x20000044   Data           4  rpconnection.o(.data)
    pos                                      0x20000048   Data           1  rpconnection.o(.data)
    .data                                    0x20000049   Section       20  stm32f10x_rcc.o(.data)
    APBAHBPrescTable                         0x20000049   Data          16  stm32f10x_rcc.o(.data)
    ADCPrescTable                            0x20000059   Data           4  stm32f10x_rcc.o(.data)
    .data                                    0x20000060   Section       20  system_stm32f10x.o(.data)
    .bss                                     0x20000074   Section       60  sharp.o(.bss)
    sharps                                   0x20000074   Data          60  sharp.o(.bss)
    .bss                                     0x200000b0   Section       20  vl53l0x.o(.bss)
    .bss                                     0x200000c4   Section       96  libspace.o(.bss)
    HEAP                                     0x20000128   Section      512  startup_stm32f10x_md.o(HEAP)
    Heap_Mem                                 0x20000128   Data         512  startup_stm32f10x_md.o(HEAP)
    STACK                                    0x20000328   Section     1024  startup_stm32f10x_md.o(STACK)
    Stack_Mem                                0x20000328   Data        1024  startup_stm32f10x_md.o(STACK)
    __initial_sp                             0x20000728   Data           0  startup_stm32f10x_md.o(STACK)

    Global Symbols

    Symbol Name                              Value     Ov Type        Size  Object(Section)

    BuildAttributes$$THM_ISAv4$P$D$K$B$S$PE$A:L22UL41UL21$X:L11$S22US41US21$IEEE1$IW$USESV6$~STKCKD$USESV7$~SHL$OTIME$ROPI$IEEEJ$EBA8$UX$STANDARDLIB$REQ8$PRES8$EABIv2 0x00000000   Number         0  anon$$obj.o ABSOLUTE
    __ARM_use_no_argv                        0x00000000   Number         0  main.o ABSOLUTE
    _printf_flags                            0x00000000   Number         0  printf_stubs.o ABSOLUTE
    _printf_return_value                     0x00000000   Number         0  printf_stubs.o ABSOLUTE
    _printf_sizespec                         0x00000000   Number         0  printf_stubs.o ABSOLUTE
    _printf_widthprec                        0x00000000   Number         0  printf_stubs.o ABSOLUTE
    __ARM_exceptions_init                     - Undefined Weak Reference
    __alloca_initialize                       - Undefined Weak Reference
    __arm_preinit_                            - Undefined Weak Reference
    __cpp_initialize__aeabi_                  - Undefined Weak Reference
    __cxa_finalize                            - Undefined Weak Reference
    __sigvec_lookup                           - Undefined Weak Reference
    _atexit_init                              - Undefined Weak Reference
    _call_atexit_fns                          - Undefined Weak Reference
    _clock_init                               - Undefined Weak Reference
    _fp_trap_init                             - Undefined Weak Reference
    _fp_trap_shutdown                         - Undefined Weak Reference
    _get_lc_collate                           - Undefined Weak Reference
    _get_lc_ctype                             - Undefined Weak Reference
    _get_lc_monetary                          - Undefined Weak Reference
    _get_lc_time                              - Undefined Weak Reference
    _getenv_init                              - Undefined Weak Reference
    _handle_redirection                       - Undefined Weak Reference
    _init_alloc                               - Undefined Weak Reference
    _init_user_alloc                          - Undefined Weak Reference
    _initio                                   - Undefined Weak Reference
    _printf_post_padding                      - Undefined Weak Reference
    _printf_pre_padding                       - Undefined Weak Reference
    _printf_truncate_signed                   - Undefined Weak Reference
    _printf_truncate_unsigned                 - Undefined Weak Reference
    _rand_init                                - Undefined Weak Reference
    _signal_finish                            - Undefined Weak Reference
    _signal_init                              - Undefined Weak Reference
    _terminate_alloc                          - Undefined Weak Reference
    _terminate_user_alloc                     - Undefined Weak Reference
    _terminateio                              - Undefined Weak Reference
    __Vectors_Size                           0x000000ec   Number         0  startup_stm32f10x_md.o ABSOLUTE
    __Vectors                                0x08000000   Data           4  startup_stm32f10x_md.o(RESET)
    __Vectors_End                            0x080000ec   Data           0  startup_stm32f10x_md.o(RESET)
    __main                                   0x080000ed   Thumb Code     8  __main.o(!!!main)
    __scatterload                            0x080000f5   Thumb Code     0  __scatter.o(!!!scatter)
    __scatterload_rt2                        0x080000f5   Thumb Code    44  __scatter.o(!!!scatter)
    __scatterload_rt2_thumb_only             0x080000f5   Thumb Code     0  __scatter.o(!!!scatter)
    __scatterload_null                       0x08000103   Thumb Code     0  __scatter.o(!!!scatter)
    __scatterload_copy                       0x08000129   Thumb Code    26  __scatter_copy.o(!!handler_copy)
    __scatterload_zeroinit                   0x08000145   Thumb Code    28  __scatter_zi.o(!!handler_zi)
    __rt_lib_init                            0x08000161   Thumb Code     0  libinit.o(.ARM.Collect$$libinit$$00000000)
    __rt_lib_init_alloca_1                   0x08000163   Thumb Code     0  libinit2.o(.ARM.Collect$$libinit$$0000002E)
    __rt_lib_init_argv_1                     0x08000163   Thumb Code     0  libinit2.o(.ARM.Collect$$libinit$$0000002C)
    __rt_lib_init_atexit_1                   0x08000163   Thumb Code     0  libinit2.o(.ARM.Collect$$libinit$$0000001B)
    __rt_lib_init_clock_1                    0x08000163   Thumb Code     0  libinit2.o(.ARM.Collect$$libinit$$00000021)
    __rt_lib_init_cpp_1                      0x08000163   Thumb Code     0  libinit2.o(.ARM.Collect$$libinit$$00000032)
    __rt_lib_init_exceptions_1               0x08000163   Thumb Code     0  libinit2.o(.ARM.Collect$$libinit$$00000030)
    __rt_lib_init_fp_1                       0x08000163   Thumb Code     0  libinit2.o(.ARM.Collect$$libinit$$00000002)
    __rt_lib_init_fp_trap_1                  0x08000163   Thumb Code     0  libinit2.o(.ARM.Collect$$libinit$$0000001F)
    __rt_lib_init_getenv_1                   0x08000163   Thumb Code     0  libinit2.o(.ARM.Collect$$libinit$$00000023)
    __rt_lib_init_heap_1                     0x08000163   Thumb Code     0  libinit2.o(.ARM.Collect$$libinit$$0000000A)
    __rt_lib_init_lc_collate_1               0x08000163   Thumb Code     0  libinit2.o(.ARM.Collect$$libinit$$00000011)
    __rt_lib_init_lc_ctype_1                 0x08000163   Thumb Code     0  libinit2.o(.ARM.Collect$$libinit$$00000013)
    __rt_lib_init_lc_monetary_1              0x08000163   Thumb Code     0  libinit2.o(.ARM.Collect$$libinit$$00000015)
    __rt_lib_init_lc_numeric_1               0x08000163   Thumb Code     0  libinit2.o(.ARM.Collect$$libinit$$00000017)
    __rt_lib_init_lc_time_1                  0x08000163   Thumb Code     0  libinit2.o(.ARM.Collect$$libinit$$00000019)
    __rt_lib_init_preinit_1                  0x08000163   Thumb Code     0  libinit2.o(.ARM.Collect$$libinit$$00000004)
    __rt_lib_init_rand_1                     0x08000163   Thumb Code     0  libinit2.o(.ARM.Collect$$libinit$$0000000E)
    __rt_lib_init_return                     0x08000163   Thumb Code     0  libinit2.o(.ARM.Collect$$libinit$$00000033)
    __rt_lib_init_signal_1                   0x08000163   Thumb Code     0  libinit2.o(.ARM.Collect$$libinit$$0000001D)
    __rt_lib_init_stdio_1                    0x08000163   Thumb Code     0  libinit2.o(.ARM.Collect$$libinit$$00000025)
    __rt_lib_init_user_alloc_1               0x08000163   Thumb Code     0  libinit2.o(.ARM.Collect$$libinit$$0000000C)
    __rt_lib_shutdown                        0x08000165   Thumb Code     0  libshutdown.o(.ARM.Collect$$libshutdown$$00000000)
    __rt_lib_shutdown_cpp_1                  0x08000167   Thumb Code     0  libshutdown2.o(.ARM.Collect$$libshutdown$$00000002)
    __rt_lib_shutdown_fp_trap_1              0x08000167   Thumb Code     0  libshutdown2.o(.ARM.Collect$$libshutdown$$00000007)
    __rt_lib_shutdown_heap_1                 0x08000167   Thumb Code     0  libshutdown2.o(.ARM.Collect$$libshutdown$$0000000F)
    __rt_lib_shutdown_return                 0x08000167   Thumb Code     0  libshutdown2.o(.ARM.Collect$$libshutdown$$00000010)
    __rt_lib_shutdown_signal_1               0x08000167   Thumb Code     0  libshutdown2.o(.ARM.Collect$$libshutdown$$0000000A)
    __rt_lib_shutdown_stdio_1                0x08000167   Thumb Code     0  libshutdown2.o(.ARM.Collect$$libshutdown$$00000004)
    __rt_lib_shutdown_user_alloc_1           0x08000167   Thumb Code     0  libshutdown2.o(.ARM.Collect$$libshutdown$$0000000C)
    __rt_entry                               0x08000169   Thumb Code     0  __rtentry.o(.ARM.Collect$$rtentry$$00000000)
    __rt_entry_presh_1                       0x08000169   Thumb Code     0  __rtentry2.o(.ARM.Collect$$rtentry$$00000002)
    __rt_entry_sh                            0x08000169   Thumb Code     0  __rtentry4.o(.ARM.Collect$$rtentry$$00000004)
    __rt_entry_li                            0x0800016f   Thumb Code     0  __rtentry2.o(.ARM.Collect$$rtentry$$0000000A)
    __rt_entry_postsh_1                      0x0800016f   Thumb Code     0  __rtentry2.o(.ARM.Collect$$rtentry$$00000009)
    __rt_entry_main                          0x08000173   Thumb Code     0  __rtentry2.o(.ARM.Collect$$rtentry$$0000000D)
    __rt_entry_postli_1                      0x08000173   Thumb Code     0  __rtentry2.o(.ARM.Collect$$rtentry$$0000000C)
    __rt_exit                                0x0800017b   Thumb Code     0  rtexit.o(.ARM.Collect$$rtexit$$00000000)
    __rt_exit_ls                             0x0800017d   Thumb Code     0  rtexit2.o(.ARM.Collect$$rtexit$$00000003)
    __rt_exit_prels_1                        0x0800017d   Thumb Code     0  rtexit2.o(.ARM.Collect$$rtexit$$00000002)
    __rt_exit_exit                           0x08000181   Thumb Code     0  rtexit2.o(.ARM.Collect$$rtexit$$00000004)
    Reset_Handler                            0x08000189   Thumb Code     8  startup_stm32f10x_md.o(.text)
    NMI_Handler                              0x08000191   Thumb Code     2  startup_stm32f10x_md.o(.text)
    HardFault_Handler                        0x08000193   Thumb Code     2  startup_stm32f10x_md.o(.text)
    MemManage_Handler                        0x08000195   Thumb Code     2  startup_stm32f10x_md.o(.text)
    BusFault_Handler                         0x08000197   Thumb Code     2  startup_stm32f10x_md.o(.text)
    UsageFault_Handler                       0x08000199   Thumb Code     2  startup_stm32f10x_md.o(.text)
    SVC_Handler                              0x0800019b   Thumb Code     2  startup_stm32f10x_md.o(.text)
    DebugMon_Handler                         0x0800019d   Thumb Code     2  startup_stm32f10x_md.o(.text)
    PendSV_Handler                           0x0800019f   Thumb Code     2  startup_stm32f10x_md.o(.text)
    ADC1_2_IRQHandler                        0x080001a3   Thumb Code     0  startup_stm32f10x_md.o(.text)
    CAN1_RX1_IRQHandler                      0x080001a3   Thumb Code     0  startup_stm32f10x_md.o(.text)
    CAN1_SCE_IRQHandler                      0x080001a3   Thumb Code     0  startup_stm32f10x_md.o(.text)
    EXTI0_IRQHandler                         0x080001a3   Thumb Code     0  startup_stm32f10x_md.o(.text)
    EXTI1_IRQHandler                         0x080001a3   Thumb Code     0  startup_stm32f10x_md.o(.text)
    EXTI2_IRQHandler                         0x080001a3   Thumb Code     0  startup_stm32f10x_md.o(.text)
    EXTI3_IRQHandler                         0x080001a3   Thumb Code     0  startup_stm32f10x_md.o(.text)
    EXTI4_IRQHandler                         0x080001a3   Thumb Code     0  startup_stm32f10x_md.o(.text)
    EXTI9_5_IRQHandler                       0x080001a3   Thumb Code     0  startup_stm32f10x_md.o(.text)
    FLASH_IRQHandler                         0x080001a3   Thumb Code     0  startup_stm32f10x_md.o(.text)
    I2C1_ER_IRQHandler                       0x080001a3   Thumb Code     0  startup_stm32f10x_md.o(.text)
    I2C1_EV_IRQHandler                       0x080001a3   Thumb Code     0  startup_stm32f10x_md.o(.text)
    I2C2_ER_IRQHandler                       0x080001a3   Thumb Code     0  startup_stm32f10x_md.o(.text)
    I2C2_EV_IRQHandler                       0x080001a3   Thumb Code     0  startup_stm32f10x_md.o(.text)
    PVD_IRQHandler                           0x080001a3   Thumb Code     0  startup_stm32f10x_md.o(.text)
    RCC_IRQHandler                           0x080001a3   Thumb Code     0  startup_stm32f10x_md.o(.text)
    RTCAlarm_IRQHandler                      0x080001a3   Thumb Code     0  startup_stm32f10x_md.o(.text)
    RTC_IRQHandler                           0x080001a3   Thumb Code     0  startup_stm32f10x_md.o(.text)
    SPI1_IRQHandler                          0x080001a3   Thumb Code     0  startup_stm32f10x_md.o(.text)
    SPI2_IRQHandler                          0x080001a3   Thumb Code     0  startup_stm32f10x_md.o(.text)
    TAMPER_IRQHandler                        0x080001a3   Thumb Code     0  startup_stm32f10x_md.o(.text)
    TIM1_BRK_IRQHandler                      0x080001a3   Thumb Code     0  startup_stm32f10x_md.o(.text)
    TIM1_CC_IRQHandler                       0x080001a3   Thumb Code     0  startup_stm32f10x_md.o(.text)
    TIM1_TRG_COM_IRQHandler                  0x080001a3   Thumb Code     0  startup_stm32f10x_md.o(.text)
    TIM1_UP_IRQHandler                       0x080001a3   Thumb Code     0  startup_stm32f10x_md.o(.text)
    TIM3_IRQHandler                          0x080001a3   Thumb Code     0  startup_stm32f10x_md.o(.text)
    TIM4_IRQHandler                          0x080001a3   Thumb Code     0  startup_stm32f10x_md.o(.text)
    USART1_IRQHandler                        0x080001a3   Thumb Code     0  startup_stm32f10x_md.o(.text)
    USART3_IRQHandler                        0x080001a3   Thumb Code     0  startup_stm32f10x_md.o(.text)
    USBWakeUp_IRQHandler                     0x080001a3   Thumb Code     0  startup_stm32f10x_md.o(.text)
    USB_HP_CAN1_TX_IRQHandler                0x080001a3   Thumb Code     0  startup_stm32f10x_md.o(.text)
    USB_LP_CAN1_RX0_IRQHandler               0x080001a3   Thumb Code     0  startup_stm32f10x_md.o(.text)
    WWDG_IRQHandler                          0x080001a3   Thumb Code     0  startup_stm32f10x_md.o(.text)
    __user_initial_stackheap                 0x080001a5   Thumb Code     0  startup_stm32f10x_md.o(.text)
    __use_two_region_memory                  0x080001c9   Thumb Code     2  heapauxi.o(.text)
    __rt_heap_escrow$2region                 0x080001cb   Thumb Code     2  heapauxi.o(.text)
    __rt_heap_expand$2region                 0x080001cd   Thumb Code     2  heapauxi.o(.text)
    __user_libspace                          0x080001d1   Thumb Code     8  libspace.o(.text)
    __user_perproc_libspace                  0x080001d1   Thumb Code     0  libspace.o(.text)
    __user_perthread_libspace                0x080001d1   Thumb Code     0  libspace.o(.text)
    __user_setup_stackheap                   0x080001d9   Thumb Code    74  sys_stackheap_outer.o(.text)
    exit                                     0x08000223   Thumb Code    18  exit.o(.text)
    _sys_exit                                0x08000235   Thumb Code     8  sys_exit.o(.text)
    __I$use$semihosting                      0x08000241   Thumb Code     0  use_no_semi.o(.text)
    __use_no_semihosting_swi                 0x08000241   Thumb Code     2  use_no_semi.o(.text)
    ADC_AutoInjectedConvCmd                  0x08000243   Thumb Code    22  stm32f10x_adc.o(i.ADC_AutoInjectedConvCmd)
    __semihosting_library_function           0x08000243   Thumb Code     0  indicate_semi.o(.text)
    ADC_Cmd                                  0x08000259   Thumb Code    22  stm32f10x_adc.o(i.ADC_Cmd)
    ADC_ExternalTrigInjectedConvConfig       0x0800026f   Thumb Code    16  stm32f10x_adc.o(i.ADC_ExternalTrigInjectedConvConfig)
    ADC_GetCalibrationStatus                 0x0800027f   Thumb Code    20  stm32f10x_adc.o(i.ADC_GetCalibrationStatus)
    ADC_GetInjectedConversionValue           0x08000293   Thumb Code    28  stm32f10x_adc.o(i.ADC_GetInjectedConversionValue)
    ADC_GetResetCalibrationStatus            0x080002af   Thumb Code    20  stm32f10x_adc.o(i.ADC_GetResetCalibrationStatus)
    ADC_Init                                 0x080002c5   Thumb Code    70  stm32f10x_adc.o(i.ADC_Init)
    ADC_InjectedChannelConfig                0x08000315   Thumb Code   130  stm32f10x_adc.o(i.ADC_InjectedChannelConfig)
    ADC_InjectedSequencerLengthConfig        0x08000397   Thumb Code    24  stm32f10x_adc.o(i.ADC_InjectedSequencerLengthConfig)
    ADC_ResetCalibration                     0x080003af   Thumb Code    10  stm32f10x_adc.o(i.ADC_ResetCalibration)
    ADC_SoftwareStartInjectedConvCmd         0x080003b9   Thumb Code    22  stm32f10x_adc.o(i.ADC_SoftwareStartInjectedConvCmd)
    ADC_StartCalibration                     0x080003cf   Thumb Code    10  stm32f10x_adc.o(i.ADC_StartCalibration)
    ChangeAngle                              0x08000415   Thumb Code   106  servo.o(i.ChangeAngle)
    ChangeSpeed                              0x08000495   Thumb Code   300  engine.o(i.ChangeSpeed)
    DMA1_Channel1_Event                      0x080005e9   Thumb Code     2  dma_stm32f10x.o(i.DMA1_Channel1_Event)
    DMA1_Channel1_IRQHandler                 0x080005ed   Thumb Code    22  dma_stm32f10x.o(i.DMA1_Channel1_IRQHandler)
    DMA1_Channel2_Event                      0x08000609   Thumb Code     2  dma_stm32f10x.o(i.DMA1_Channel2_Event)
    DMA1_Channel2_IRQHandler                 0x0800060d   Thumb Code    24  dma_stm32f10x.o(i.DMA1_Channel2_IRQHandler)
    DMA1_Channel3_Event                      0x08000629   Thumb Code     2  dma_stm32f10x.o(i.DMA1_Channel3_Event)
    DMA1_Channel3_IRQHandler                 0x0800062d   Thumb Code    24  dma_stm32f10x.o(i.DMA1_Channel3_IRQHandler)
    DMA1_Channel4_Event                      0x08000649   Thumb Code     2  dma_stm32f10x.o(i.DMA1_Channel4_Event)
    DMA1_Channel4_IRQHandler                 0x0800064d   Thumb Code    24  dma_stm32f10x.o(i.DMA1_Channel4_IRQHandler)
    DMA1_Channel5_Event                      0x08000669   Thumb Code     2  dma_stm32f10x.o(i.DMA1_Channel5_Event)
    DMA1_Channel5_IRQHandler                 0x0800066d   Thumb Code    24  dma_stm32f10x.o(i.DMA1_Channel5_IRQHandler)
    DMA1_Channel6_Event                      0x08000689   Thumb Code     2  dma_stm32f10x.o(i.DMA1_Channel6_Event)
    DMA1_Channel6_IRQHandler                 0x0800068d   Thumb Code    24  dma_stm32f10x.o(i.DMA1_Channel6_IRQHandler)
    DMA1_Channel7_Event                      0x080006a9   Thumb Code     2  dma_stm32f10x.o(i.DMA1_Channel7_Event)
    DMA1_Channel7_IRQHandler                 0x080006ad   Thumb Code    24  dma_stm32f10x.o(i.DMA1_Channel7_IRQHandler)
    EXTI15_10_IRQHandler                     0x080006c9   Thumb Code    32  engine.o(i.EXTI15_10_IRQHandler)
    EXTI_ClearITPendingBit                   0x080006ed   Thumb Code     6  stm32f10x_exti.o(i.EXTI_ClearITPendingBit)
    EXTI_GetITStatus                         0x080006f9   Thumb Code    34  stm32f10x_exti.o(i.EXTI_GetITStatus)
    EXTI_Init                                0x08000721   Thumb Code   142  stm32f10x_exti.o(i.EXTI_Init)
    EXTI_StructInit                          0x080007b5   Thumb Code    16  stm32f10x_exti.o(i.EXTI_StructInit)
    EngineInit                               0x080007c5   Thumb Code   166  engine.o(i.EngineInit)
    EnginePID                                0x08000875   Thumb Code    70  pid.o(i.EnginePID)
    GPIO_EXTILineConfig                      0x080008c5   Thumb Code    60  stm32f10x_gpio.o(i.GPIO_EXTILineConfig)
    GPIO_Init                                0x08000905   Thumb Code   278  stm32f10x_gpio.o(i.GPIO_Init)
    GPIO_PinRemapConfig                      0x08000a1d   Thumb Code   138  stm32f10x_gpio.o(i.GPIO_PinRemapConfig)
    GPIO_ResetBits                           0x08000aad   Thumb Code     4  stm32f10x_gpio.o(i.GPIO_ResetBits)
    GPIO_SetBits                             0x08000ab1   Thumb Code     4  stm32f10x_gpio.o(i.GPIO_SetBits)
    GPIO_StructInit                          0x08000ab5   Thumb Code    16  stm32f10x_gpio.o(i.GPIO_StructInit)
    GetAngle                                 0x08000b35   Thumb Code    52  servo.o(i.GetAngle)
    I2C_AcknowledgeConfig                    0x08000be5   Thumb Code    24  stm32f10x_i2c.o(i.I2C_AcknowledgeConfig)
    I2C_CheckEvent                           0x08000bfd   Thumb Code    42  stm32f10x_i2c.o(i.I2C_CheckEvent)
    I2C_Cmd                                  0x08000c27   Thumb Code    24  stm32f10x_i2c.o(i.I2C_Cmd)
    I2C_DeInit                               0x08000c41   Thumb Code    50  stm32f10x_i2c.o(i.I2C_DeInit)
    I2C_GenerateSTART                        0x08000c79   Thumb Code    24  stm32f10x_i2c.o(i.I2C_GenerateSTART)
    I2C_GenerateSTOP                         0x08000c91   Thumb Code    24  stm32f10x_i2c.o(i.I2C_GenerateSTOP)
    I2C_GetFlagStatus                        0x08000ca9   Thumb Code    58  stm32f10x_i2c.o(i.I2C_GetFlagStatus)
    I2C_Init                                 0x08000ce5   Thumb Code   222  stm32f10x_i2c.o(i.I2C_Init)
    I2C_ReceiveData                          0x08000dd1   Thumb Code     8  stm32f10x_i2c.o(i.I2C_ReceiveData)
    I2C_Send7bitAddress                      0x08000dd9   Thumb Code    18  stm32f10x_i2c.o(i.I2C_Send7bitAddress)
    I2C_SendData                             0x08000deb   Thumb Code     4  stm32f10x_i2c.o(i.I2C_SendData)
    InitSharp                                0x08000df1   Thumb Code   204  sharp.o(i.InitSharp)
    NVIC_Init                                0x08000ec5   Thumb Code   100  misc.o(i.NVIC_Init)
    NVIC_PriorityGroupConfig                 0x08000f35   Thumb Code    10  misc.o(i.NVIC_PriorityGroupConfig)
    OptronInit                               0x08000f71   Thumb Code   122  engine.o(i.OptronInit)
    ProximitySensors_Init                    0x08000ff1   Thumb Code   176  proximitysensors.o(i.ProximitySensors_Init)
    ProximitySensors_Read                    0x080010a9   Thumb Code    60  proximitysensors.o(i.ProximitySensors_Read)
    RCC_ADCCLKConfig                         0x080010e5   Thumb Code    18  stm32f10x_rcc.o(i.RCC_ADCCLKConfig)
    RCC_APB1PeriphClockCmd                   0x080010fd   Thumb Code    26  stm32f10x_rcc.o(i.RCC_APB1PeriphClockCmd)
    RCC_APB1PeriphResetCmd                   0x0800111d   Thumb Code    26  stm32f10x_rcc.o(i.RCC_APB1PeriphResetCmd)
    RCC_APB2PeriphClockCmd                   0x0800113d   Thumb Code    26  stm32f10x_rcc.o(i.RCC_APB2PeriphClockCmd)
    RCC_DeInit                               0x0800115d   Thumb Code    64  stm32f10x_rcc.o(i.RCC_DeInit)
    RCC_GetClocksFreq                        0x080011a9   Thumb Code   192  stm32f10x_rcc.o(i.RCC_GetClocksFreq)
    RCC_GetFlagStatus                        0x0800127d   Thumb Code    56  stm32f10x_rcc.o(i.RCC_GetFlagStatus)
    RCC_GetSYSCLKSource                      0x080012b9   Thumb Code    10  stm32f10x_rcc.o(i.RCC_GetSYSCLKSource)
    RCC_HCLKConfig                           0x080012c9   Thumb Code    18  stm32f10x_rcc.o(i.RCC_HCLKConfig)
    RCC_HSEConfig                            0x080012e1   Thumb Code    70  stm32f10x_rcc.o(i.RCC_HSEConfig)
    RCC_PCLK1Config                          0x0800132d   Thumb Code    18  stm32f10x_rcc.o(i.RCC_PCLK1Config)
    RCC_PCLK2Config                          0x08001345   Thumb Code    20  stm32f10x_rcc.o(i.RCC_PCLK2Config)
    RCC_PLLCmd                               0x0800135d   Thumb Code     6  stm32f10x_rcc.o(i.RCC_PLLCmd)
    RCC_PLLConfig                            0x08001369   Thumb Code    24  stm32f10x_rcc.o(i.RCC_PLLConfig)
    RCC_SYSCLKConfig                         0x08001385   Thumb Code    18  stm32f10x_rcc.o(i.RCC_SYSCLKConfig)
    RCC_WaitForHSEStartUp                    0x0800139d   Thumb Code    56  stm32f10x_rcc.o(i.RCC_WaitForHSEStartUp)
    RPConnection_Init                        0x080013d5   Thumb Code   170  rpconnection.o(i.RPConnection_Init)
    Read_from_One                            0x08001489   Thumb Code    14  vl53l0x.o(i.Read_from_One)
    SendToRaspberryPi                        0x0800149d   Thumb Code    48  rpconnection.o(i.SendToRaspberryPi)
    ServoInit                                0x080014d1   Thumb Code   188  servo.o(i.ServoInit)
    ServoPID                                 0x08001595   Thumb Code    70  pid.o(i.ServoPID)
    SetSysClockTo72                          0x080015ed   Thumb Code    88  settings.o(i.SetSysClockTo72)
    SysTick_CLKSourceConfig                  0x08001725   Thumb Code    40  misc.o(i.SysTick_CLKSourceConfig)
    SysTick_Handler                          0x0800174d   Thumb Code    18  settings.o(i.SysTick_Handler)
    SysTick_setting                          0x08001765   Thumb Code    26  settings.o(i.SysTick_setting)
    SystemInit                               0x08001781   Thumb Code    78  system_stm32f10x.o(i.SystemInit)
    TIM2_IRQHandler                          0x080017e1   Thumb Code    96  main.o(i.TIM2_IRQHandler)
    TIMTransmit_IRQ_Init                     0x08001849   Thumb Code    98  main.o(i.TIMTransmit_IRQ_Init)
    TIM_ClearITPendingBit                    0x080018ab   Thumb Code     6  stm32f10x_tim.o(i.TIM_ClearITPendingBit)
    TIM_Cmd                                  0x080018b1   Thumb Code    24  stm32f10x_tim.o(i.TIM_Cmd)
    TIM_CtrlPWMOutputs                       0x080018c9   Thumb Code    30  stm32f10x_tim.o(i.TIM_CtrlPWMOutputs)
    TIM_GetCapture4                          0x080018e7   Thumb Code     8  stm32f10x_tim.o(i.TIM_GetCapture4)
    TIM_GetITStatus                          0x080018ef   Thumb Code    34  stm32f10x_tim.o(i.TIM_GetITStatus)
    TIM_ITConfig                             0x08001911   Thumb Code    18  stm32f10x_tim.o(i.TIM_ITConfig)
    TIM_OC3Init                              0x08001925   Thumb Code   150  stm32f10x_tim.o(i.TIM_OC3Init)
    TIM_OC3PreloadConfig                     0x080019c5   Thumb Code    18  stm32f10x_tim.o(i.TIM_OC3PreloadConfig)
    TIM_OC4Init                              0x080019d9   Thumb Code   114  stm32f10x_tim.o(i.TIM_OC4Init)
    TIM_OC4PreloadConfig                     0x08001a55   Thumb Code    26  stm32f10x_tim.o(i.TIM_OC4PreloadConfig)
    TIM_OCStructInit                         0x08001a6f   Thumb Code    20  stm32f10x_tim.o(i.TIM_OCStructInit)
    TIM_SetCompare3                          0x08001a83   Thumb Code     4  stm32f10x_tim.o(i.TIM_SetCompare3)
    TIM_SetCompare4                          0x08001a87   Thumb Code     6  stm32f10x_tim.o(i.TIM_SetCompare4)
    TIM_TimeBaseInit                         0x08001a8d   Thumb Code   122  stm32f10x_tim.o(i.TIM_TimeBaseInit)
    TIM_TimeBaseStructInit                   0x08001b31   Thumb Code    18  stm32f10x_tim.o(i.TIM_TimeBaseStructInit)
    USART2_IRQHandler                        0x08001b45   Thumb Code    80  rpconnection.o(i.USART2_IRQHandler)
    USART_Cmd                                0x08001ba5   Thumb Code    24  stm32f10x_usart.o(i.USART_Cmd)
    USART_GetFlagStatus                      0x08001bbd   Thumb Code    26  stm32f10x_usart.o(i.USART_GetFlagStatus)
    USART_GetITStatus                        0x08001bd7   Thumb Code    84  stm32f10x_usart.o(i.USART_GetITStatus)
    USART_ITConfig                           0x08001c2b   Thumb Code    74  stm32f10x_usart.o(i.USART_ITConfig)
    USART_Init                               0x08001c75   Thumb Code   210  stm32f10x_usart.o(i.USART_Init)
    USART_ReceiveData                        0x08001d4d   Thumb Code    10  stm32f10x_usart.o(i.USART_ReceiveData)
    USART_SendData                           0x08001d57   Thumb Code     8  stm32f10x_usart.o(i.USART_SendData)
    USART_StructInit                         0x08001d5f   Thumb Code    24  stm32f10x_usart.o(i.USART_StructInit)
    Usart_Init                               0x08001d79   Thumb Code   134  usart_debug.o(i.Usart_Init)
    VL53L0X_Initialize                       0x08001e09   Thumb Code    12  vl53l0x_initialize.o(i.VL53L0X_Initialize)
    VL53L0X_getMeasurementTimingBudget       0x08001e4d   Thumb Code   138  vl53l0x.o(i.VL53L0X_getMeasurementTimingBudget)
    VL53L0X_getSequenceStepEnables           0x08001edd   Thumb Code    42  vl53l0x.o(i.VL53L0X_getSequenceStepEnables)
    VL53L0X_getSequenceStepTimeouts          0x08001f07   Thumb Code   104  vl53l0x.o(i.VL53L0X_getSequenceStepTimeouts)
    VL53L0X_getSpadInfo                      0x08001f71   Thumb Code   212  vl53l0x.o(i.VL53L0X_getSpadInfo)
    VL53L0X_getVcselPulsePeriod              0x08002049   Thumb Code    38  vl53l0x.o(i.VL53L0X_getVcselPulsePeriod)
    VL53L0X_init                             0x08002071   Thumb Code  1084  vl53l0x.o(i.VL53L0X_init)
    VL53L0X_performSingleRefCalibration      0x080024ad   Thumb Code    56  vl53l0x.o(i.VL53L0X_performSingleRefCalibration)
    VL53L0X_readMulti                        0x080024e9   Thumb Code   266  vl53l0x.o(i.VL53L0X_readMulti)
    VL53L0X_readRangeContinuousMillimeters   0x08002609   Thumb Code    44  vl53l0x.o(i.VL53L0X_readRangeContinuousMillimeters)
    VL53L0X_readReg                          0x08002639   Thumb Code   262  vl53l0x.o(i.VL53L0X_readReg)
    VL53L0X_readReg16Bit                     0x08002755   Thumb Code   270  vl53l0x.o(i.VL53L0X_readReg16Bit)
    VL53L0X_setAddress                       0x08002879   Thumb Code    26  vl53l0x.o(i.VL53L0X_setAddress)
    VL53L0X_setMeasurementTimingBudget       0x08002899   Thumb Code   214  vl53l0x.o(i.VL53L0X_setMeasurementTimingBudget)
    VL53L0X_setSignalRateLimit               0x08002975   Thumb Code    66  vl53l0x.o(i.VL53L0X_setSignalRateLimit)
    VL53L0X_startContinuous                  0x080029c1   Thumb Code   104  vl53l0x.o(i.VL53L0X_startContinuous)
    VL53L0X_writeMulti                       0x08002a81   Thumb Code   158  vl53l0x.o(i.VL53L0X_writeMulti)
    VL53L0X_writeReg                         0x08002b35   Thumb Code   126  vl53l0x.o(i.VL53L0X_writeReg)
    VL53L0X_writeReg16Bit                    0x08002bc9   Thumb Code   158  vl53l0x.o(i.VL53L0X_writeReg16Bit)
    VL53L0X_writeReg32Bit                    0x08002c7d   Thumb Code   158  vl53l0x.o(i.VL53L0X_writeReg32Bit)
    delay_ms                                 0x08002d31   Thumb Code    90  settings.o(i.delay_ms)
    getNeededSpeed                           0x08002d95   Thumb Code     6  rpconnection.o(i.getNeededSpeed)
    inform_error                             0x08002da1   Thumb Code     2  settings.o(i.inform_error)
    main                                     0x08002da5   Thumb Code    56  main.o(i.main)
    readSharp                                0x08002e91   Thumb Code   310  sharp.o(i.readSharp)
    __aeabi_d2f                              0x08003245   Thumb Code     0  d2f.o(x$fpl$d2f)
    _d2f                                     0x08003245   Thumb Code    98  d2f.o(x$fpl$d2f)
    __aeabi_dadd                             0x080032a9   Thumb Code     0  daddsub_clz.o(x$fpl$dadd)
    _dadd                                    0x080032a9   Thumb Code   332  daddsub_clz.o(x$fpl$dadd)
    __fpl_dcmp_Inf                           0x080033f9   Thumb Code    24  dcmpi.o(x$fpl$dcmpinf)
    __aeabi_ddiv                             0x08003411   Thumb Code     0  ddiv.o(x$fpl$ddiv)
    _ddiv                                    0x08003411   Thumb Code   552  ddiv.o(x$fpl$ddiv)
    __aeabi_d2iz                             0x080036c1   Thumb Code     0  dfix.o(x$fpl$dfix)
    _dfix                                    0x080036c1   Thumb Code    94  dfix.o(x$fpl$dfix)
    __aeabi_d2uiz                            0x08003721   Thumb Code     0  dfixu.o(x$fpl$dfixu)
    _dfixu                                   0x08003721   Thumb Code    90  dfixu.o(x$fpl$dfixu)
    __aeabi_i2d                              0x0800377b   Thumb Code     0  dflt_clz.o(x$fpl$dflt)
    _dflt                                    0x0800377b   Thumb Code    46  dflt_clz.o(x$fpl$dflt)
    __aeabi_ui2d                             0x080037a9   Thumb Code     0  dflt_clz.o(x$fpl$dfltu)
    _dfltu                                   0x080037a9   Thumb Code    38  dflt_clz.o(x$fpl$dfltu)
    __aeabi_cdcmple                          0x080037d1   Thumb Code     0  dleqf.o(x$fpl$dleqf)
    _dcmple                                  0x080037d1   Thumb Code   120  dleqf.o(x$fpl$dleqf)
    __fpl_dcmple_InfNaN                      0x08003833   Thumb Code     0  dleqf.o(x$fpl$dleqf)
    __aeabi_dmul                             0x08003849   Thumb Code     0  dmul.o(x$fpl$dmul)
    _dmul                                    0x08003849   Thumb Code   332  dmul.o(x$fpl$dmul)
    __fpl_dnaninf                            0x0800399d   Thumb Code   156  dnaninf.o(x$fpl$dnaninf)
    __fpl_dretinf                            0x08003a39   Thumb Code    12  dretinf.o(x$fpl$dretinf)
    __aeabi_cdrcmple                         0x08003a45   Thumb Code     0  drleqf.o(x$fpl$drleqf)
    _drcmple                                 0x08003a45   Thumb Code   108  drleqf.o(x$fpl$drleqf)
    __aeabi_drsub                            0x08003ab1   Thumb Code     0  daddsub_clz.o(x$fpl$drsb)
    _drsb                                    0x08003ab1   Thumb Code    22  daddsub_clz.o(x$fpl$drsb)
    __aeabi_dsub                             0x08003ac9   Thumb Code     0  daddsub_clz.o(x$fpl$dsub)
    _dsub                                    0x08003ac9   Thumb Code   464  daddsub_clz.o(x$fpl$dsub)
    __aeabi_f2d                              0x08003c9d   Thumb Code     0  f2d.o(x$fpl$f2d)
    _f2d                                     0x08003c9d   Thumb Code    86  f2d.o(x$fpl$f2d)
    __aeabi_fadd                             0x08003cf5   Thumb Code     0  faddsub_clz.o(x$fpl$fadd)
    _fadd                                    0x08003cf5   Thumb Code   196  faddsub_clz.o(x$fpl$fadd)
    __fpl_fcmp_Inf                           0x08003db9   Thumb Code    24  fcmpi.o(x$fpl$fcmpinf)
    __aeabi_fdiv                             0x08003dd1   Thumb Code     0  fdiv.o(x$fpl$fdiv)
    _fdiv                                    0x08003dd1   Thumb Code   384  fdiv.o(x$fpl$fdiv)
    __aeabi_f2uiz                            0x08003f55   Thumb Code     0  ffixu.o(x$fpl$ffixu)
    _ffixu                                   0x08003f55   Thumb Code    62  ffixu.o(x$fpl$ffixu)
    __aeabi_cfcmple                          0x08003f95   Thumb Code     0  fleqf.o(x$fpl$fleqf)
    _fcmple                                  0x08003f95   Thumb Code   104  fleqf.o(x$fpl$fleqf)
    __fpl_fcmple_InfNaN                      0x08003fe7   Thumb Code     0  fleqf.o(x$fpl$fleqf)
    __aeabi_fmul                             0x08003ffd   Thumb Code     0  fmul.o(x$fpl$fmul)
    _fmul                                    0x08003ffd   Thumb Code   258  fmul.o(x$fpl$fmul)
    __fpl_fnaninf                            0x080040ff   Thumb Code   140  fnaninf.o(x$fpl$fnaninf)
    __fpl_fretinf                            0x0800418b   Thumb Code    10  fretinf.o(x$fpl$fretinf)
    __aeabi_cfrcmple                         0x08004195   Thumb Code     0  frleqf.o(x$fpl$frleqf)
    _frcmple                                 0x08004195   Thumb Code    98  frleqf.o(x$fpl$frleqf)
    __aeabi_fsub                             0x080041f9   Thumb Code     0  faddsub_clz.o(x$fpl$fsub)
    _fsub                                    0x080041f9   Thumb Code   234  faddsub_clz.o(x$fpl$fsub)
    __I$use$fp                               0x080042e2   Number         0  usenofp.o(x$fpl$usenofp)
    Region$$Table$$Base                      0x080042e4   Number         0  anon$$obj.o(Region$$Table)
    Region$$Table$$Limit                     0x08004304   Number         0  anon$$obj.o(Region$$Table)
    proximitySensors                         0x20000004   Data           5  main.o(.data)
    times                                    0x20000009   Data           1  main.o(.data)
    data                                     0x2000000a   Data           2  main.o(.data)
    angle                                    0x2000000c   Data           4  main.o(.data)
    speed                                    0x20000010   Data           4  main.o(.data)
    SystemCoreClock                          0x20000060   Data           4  system_stm32f10x.o(.data)
    AHBPrescTable                            0x20000064   Data          16  system_stm32f10x.o(.data)
    VL53L0X                                  0x200000b0   Data          20  vl53l0x.o(.bss)
    __libspace_start                         0x200000c4   Data          96  libspace.o(.bss)
    __temporary_stack_top$libspace           0x20000124   Data           0  libspace.o(.bss)



==============================================================================

Memory Map of the image

  Image Entry point : 0x08000189

  Load Region LR_1 (Base: 0x08000000, Size: 0x00004378, Max: 0xffffffff, ABSOLUTE)

    Execution Region ER_RO (Base: 0x08000000, Size: 0x00004304, Max: 0xffffffff, ABSOLUTE)

    Base Addr    Size         Type   Attr      Idx    E Section Name        Object

    0x08000000   0x000000ec   Data   RO         4276    RESET               startup_stm32f10x_md.o
    0x080000ec   0x00000008   Code   RO         4366  * !!!main             c_w.l(__main.o)
    0x080000f4   0x00000034   Code   RO         4653    !!!scatter          c_w.l(__scatter.o)
    0x08000128   0x0000001a   Code   RO         4655    !!handler_copy      c_w.l(__scatter_copy.o)
    0x08000142   0x00000002   PAD
    0x08000144   0x0000001c   Code   RO         4657    !!handler_zi        c_w.l(__scatter_zi.o)
    0x08000160   0x00000002   Code   RO         4526    .ARM.Collect$$libinit$$00000000  c_w.l(libinit.o)
    0x08000162   0x00000000   Code   RO         4528    .ARM.Collect$$libinit$$00000002  c_w.l(libinit2.o)
    0x08000162   0x00000000   Code   RO         4530    .ARM.Collect$$libinit$$00000004  c_w.l(libinit2.o)
    0x08000162   0x00000000   Code   RO         4533    .ARM.Collect$$libinit$$0000000A  c_w.l(libinit2.o)
    0x08000162   0x00000000   Code   RO         4535    .ARM.Collect$$libinit$$0000000C  c_w.l(libinit2.o)
    0x08000162   0x00000000   Code   RO         4537    .ARM.Collect$$libinit$$0000000E  c_w.l(libinit2.o)
    0x08000162   0x00000000   Code   RO         4540    .ARM.Collect$$libinit$$00000011  c_w.l(libinit2.o)
    0x08000162   0x00000000   Code   RO         4542    .ARM.Collect$$libinit$$00000013  c_w.l(libinit2.o)
    0x08000162   0x00000000   Code   RO         4544    .ARM.Collect$$libinit$$00000015  c_w.l(libinit2.o)
    0x08000162   0x00000000   Code   RO         4546    .ARM.Collect$$libinit$$00000017  c_w.l(libinit2.o)
    0x08000162   0x00000000   Code   RO         4548    .ARM.Collect$$libinit$$00000019  c_w.l(libinit2.o)
    0x08000162   0x00000000   Code   RO         4550    .ARM.Collect$$libinit$$0000001B  c_w.l(libinit2.o)
    0x08000162   0x00000000   Code   RO         4552    .ARM.Collect$$libinit$$0000001D  c_w.l(libinit2.o)
    0x08000162   0x00000000   Code   RO         4554    .ARM.Collect$$libinit$$0000001F  c_w.l(libinit2.o)
    0x08000162   0x00000000   Code   RO         4556    .ARM.Collect$$libinit$$00000021  c_w.l(libinit2.o)
    0x08000162   0x00000000   Code   RO         4558    .ARM.Collect$$libinit$$00000023  c_w.l(libinit2.o)
    0x08000162   0x00000000   Code   RO         4560    .ARM.Collect$$libinit$$00000025  c_w.l(libinit2.o)
    0x08000162   0x00000000   Code   RO         4564    .ARM.Collect$$libinit$$0000002C  c_w.l(libinit2.o)
    0x08000162   0x00000000   Code   RO         4566    .ARM.Collect$$libinit$$0000002E  c_w.l(libinit2.o)
    0x08000162   0x00000000   Code   RO         4568    .ARM.Collect$$libinit$$00000030  c_w.l(libinit2.o)
    0x08000162   0x00000000   Code   RO         4570    .ARM.Collect$$libinit$$00000032  c_w.l(libinit2.o)
    0x08000162   0x00000002   Code   RO         4571    .ARM.Collect$$libinit$$00000033  c_w.l(libinit2.o)
    0x08000164   0x00000002   Code   RO         4601    .ARM.Collect$$libshutdown$$00000000  c_w.l(libshutdown.o)
    0x08000166   0x00000000   Code   RO         4612    .ARM.Collect$$libshutdown$$00000002  c_w.l(libshutdown2.o)
    0x08000166   0x00000000   Code   RO         4614    .ARM.Collect$$libshutdown$$00000004  c_w.l(libshutdown2.o)
    0x08000166   0x00000000   Code   RO         4617    .ARM.Collect$$libshutdown$$00000007  c_w.l(libshutdown2.o)
    0x08000166   0x00000000   Code   RO         4620    .ARM.Collect$$libshutdown$$0000000A  c_w.l(libshutdown2.o)
    0x08000166   0x00000000   Code   RO         4622    .ARM.Collect$$libshutdown$$0000000C  c_w.l(libshutdown2.o)
    0x08000166   0x00000000   Code   RO         4625    .ARM.Collect$$libshutdown$$0000000F  c_w.l(libshutdown2.o)
    0x08000166   0x00000002   Code   RO         4626    .ARM.Collect$$libshutdown$$00000010  c_w.l(libshutdown2.o)
    0x08000168   0x00000000   Code   RO         4430    .ARM.Collect$$rtentry$$00000000  c_w.l(__rtentry.o)
    0x08000168   0x00000000   Code   RO         4457    .ARM.Collect$$rtentry$$00000002  c_w.l(__rtentry2.o)
    0x08000168   0x00000006   Code   RO         4469    .ARM.Collect$$rtentry$$00000004  c_w.l(__rtentry4.o)
    0x0800016e   0x00000000   Code   RO         4459    .ARM.Collect$$rtentry$$00000009  c_w.l(__rtentry2.o)
    0x0800016e   0x00000004   Code   RO         4460    .ARM.Collect$$rtentry$$0000000A  c_w.l(__rtentry2.o)
    0x08000172   0x00000000   Code   RO         4462    .ARM.Collect$$rtentry$$0000000C  c_w.l(__rtentry2.o)
    0x08000172   0x00000008   Code   RO         4463    .ARM.Collect$$rtentry$$0000000D  c_w.l(__rtentry2.o)
    0x0800017a   0x00000002   Code   RO         4572    .ARM.Collect$$rtexit$$00000000  c_w.l(rtexit.o)
    0x0800017c   0x00000000   Code   RO         4579    .ARM.Collect$$rtexit$$00000002  c_w.l(rtexit2.o)
    0x0800017c   0x00000004   Code   RO         4580    .ARM.Collect$$rtexit$$00000003  c_w.l(rtexit2.o)
    0x08000180   0x00000006   Code   RO         4581    .ARM.Collect$$rtexit$$00000004  c_w.l(rtexit2.o)
    0x08000186   0x00000002   PAD
    0x08000188   0x00000040   Code   RO         4277  * .text               startup_stm32f10x_md.o
    0x080001c8   0x00000006   Code   RO         4364    .text               c_w.l(heapauxi.o)
    0x080001ce   0x00000002   PAD
    0x080001d0   0x00000008   Code   RO         4512    .text               c_w.l(libspace.o)
    0x080001d8   0x0000004a   Code   RO         4515    .text               c_w.l(sys_stackheap_outer.o)
    0x08000222   0x00000012   Code   RO         4517    .text               c_w.l(exit.o)
    0x08000234   0x0000000c   Code   RO         4591    .text               c_w.l(sys_exit.o)
    0x08000240   0x00000002   Code   RO         4602    .text               c_w.l(use_no_semi.o)
    0x08000242   0x00000000   Code   RO         4604    .text               c_w.l(indicate_semi.o)
    0x08000242   0x00000016   Code   RO          887    i.ADC_AutoInjectedConvCmd  stm32f10x_adc.o
    0x08000258   0x00000016   Code   RO          890    i.ADC_Cmd           stm32f10x_adc.o
    0x0800026e   0x00000010   Code   RO          897    i.ADC_ExternalTrigInjectedConvConfig  stm32f10x_adc.o
    0x0800027e   0x00000014   Code   RO          898    i.ADC_GetCalibrationStatus  stm32f10x_adc.o
    0x08000292   0x0000001c   Code   RO          903    i.ADC_GetInjectedConversionValue  stm32f10x_adc.o
    0x080002ae   0x00000014   Code   RO          904    i.ADC_GetResetCalibrationStatus  stm32f10x_adc.o
    0x080002c2   0x00000002   PAD
    0x080002c4   0x00000050   Code   RO          908    i.ADC_Init          stm32f10x_adc.o
    0x08000314   0x00000082   Code   RO          909    i.ADC_InjectedChannelConfig  stm32f10x_adc.o
    0x08000396   0x00000018   Code   RO          911    i.ADC_InjectedSequencerLengthConfig  stm32f10x_adc.o
    0x080003ae   0x0000000a   Code   RO          913    i.ADC_ResetCalibration  stm32f10x_adc.o
    0x080003b8   0x00000016   Code   RO          916    i.ADC_SoftwareStartInjectedConvCmd  stm32f10x_adc.o
    0x080003ce   0x0000000a   Code   RO          917    i.ADC_StartCalibration  stm32f10x_adc.o
    0x080003d8   0x0000003c   Code   RO          313    i.AngletoPWM        servo.o
    0x08000414   0x00000080   Code   RO          314    i.ChangeAngle       servo.o
    0x08000494   0x00000154   Code   RO          247    i.ChangeSpeed       engine.o
    0x080005e8   0x00000002   Code   RO         4079    i.DMA1_Channel1_Event  dma_stm32f10x.o
    0x080005ea   0x00000002   PAD
    0x080005ec   0x0000001c   Code   RO         4080    i.DMA1_Channel1_IRQHandler  dma_stm32f10x.o
    0x08000608   0x00000002   Code   RO         4081    i.DMA1_Channel2_Event  dma_stm32f10x.o
    0x0800060a   0x00000002   PAD
    0x0800060c   0x0000001c   Code   RO         4082    i.DMA1_Channel2_IRQHandler  dma_stm32f10x.o
    0x08000628   0x00000002   Code   RO         4083    i.DMA1_Channel3_Event  dma_stm32f10x.o
    0x0800062a   0x00000002   PAD
    0x0800062c   0x0000001c   Code   RO         4084    i.DMA1_Channel3_IRQHandler  dma_stm32f10x.o
    0x08000648   0x00000002   Code   RO         4085    i.DMA1_Channel4_Event  dma_stm32f10x.o
    0x0800064a   0x00000002   PAD
    0x0800064c   0x0000001c   Code   RO         4086    i.DMA1_Channel4_IRQHandler  dma_stm32f10x.o
    0x08000668   0x00000002   Code   RO         4087    i.DMA1_Channel5_Event  dma_stm32f10x.o
    0x0800066a   0x00000002   PAD
    0x0800066c   0x0000001c   Code   RO         4088    i.DMA1_Channel5_IRQHandler  dma_stm32f10x.o
    0x08000688   0x00000002   Code   RO         4089    i.DMA1_Channel6_Event  dma_stm32f10x.o
    0x0800068a   0x00000002   PAD
    0x0800068c   0x0000001c   Code   RO         4090    i.DMA1_Channel6_IRQHandler  dma_stm32f10x.o
    0x080006a8   0x00000002   Code   RO         4091    i.DMA1_Channel7_Event  dma_stm32f10x.o
    0x080006aa   0x00000002   PAD
    0x080006ac   0x0000001c   Code   RO         4092    i.DMA1_Channel7_IRQHandler  dma_stm32f10x.o
    0x080006c8   0x00000024   Code   RO          248    i.EXTI15_10_IRQHandler  engine.o
    0x080006ec   0x0000000c   Code   RO         1742    i.EXTI_ClearITPendingBit  stm32f10x_exti.o
    0x080006f8   0x00000028   Code   RO         1746    i.EXTI_GetITStatus  stm32f10x_exti.o
    0x08000720   0x00000094   Code   RO         1747    i.EXTI_Init         stm32f10x_exti.o
    0x080007b4   0x00000010   Code   RO         1748    i.EXTI_StructInit   stm32f10x_exti.o
    0x080007c4   0x000000b0   Code   RO          249    i.EngineInit        engine.o
    0x08000874   0x00000050   Code   RO          739    i.EnginePID         pid.o
    0x080008c4   0x00000040   Code   RO         2128    i.GPIO_EXTILineConfig  stm32f10x_gpio.o
    0x08000904   0x00000116   Code   RO         2131    i.GPIO_Init         stm32f10x_gpio.o
    0x08000a1a   0x00000002   PAD
    0x08000a1c   0x00000090   Code   RO         2133    i.GPIO_PinRemapConfig  stm32f10x_gpio.o
    0x08000aac   0x00000004   Code   RO         2138    i.GPIO_ResetBits    stm32f10x_gpio.o
    0x08000ab0   0x00000004   Code   RO         2139    i.GPIO_SetBits      stm32f10x_gpio.o
    0x08000ab4   0x00000010   Code   RO         2140    i.GPIO_StructInit   stm32f10x_gpio.o
    0x08000ac4   0x00000070   Code   RO          497    i.GPIO_setting      vl53l0x_initialize.o
    0x08000b34   0x00000044   Code   RO          315    i.GetAngle          servo.o
    0x08000b78   0x0000006c   Code   RO          498    i.I2C1_setting      vl53l0x_initialize.o
    0x08000be4   0x00000018   Code   RO         2252    i.I2C_AcknowledgeConfig  stm32f10x_i2c.o
    0x08000bfc   0x0000002a   Code   RO         2254    i.I2C_CheckEvent    stm32f10x_i2c.o
    0x08000c26   0x00000018   Code   RO         2257    i.I2C_Cmd           stm32f10x_i2c.o
    0x08000c3e   0x00000002   PAD
    0x08000c40   0x00000038   Code   RO         2260    i.I2C_DeInit        stm32f10x_i2c.o
    0x08000c78   0x00000018   Code   RO         2264    i.I2C_GenerateSTART  stm32f10x_i2c.o
    0x08000c90   0x00000018   Code   RO         2265    i.I2C_GenerateSTOP  stm32f10x_i2c.o
    0x08000ca8   0x0000003a   Code   RO         2266    i.I2C_GetFlagStatus  stm32f10x_i2c.o
    0x08000ce2   0x00000002   PAD
    0x08000ce4   0x000000ec   Code   RO         2271    i.I2C_Init          stm32f10x_i2c.o
    0x08000dd0   0x00000008   Code   RO         2276    i.I2C_ReceiveData   stm32f10x_i2c.o
    0x08000dd8   0x00000012   Code   RO         2278    i.I2C_Send7bitAddress  stm32f10x_i2c.o
    0x08000dea   0x00000004   Code   RO         2279    i.I2C_SendData      stm32f10x_i2c.o
    0x08000dee   0x00000002   PAD
    0x08000df0   0x000000d4   Code   RO          456    i.InitSharp         sharp.o
    0x08000ec4   0x00000070   Code   RO          836    i.NVIC_Init         misc.o
    0x08000f34   0x00000014   Code   RO          837    i.NVIC_PriorityGroupConfig  misc.o
    0x08000f48   0x00000028   Code   RO            4    i.NVIC_SetPriority  settings.o
    0x08000f70   0x00000080   Code   RO          251    i.OptronInit        engine.o
    0x08000ff0   0x000000b8   Code   RO          357    i.ProximitySensors_Init  proximitysensors.o
    0x080010a8   0x0000003c   Code   RO          358    i.ProximitySensors_Read  proximitysensors.o
    0x080010e4   0x00000018   Code   RO         2593    i.RCC_ADCCLKConfig  stm32f10x_rcc.o
    0x080010fc   0x00000020   Code   RO         2595    i.RCC_APB1PeriphClockCmd  stm32f10x_rcc.o
    0x0800111c   0x00000020   Code   RO         2596    i.RCC_APB1PeriphResetCmd  stm32f10x_rcc.o
    0x0800113c   0x00000020   Code   RO         2597    i.RCC_APB2PeriphClockCmd  stm32f10x_rcc.o
    0x0800115c   0x0000004c   Code   RO         2604    i.RCC_DeInit        stm32f10x_rcc.o
    0x080011a8   0x000000d4   Code   RO         2605    i.RCC_GetClocksFreq  stm32f10x_rcc.o
    0x0800127c   0x0000003c   Code   RO         2606    i.RCC_GetFlagStatus  stm32f10x_rcc.o
    0x080012b8   0x00000010   Code   RO         2608    i.RCC_GetSYSCLKSource  stm32f10x_rcc.o
    0x080012c8   0x00000018   Code   RO         2609    i.RCC_HCLKConfig    stm32f10x_rcc.o
    0x080012e0   0x0000004c   Code   RO         2610    i.RCC_HSEConfig     stm32f10x_rcc.o
    0x0800132c   0x00000018   Code   RO         2616    i.RCC_PCLK1Config   stm32f10x_rcc.o
    0x08001344   0x00000018   Code   RO         2617    i.RCC_PCLK2Config   stm32f10x_rcc.o
    0x0800135c   0x0000000c   Code   RO         2618    i.RCC_PLLCmd        stm32f10x_rcc.o
    0x08001368   0x0000001c   Code   RO         2619    i.RCC_PLLConfig     stm32f10x_rcc.o
    0x08001384   0x00000018   Code   RO         2622    i.RCC_SYSCLKConfig  stm32f10x_rcc.o
    0x0800139c   0x00000038   Code   RO         2624    i.RCC_WaitForHSEStartUp  stm32f10x_rcc.o
    0x080013d4   0x000000b4   Code   RO          779    i.RPConnection_Init  rpconnection.o
    0x08001488   0x00000014   Code   RO          538    i.Read_from_One     vl53l0x.o
    0x0800149c   0x00000034   Code   RO          780    i.SendToRaspberryPi  rpconnection.o
    0x080014d0   0x000000c4   Code   RO          316    i.ServoInit         servo.o
    0x08001594   0x00000050   Code   RO          740    i.ServoPID          pid.o
    0x080015e4   0x00000008   Code   RO         4284    i.SetSysClock       system_stm32f10x.o
    0x080015ec   0x00000058   Code   RO            5    i.SetSysClockTo72   settings.o
    0x08001644   0x000000e0   Code   RO         4285    i.SetSysClockTo72   system_stm32f10x.o
    0x08001724   0x00000028   Code   RO          840    i.SysTick_CLKSourceConfig  misc.o
    0x0800174c   0x00000018   Code   RO            6    i.SysTick_Handler   settings.o
    0x08001764   0x0000001a   Code   RO            7    i.SysTick_setting   settings.o
    0x0800177e   0x00000002   PAD
    0x08001780   0x00000060   Code   RO         4287    i.SystemInit        system_stm32f10x.o
    0x080017e0   0x00000068   Code   RO          166    i.TIM2_IRQHandler   main.o
    0x08001848   0x00000062   Code   RO          167    i.TIMTransmit_IRQ_Init  main.o
    0x080018aa   0x00000006   Code   RO         3272    i.TIM_ClearITPendingBit  stm32f10x_tim.o
    0x080018b0   0x00000018   Code   RO         3277    i.TIM_Cmd           stm32f10x_tim.o
    0x080018c8   0x0000001e   Code   RO         3279    i.TIM_CtrlPWMOutputs  stm32f10x_tim.o
    0x080018e6   0x00000008   Code   RO         3295    i.TIM_GetCapture4   stm32f10x_tim.o
    0x080018ee   0x00000022   Code   RO         3298    i.TIM_GetITStatus   stm32f10x_tim.o
    0x08001910   0x00000012   Code   RO         3302    i.TIM_ITConfig      stm32f10x_tim.o
    0x08001922   0x00000002   PAD
    0x08001924   0x000000a0   Code   RO         3316    i.TIM_OC3Init       stm32f10x_tim.o
    0x080019c4   0x00000012   Code   RO         3319    i.TIM_OC3PreloadConfig  stm32f10x_tim.o
    0x080019d6   0x00000002   PAD
    0x080019d8   0x0000007c   Code   RO         3321    i.TIM_OC4Init       stm32f10x_tim.o
    0x08001a54   0x0000001a   Code   RO         3323    i.TIM_OC4PreloadConfig  stm32f10x_tim.o
    0x08001a6e   0x00000014   Code   RO         3324    i.TIM_OCStructInit  stm32f10x_tim.o
    0x08001a82   0x00000004   Code   RO         3340    i.TIM_SetCompare3   stm32f10x_tim.o
    0x08001a86   0x00000006   Code   RO         3341    i.TIM_SetCompare4   stm32f10x_tim.o
    0x08001a8c   0x000000a4   Code   RO         3348    i.TIM_TimeBaseInit  stm32f10x_tim.o
    0x08001b30   0x00000012   Code   RO         3349    i.TIM_TimeBaseStructInit  stm32f10x_tim.o
    0x08001b42   0x00000002   PAD
    0x08001b44   0x00000060   Code   RO          781    i.USART2_IRQHandler  rpconnection.o
    0x08001ba4   0x00000018   Code   RO         3825    i.USART_Cmd         stm32f10x_usart.o
    0x08001bbc   0x0000001a   Code   RO         3828    i.USART_GetFlagStatus  stm32f10x_usart.o
    0x08001bd6   0x00000054   Code   RO         3829    i.USART_GetITStatus  stm32f10x_usart.o
    0x08001c2a   0x0000004a   Code   RO         3831    i.USART_ITConfig    stm32f10x_usart.o
    0x08001c74   0x000000d8   Code   RO         3832    i.USART_Init        stm32f10x_usart.o
    0x08001d4c   0x0000000a   Code   RO         3839    i.USART_ReceiveData  stm32f10x_usart.o
    0x08001d56   0x00000008   Code   RO         3842    i.USART_SendData    stm32f10x_usart.o
    0x08001d5e   0x00000018   Code   RO         3848    i.USART_StructInit  stm32f10x_usart.o
    0x08001d76   0x00000002   PAD
    0x08001d78   0x00000090   Code   RO          393    i.Usart_Init        usart_debug.o
    0x08001e08   0x0000000c   Code   RO          499    i.VL53L0X_Initialize  vl53l0x_initialize.o
    0x08001e14   0x0000000e   Code   RO          539    i.VL53L0X_decodeTimeout  vl53l0x.o
    0x08001e22   0x0000002a   Code   RO          540    i.VL53L0X_encodeTimeout  vl53l0x.o
    0x08001e4c   0x00000090   Code   RO          541    i.VL53L0X_getMeasurementTimingBudget  vl53l0x.o
    0x08001edc   0x0000002a   Code   RO          542    i.VL53L0X_getSequenceStepEnables  vl53l0x.o
    0x08001f06   0x00000068   Code   RO          543    i.VL53L0X_getSequenceStepTimeouts  vl53l0x.o
    0x08001f6e   0x00000002   PAD
    0x08001f70   0x000000d8   Code   RO          545    i.VL53L0X_getSpadInfo  vl53l0x.o
    0x08002048   0x00000026   Code   RO          546    i.VL53L0X_getVcselPulsePeriod  vl53l0x.o
    0x0800206e   0x00000002   PAD
    0x08002070   0x0000043c   Code   RO          547    i.VL53L0X_init      vl53l0x.o
    0x080024ac   0x0000003c   Code   RO          548    i.VL53L0X_performSingleRefCalibration  vl53l0x.o
    0x080024e8   0x00000120   Code   RO          549    i.VL53L0X_readMulti  vl53l0x.o
    0x08002608   0x00000030   Code   RO          550    i.VL53L0X_readRangeContinuousMillimeters  vl53l0x.o
    0x08002638   0x0000011c   Code   RO          552    i.VL53L0X_readReg   vl53l0x.o
    0x08002754   0x00000124   Code   RO          553    i.VL53L0X_readReg16Bit  vl53l0x.o
    0x08002878   0x00000020   Code   RO          555    i.VL53L0X_setAddress  vl53l0x.o
    0x08002898   0x000000dc   Code   RO          556    i.VL53L0X_setMeasurementTimingBudget  vl53l0x.o
    0x08002974   0x0000004c   Code   RO          557    i.VL53L0X_setSignalRateLimit  vl53l0x.o
    0x080029c0   0x0000006c   Code   RO          559    i.VL53L0X_startContinuous  vl53l0x.o
    0x08002a2c   0x0000002a   Code   RO          561    i.VL53L0X_timeoutMclksToMicroseconds  vl53l0x.o
    0x08002a56   0x0000002a   Code   RO          562    i.VL53L0X_timeoutMicrosecondsToMclks  vl53l0x.o
    0x08002a80   0x000000b4   Code   RO          564    i.VL53L0X_writeMulti  vl53l0x.o
    0x08002b34   0x00000094   Code   RO          565    i.VL53L0X_writeReg  vl53l0x.o
    0x08002bc8   0x000000b4   Code   RO          566    i.VL53L0X_writeReg16Bit  vl53l0x.o
    0x08002c7c   0x000000b4   Code   RO          567    i.VL53L0X_writeReg32Bit  vl53l0x.o
    0x08002d30   0x00000064   Code   RO            8    i.delay_ms          settings.o
    0x08002d94   0x0000000c   Code   RO          783    i.getNeededSpeed    rpconnection.o
    0x08002da0   0x00000002   Code   RO           10    i.inform_error      settings.o
    0x08002da2   0x00000002   PAD
    0x08002da4   0x0000003c   Code   RO          168    i.main              main.o
    0x08002de0   0x000000b0   Code   RO          741    i.pid               pid.o
    0x08002e90   0x00000148   Code   RO          457    i.readSharp         sharp.o
    0x08002fd8   0x0000026c   Code   RO          458    i.voltToDistance    sharp.o
    0x08003244   0x00000062   Code   RO         4368    x$fpl$d2f           fz_ws.l(d2f.o)
    0x080032a6   0x00000002   PAD
    0x080032a8   0x00000150   Code   RO         4370    x$fpl$dadd          fz_ws.l(daddsub_clz.o)
    0x080033f8   0x00000018   Code   RO         4443    x$fpl$dcmpinf       fz_ws.l(dcmpi.o)
    0x08003410   0x000002b0   Code   RO         4377    x$fpl$ddiv          fz_ws.l(ddiv.o)
    0x080036c0   0x0000005e   Code   RO         4380    x$fpl$dfix          fz_ws.l(dfix.o)
    0x0800371e   0x00000002   PAD
    0x08003720   0x0000005a   Code   RO         4384    x$fpl$dfixu         fz_ws.l(dfixu.o)
    0x0800377a   0x0000002e   Code   RO         4389    x$fpl$dflt          fz_ws.l(dflt_clz.o)
    0x080037a8   0x00000026   Code   RO         4388    x$fpl$dfltu         fz_ws.l(dflt_clz.o)
    0x080037ce   0x00000002   PAD
    0x080037d0   0x00000078   Code   RO         4394    x$fpl$dleqf         fz_ws.l(dleqf.o)
    0x08003848   0x00000154   Code   RO         4396    x$fpl$dmul          fz_ws.l(dmul.o)
    0x0800399c   0x0000009c   Code   RO         4445    x$fpl$dnaninf       fz_ws.l(dnaninf.o)
    0x08003a38   0x0000000c   Code   RO         4447    x$fpl$dretinf       fz_ws.l(dretinf.o)
    0x08003a44   0x0000006c   Code   RO         4398    x$fpl$drleqf        fz_ws.l(drleqf.o)
    0x08003ab0   0x00000016   Code   RO         4371    x$fpl$drsb          fz_ws.l(daddsub_clz.o)
    0x08003ac6   0x00000002   PAD
    0x08003ac8   0x000001d4   Code   RO         4372    x$fpl$dsub          fz_ws.l(daddsub_clz.o)
    0x08003c9c   0x00000056   Code   RO         4400    x$fpl$f2d           fz_ws.l(f2d.o)
    0x08003cf2   0x00000002   PAD
    0x08003cf4   0x000000c4   Code   RO         4402    x$fpl$fadd          fz_ws.l(faddsub_clz.o)
    0x08003db8   0x00000018   Code   RO         4449    x$fpl$fcmpinf       fz_ws.l(fcmpi.o)
    0x08003dd0   0x00000184   Code   RO         4409    x$fpl$fdiv          fz_ws.l(fdiv.o)
    0x08003f54   0x0000003e   Code   RO         4412    x$fpl$ffixu         fz_ws.l(ffixu.o)
    0x08003f92   0x00000002   PAD
    0x08003f94   0x00000068   Code   RO         4422    x$fpl$fleqf         fz_ws.l(fleqf.o)
    0x08003ffc   0x00000102   Code   RO         4424    x$fpl$fmul          fz_ws.l(fmul.o)
    0x080040fe   0x0000008c   Code   RO         4451    x$fpl$fnaninf       fz_ws.l(fnaninf.o)
    0x0800418a   0x0000000a   Code   RO         4453    x$fpl$fretinf       fz_ws.l(fretinf.o)
    0x08004194   0x00000062   Code   RO         4426    x$fpl$frleqf        fz_ws.l(frleqf.o)
    0x080041f6   0x00000002   PAD
    0x080041f8   0x000000ea   Code   RO         4404    x$fpl$fsub          fz_ws.l(faddsub_clz.o)
    0x080042e2   0x00000000   Code   RO         4455    x$fpl$usenofp       fz_ws.l(usenofp.o)
    0x080042e2   0x00000002   PAD
    0x080042e4   0x00000020   Data   RO         4651    Region$$Table       anon$$obj.o


    Execution Region ER_RW (Base: 0x20000000, Size: 0x00000074, Max: 0xffffffff, ABSOLUTE)

    Base Addr    Size         Type   Attr      Idx    E Section Name        Object

    0x20000000   0x00000004   Data   RW           11    .data               settings.o
    0x20000004   0x00000010   Data   RW          169    .data               main.o
    0x20000014   0x00000004   Data   RW          252    .data               engine.o
    0x20000018   0x00000001   Data   RW          460    .data               sharp.o
    0x20000019   0x00000007   PAD
    0x20000020   0x00000020   Data   RW          742    .data               pid.o
    0x20000040   0x00000009   Data   RW          784    .data               rpconnection.o
    0x20000049   0x00000014   Data   RW         2625    .data               stm32f10x_rcc.o
    0x2000005d   0x00000003   PAD
    0x20000060   0x00000014   Data   RW         4288    .data               system_stm32f10x.o


    Execution Region ER_ZI (Base: 0x20000074, Size: 0x000006b4, Max: 0xffffffff, ABSOLUTE)

    Base Addr    Size         Type   Attr      Idx    E Section Name        Object

    0x20000074   0x0000003c   Zero   RW          459    .bss                sharp.o
    0x200000b0   0x00000014   Zero   RW          568    .bss                vl53l0x.o
    0x200000c4   0x00000060   Zero   RW         4513    .bss                c_w.l(libspace.o)
    0x20000124   0x00000004   PAD
    0x20000128   0x00000200   Zero   RW         4275    HEAP                startup_stm32f10x_md.o
    0x20000328   0x00000400   Zero   RW         4274    STACK               startup_stm32f10x_md.o


==============================================================================

Image component sizes


      Code (inc. data)   RO Data    RW Data    ZI Data      Debug   Object Name

       210         30          0          0          0       7259   dma_stm32f10x.o
       680         60          0          4          0       3499   engine.o
       262         12          0         16          0       2230   main.o
       172         22          0          0          0       2245   misc.o
       336         20          0         32          0       2199   pid.o
       244          8          0          0          0       1400   proximitysensors.o
       340         36          0          9          0      27208   rpconnection.o
       452         60          0          0          0       1973   servo.o
       280         24          0          4          0     298611   settings.o
      1160         94          0          1         60       2268   sharp.o
        64         26        236          0       1536        784   startup_stm32f10x_md.o
       404         10          0          0          0       9845   stm32f10x_adc.o
       216         18          0          0          0       2846   stm32f10x_exti.o
       510         10          0          0          0       5294   stm32f10x_gpio.o
       518         20          0          0          0       8713   stm32f10x_i2c.o
       752        104          0         20          0      12266   stm32f10x_rcc.o
       660         62          0          0          0       9975   stm32f10x_tim.o
       466          6          0          0          0       7056   stm32f10x_usart.o
       328         28          0         20          0       2105   system_stm32f10x.o
       144         10          0          0          0        557   usart_debug.o
      3884        208          0          0         20      19847   vl53l0x.o
       232         20          0          0          0       1485   vl53l0x_initialize.o

    ----------------------------------------------------------------------
     12354        888        268        116       1616     429665   Object Totals
         0          0         32          0          0          0   (incl. Generated)
        40          0          0         10          0          0   (incl. Padding)

    ----------------------------------------------------------------------

      Code (inc. data)   RO Data    RW Data    ZI Data      Debug   Library Member Name

         8          0          0          0          0         68   __main.o
         0          0          0          0          0          0   __rtentry.o
        12          0          0          0          0          0   __rtentry2.o
         6          0          0          0          0          0   __rtentry4.o
        52          8          0          0          0          0   __scatter.o
        26          0          0          0          0          0   __scatter_copy.o
        28          0          0          0          0          0   __scatter_zi.o
        18          0          0          0          0         80   exit.o
         6          0          0          0          0        152   heapauxi.o
         0          0          0          0          0          0   indicate_semi.o
         2          0          0          0          0          0   libinit.o
         2          0          0          0          0          0   libinit2.o
         2          0          0          0          0          0   libshutdown.o
         2          0          0          0          0          0   libshutdown2.o
         8          4          0          0         96         68   libspace.o
         2          0          0          0          0          0   rtexit.o
        10          0          0          0          0          0   rtexit2.o
        12          4          0          0          0         68   sys_exit.o
        74          0          0          0          0         80   sys_stackheap_outer.o
         2          0          0          0          0         68   use_no_semi.o
        98          4          0          0          0         92   d2f.o
       826         16          0          0          0        348   daddsub_clz.o
        24          0          0          0          0         68   dcmpi.o
       688        140          0          0          0        208   ddiv.o
        94          4          0          0          0         92   dfix.o
        90          4          0          0          0         92   dfixu.o
        84          0          0          0          0        136   dflt_clz.o
       120          4          0          0          0         92   dleqf.o
       340         12          0          0          0        104   dmul.o
       156          4          0          0          0         92   dnaninf.o
        12          0          0          0          0         68   dretinf.o
       108          0          0          0          0         80   drleqf.o
        86          4          0          0          0         84   f2d.o
       430          8          0          0          0        168   faddsub_clz.o
        24          0          0          0          0         68   fcmpi.o
       388         76          0          0          0         96   fdiv.o
        62          4          0          0          0         84   ffixu.o
       104          4          0          0          0         84   fleqf.o
       258          4          0          0          0         84   fmul.o
       140          4          0          0          0         84   fnaninf.o
        10          0          0          0          0         68   fretinf.o
        98          0          0          0          0         68   frleqf.o
         0          0          0          0          0          0   usenofp.o

    ----------------------------------------------------------------------
      4534        308          0          0        100       2944   Library Totals
        22          0          0          0          4          0   (incl. Padding)

    ----------------------------------------------------------------------

      Code (inc. data)   RO Data    RW Data    ZI Data      Debug   Library Name

       272         16          0          0         96        584   c_w.l
      4240        292          0          0          0       2360   fz_ws.l

    ----------------------------------------------------------------------
      4534        308          0          0        100       2944   Library Totals

    ----------------------------------------------------------------------

==============================================================================


      Code (inc. data)   RO Data    RW Data    ZI Data      Debug   

     16888       1196        268        116       1716     423609   Grand Totals
     16888       1196        268        116       1716     423609   ELF Image Totals
     16888       1196        268        116          0          0   ROM Totals

==============================================================================

    Total RO  Size (Code + RO Data)                17156 (  16.75kB)
    Total RW  Size (RW Data + ZI Data)              1832 (   1.79kB)
    Total ROM Size (Code + RO Data + RW Data)      17272 (  16.87kB)

==============================================================================

