Component: ARM Compiler 5.06 update 5 (build 528) Tool: armlink [4d35e2]

==============================================================================

Section Cross References

    settings.o(i.SetSysClockTo72) refers to stm32f10x_rcc.o(i.RCC_DeInit) for RCC_DeInit
    settings.o(i.SetSysClockTo72) refers to stm32f10x_rcc.o(i.RCC_HSEConfig) for RCC_HSEConfig
    settings.o(i.SetSysClockTo72) refers to stm32f10x_rcc.o(i.RCC_WaitForHSEStartUp) for RCC_WaitForHSEStartUp
    settings.o(i.SetSysClockTo72) refers to stm32f10x_rcc.o(i.RCC_HCLKConfig) for RCC_HCLKConfig
    settings.o(i.SetSysClockTo72) refers to stm32f10x_rcc.o(i.RCC_PCLK2Config) for RCC_PCLK2Config
    settings.o(i.SetSysClockTo72) refers to stm32f10x_rcc.o(i.RCC_PCLK1Config) for RCC_PCLK1Config
    settings.o(i.SetSysClockTo72) refers to stm32f10x_rcc.o(i.RCC_PLLConfig) for RCC_PLLConfig
    settings.o(i.SetSysClockTo72) refers to stm32f10x_rcc.o(i.RCC_PLLCmd) for RCC_PLLCmd
    settings.o(i.SetSysClockTo72) refers to stm32f10x_rcc.o(i.RCC_GetFlagStatus) for RCC_GetFlagStatus
    settings.o(i.SetSysClockTo72) refers to stm32f10x_rcc.o(i.RCC_SYSCLKConfig) for RCC_SYSCLKConfig
    settings.o(i.SetSysClockTo72) refers to stm32f10x_rcc.o(i.RCC_GetSYSCLKSource) for RCC_GetSYSCLKSource
    settings.o(i.SysTick_Handler) refers to settings.o(.data) for delay_ms_count
    settings.o(i.SysTick_setting) refers to misc.o(i.NVIC_PriorityGroupConfig) for NVIC_PriorityGroupConfig
    settings.o(i.SysTick_setting) refers to misc.o(i.SysTick_CLKSourceConfig) for SysTick_CLKSourceConfig
    settings.o(i.SysTick_setting) refers to settings.o(i.__NVIC_SetPriority) for __NVIC_SetPriority
    settings.o(i.delay_ms) refers to settings.o(i.__NVIC_SetPriority) for __NVIC_SetPriority
    settings.o(i.delay_ms) refers to settings.o(.data) for delay_ms_count
    settings.o(i.delay_ms) refers to system_stm32f10x.o(.data) for SystemCoreClock
    settings.o(i.delay_s) refers to settings.o(i.delay_ms) for delay_ms
    main.o(i.TIM2_IRQHandler) refers to stm32f10x_tim.o(i.TIM_GetITStatus) for TIM_GetITStatus
    main.o(i.TIM2_IRQHandler) refers to proximitysensors.o(i.ProximitySensors_Read) for ProximitySensors_Read
    main.o(i.TIM2_IRQHandler) refers to rpconnection.o(i.SendToRaspberryPi) for SendToRaspberryPi
    main.o(i.TIM2_IRQHandler) refers to rpconnection.o(i.getNeededSpeed) for getNeededSpeed
    main.o(i.TIM2_IRQHandler) refers to engine.o(i.ChangeSpeed) for ChangeSpeed
    main.o(i.TIM2_IRQHandler) refers to servo.o(i.GetAngle) for GetAngle
    main.o(i.TIM2_IRQHandler) refers to servo.o(i.ChangeAngle) for ChangeAngle
    main.o(i.TIM2_IRQHandler) refers to stm32f10x_tim.o(i.TIM_ClearITPendingBit) for TIM_ClearITPendingBit
    main.o(i.TIM2_IRQHandler) refers to main.o(.data) for proximitySensors
    main.o(i.TIMTransmit_IRQ_Init) refers to stm32f10x_rcc.o(i.RCC_APB1PeriphClockCmd) for RCC_APB1PeriphClockCmd
    main.o(i.TIMTransmit_IRQ_Init) refers to stm32f10x_tim.o(i.TIM_TimeBaseInit) for TIM_TimeBaseInit
    main.o(i.TIMTransmit_IRQ_Init) refers to stm32f10x_tim.o(i.TIM_Cmd) for TIM_Cmd
    main.o(i.TIMTransmit_IRQ_Init) refers to stm32f10x_tim.o(i.TIM_ITConfig) for TIM_ITConfig
    main.o(i.TIMTransmit_IRQ_Init) refers to misc.o(i.NVIC_Init) for NVIC_Init
    main.o(i.main) refers to settings.o(i.SetSysClockTo72) for SetSysClockTo72
    main.o(i.main) refers to rpconnection.o(i.RPConnection_Init) for RPConnection_Init
    main.o(i.main) refers to settings.o(i.SysTick_setting) for SysTick_setting
    main.o(i.main) refers to rpconnection.o(i.SendToRaspberryPi) for SendToRaspberryPi
    main.o(i.main) refers to settings.o(i.delay_ms) for delay_ms
    main.o(i.main) refers to servo.o(i.GetAngle) for GetAngle
    main.o(i.main) refers to engine.o(i.GetSpeed) for GetSpeed
    main.o(i.main) refers to main.o(.data) for data
    engine.o(i.ChangeSpeed) refers to dflt_clz.o(x$fpl$dflt) for __aeabi_i2d
    engine.o(i.ChangeSpeed) refers to dflt_clz.o(x$fpl$dfltu) for __aeabi_ui2d
    engine.o(i.ChangeSpeed) refers to ddiv.o(x$fpl$ddiv) for __aeabi_ddiv
    engine.o(i.ChangeSpeed) refers to pid.o(i.EnginePID) for EnginePID
    engine.o(i.ChangeSpeed) refers to daddsub_clz.o(x$fpl$dadd) for __aeabi_dadd
    engine.o(i.ChangeSpeed) refers to dfixu.o(x$fpl$dfixu) for __aeabi_d2uiz
    engine.o(i.ChangeSpeed) refers to stm32f10x_tim.o(i.TIM_SetCompare3) for TIM_SetCompare3
    engine.o(i.ChangeSpeed) refers to stm32f10x_tim.o(i.TIM_SetCompare4) for TIM_SetCompare4
    engine.o(i.ChangeSpeed) refers to engine.o(.data) for speedNow
    engine.o(i.EXTI15_10_IRQHandler) refers to stm32f10x_exti.o(i.EXTI_GetITStatus) for EXTI_GetITStatus
    engine.o(i.EXTI15_10_IRQHandler) refers to stm32f10x_exti.o(i.EXTI_ClearITPendingBit) for EXTI_ClearITPendingBit
    engine.o(i.EXTI15_10_IRQHandler) refers to engine.o(.data) for speedNow
    engine.o(i.EngineInit) refers to stm32f10x_rcc.o(i.RCC_APB1PeriphClockCmd) for RCC_APB1PeriphClockCmd
[...]
    ../clib/signal.c                         0x00000000   Number         0  __raise.o ABSOLUTE
    ../clib/signal.c                         0x00000000   Number         0  defsig_rtmem_inner.o ABSOLUTE
    ../clib/signal.c                         0x00000000   Number         0  defsig_abrt_inner.o ABSOLUTE
    ../clib/signal.c                         0x00000000   Number         0  defsig_exit.o ABSOLUTE
    ../clib/signal.c                         0x00000000   Number         0  defsig_rtmem_formal.o ABSOLUTE
    ../clib/signal.c                         0x00000000   Number         0  defsig_rtmem_outer.o ABSOLUTE
    ../clib/signal.c                         0x00000000   Number         0  defsig_other.o ABSOLUTE
    ../clib/signal.c                         0x00000000   Number         0  defsig_segv_inner.o ABSOLUTE
    ../clib/signal.c                         0x00000000   Number         0  defsig_cppl_inner.o ABSOLUTE
    ../clib/signal.c                         0x00000000   Number         0  defsig_pvfn_inner.o ABSOLUTE
    ../clib/signal.s                         0x00000000   Number         0  defsig.o ABSOLUTE
    ../clib/stdlib.c                         0x00000000   Number         0  exit.o ABSOLUTE
    ../fplib/d2f.s                           0x00000000   Number         0  d2f.o ABSOLUTE
    ../fplib/daddsub.s                       0x00000000   Number         0  daddsub_clz.o ABSOLUTE
    ../fplib/dcmpi.s                         0x00000000   Number         0  dcmpi.o ABSOLUTE
    ../fplib/ddiv.s                          0x00000000   Number         0  ddiv.o ABSOLUTE
    ../fplib/dfix.s                          0x00000000   Number         0  dfix.o ABSOLUTE
    ../fplib/dfixu.s                         0x00000000   Number         0  dfixu.o ABSOLUTE
    ../fplib/dflt.s                          0x00000000   Number         0  dflt_clz.o ABSOLUTE
    ../fplib/dleqf.s                         0x00000000   Number         0  dleqf.o ABSOLUTE
    ../fplib/dmul.s                          0x00000000   Number         0  dmul.o ABSOLUTE
    ../fplib/dnaninf.s                       0x00000000   Number         0  dnaninf.o ABSOLUTE
    ../fplib/dretinf.s                       0x00000000   Number         0  dretinf.o ABSOLUTE
    ../fplib/drleqf.s                        0x00000000   Number         0  drleqf.o ABSOLUTE
    ../fplib/f2d.s                           0x00000000   Number         0  f2d.o ABSOLUTE
    ../fplib/faddsub.s                       0x00000000   Number         0  faddsub_clz.o ABSOLUTE
    ../fplib/fcmpi.s                         0x00000000   Number         0  fcmpi.o ABSOLUTE
    ../fplib/fdiv.s                          0x00000000   Number         0  fdiv.o ABSOLUTE
    ../fplib/ffixu.s                         0x00000000   Number         0  ffixu.o ABSOLUTE
    ../fplib/fflt.s                          0x00000000   Number         0  fflt_clz.o ABSOLUTE
    ../fplib/fleqf.s                         0x00000000   Number         0  fleqf.o ABSOLUTE
    ../fplib/fmul.s                          0x00000000   Number         0  fmul.o ABSOLUTE
    ../fplib/fnaninf.s                       0x00000000   Number         0  fnaninf.o ABSOLUTE
    ../fplib/fpinit.s                        0x00000000   Number         0  fpinit.o ABSOLUTE
    ../fplib/fretinf.s                       0x00000000   Number         0  fretinf.o ABSOLUTE
    ../fplib/frleqf.s                        0x00000000   Number         0  frleqf.o ABSOLUTE
    ../fplib/istatus.s                       0x00000000   Number         0  istatus.o ABSOLUTE
    ../fplib/printf1.s                       0x00000000   Number         0  printf1.o ABSOLUTE
    ../fplib/usenofp.s                       0x00000000   Number         0  usenofp.o ABSOLUTE
    ../mathlib/fpclassify.c                  0x00000000   Number         0  fpclassify.o ABSOLUTE
    C:\Keil_v5\ARM\PACK\Keil\STM32F1xx_DFP\2.2.0\Device\StdPeriph_Driver\src\misc.c 0x00000000   Number         0  misc.o ABSOLUTE
    C:\Keil_v5\ARM\PACK\Keil\STM32F1xx_DFP\2.2.0\Device\StdPeriph_Driver\src\stm32f10x_adc.c 0x00000000   Number         0  stm32f10x_adc.o ABSOLUTE
    C:\Keil_v5\ARM\PACK\Keil\STM32F1xx_DFP\2.2.0\Device\StdPeriph_Driver\src\stm32f10x_bkp.c 0x00000000   Number         0  stm32f10x_bkp.o ABSOLUTE
    C:\Keil_v5\ARM\PACK\Keil\STM32F1xx_DFP\2.2.0\Device\StdPeriph_Driver\src\stm32f10x_can.c 0x00000000   Number         0  stm32f10x_can.o ABSOLUTE
    C:\Keil_v5\ARM\PACK\Keil\STM32F1xx_DFP\2.2.0\Device\StdPeriph_Driver\src\stm32f10x_cec.c 0x00000000   Number         0  stm32f10x_cec.o ABSOLUTE
    C:\Keil_v5\ARM\PACK\Keil\STM32F1xx_DFP\2.2.0\Device\StdPeriph_Driver\src\stm32f10x_crc.c 0x00000000   Number         0  stm32f10x_crc.o ABSOLUTE
    C:\Keil_v5\ARM\PACK\Keil\STM32F1xx_DFP\2.2.0\Device\StdPeriph_Driver\src\stm32f10x_dac.c 0x00000000   Number         0  stm32f10x_dac.o ABSOLUTE
    C:\Keil_v5\ARM\PACK\Keil\STM32F1xx_DFP\2.2.0\Device\StdPeriph_Driver\src\stm32f10x_dbgmcu.c 0x00000000   Number         0  stm32f10x_dbgmcu.o ABSOLUTE
    C:\Keil_v5\ARM\PACK\Keil\STM32F1xx_DFP\2.2.0\Device\StdPeriph_Driver\src\stm32f10x_dma.c 0x00000000   Number         0  stm32f10x_dma.o ABSOLUTE
    C:\Keil_v5\ARM\PACK\Keil\STM32F1xx_DFP\2.2.0\Device\StdPeriph_Driver\src\stm32f10x_exti.c 0x00000000   Number         0  stm32f10x_exti.o ABSOLUTE
    C:\Keil_v5\ARM\PACK\Keil\STM32F1xx_DFP\2.2.0\Device\StdPeriph_Driver\src\stm32f10x_flash.c 0x00000000   Number         0  stm32f10x_flash.o ABSOLUTE
    C:\Keil_v5\ARM\PACK\Keil\STM32F1xx_DFP\2.2.0\Device\StdPeriph_Driver\src\stm32f10x_fsmc.c 0x00000000   Number         0  stm32f10x_fsmc.o ABSOLUTE
    C:\Keil_v5\ARM\PACK\Keil\STM32F1xx_DFP\2.2.0\Device\StdPeriph_Driver\src\stm32f10x_gpio.c 0x00000000   Number         0  stm32f10x_gpio.o ABSOLUTE
    C:\Keil_v5\ARM\PACK\Keil\STM32F1xx_DFP\2.2.0\Device\StdPeriph_Driver\src\stm32f10x_i2c.c 0x00000000   Number         0  stm32f10x_i2c.o ABSOLUTE
    C:\Keil_v5\ARM\PACK\Keil\STM32F1xx_DFP\2.2.0\Device\StdPeriph_Driver\src\stm32f10x_iwdg.c 0x00000000   Number         0  stm32f10x_iwdg.o ABSOLUTE
    C:\Keil_v5\ARM\PACK\Keil\STM32F1xx_DFP\2.2.0\Device\StdPeriph_Driver\src\stm32f10x_pwr.c 0x00000000   Number         0  stm32f10x_pwr.o ABSOLUTE
    C:\Keil_v5\ARM\PACK\Keil\STM32F1xx_DFP\2.2.0\Device\StdPeriph_Driver\src\stm32f10x_rcc.c 0x00000000   Number         0  stm32f10x_rcc.o ABSOLUTE
    C:\Keil_v5\ARM\PACK\Keil\STM32F1xx_DFP\2.2.0\Device\StdPeriph_Driver\src\stm32f10x_rtc.c 0x00000000   Number         0  stm32f10x_rtc.o ABSOLUTE
    C:\Keil_v5\ARM\PACK\Keil\STM32F1xx_DFP\2.2.0\Device\StdPeriph_Driver\src\stm32f10x_sdio.c 0x00000000   Number         0  stm32f10x_sdio.o ABSOLUTE
    C:\Keil_v5\ARM\PACK\Keil\STM32F1xx_DFP\2.2.0\Device\StdPeriph_Driver\src\stm32f10x_spi.c 0x00000000   Number         0  stm32f10x_spi.o ABSOLUTE
    C:\Keil_v5\ARM\PACK\Keil\STM32F1xx_DFP\2.2.0\Device\StdPeriph_Driver\src\stm32f10x_tim.c 0x00000000   Number         0  stm32f10x_tim.o ABSOLUTE
    C:\Keil_v5\ARM\PACK\Keil\STM32F1xx_DFP\2.2.0\Device\StdPeriph_Driver\src\stm32f10x_usart.c 0x00000000   Number         0  stm32f10x_usart.o ABSOLUTE
    C:\Keil_v5\ARM\PACK\Keil\STM32F1xx_DFP\2.2.0\Device\StdPeriph_Driver\src\stm32f10x_wwdg.c 0x00000000   Number         0  stm32f10x_wwdg.o ABSOLUTE
    C:\Keil_v5\ARM\PACK\Keil\STM32F1xx_DFP\2.2.0\RTE_Driver\DMA_STM32F10x.c 0x00000000   Number         0  dma_stm32f10x.o ABSOLUTE
    C:\Keil_v5\ARM\PACK\Keil\STM32F1xx_DFP\2.2.0\RTE_Driver\GPIO_STM32F10x.c 0x00000000   Number         0  gpio_stm32f10x.o ABSOLUTE
    C:\\Keil_v5\\ARM\\PACK\\Keil\\STM32F1xx_DFP\\2.2.0\\Device\\StdPeriph_Driver\\src\\misc.c 0x00000000   Number         0  misc.o ABSOLUTE
    C:\\Keil_v5\\ARM\\PACK\\Keil\\STM32F1xx_DFP\\2.2.0\\Device\\StdPeriph_Driver\\src\\stm32f10x_adc.c 0x00000000   Number         0  stm32f10x_adc.o ABSOLUTE
    C:\\Keil_v5\\ARM\\PACK\\Keil\\STM32F1xx_DFP\\2.2.0\\Device\\StdPeriph_Driver\\src\\stm32f10x_bkp.c 0x00000000   Number         0  stm32f10x_bkp.o ABSOLUTE
    C:\\Keil_v5\\ARM\\PACK\\Keil\\STM32F1xx_DFP\\2.2.0\\Device\\StdPeriph_Driver\\src\\stm32f10x_can.c 0x00000000   Number         0  stm32f10x_can.o ABSOLUTE
    C:\\Keil_v5\\ARM\\PACK\\Keil\\STM32F1xx_DFP\\2.2.0\\Device\\StdPeriph_Driver\\src\\stm32f10x_cec.c 0x00000000   Number         0  stm32f10x_cec.o ABSOLUTE
    C:\\Keil_v5\\ARM\\PACK\\Keil\\STM32F1xx_DFP\\2.2.0\\Device\\StdPeriph_Driver\\src\\stm32f10x_crc.c 0x00000000   Number         0  stm32f10x_crc.o ABSOLUTE
    C:\\Keil_v5\\ARM\\PACK\\Keil\\STM32F1xx_DFP\\2.2.0\\Device\\StdPeriph_Driver\\src\\stm32f10x_dac.c 0x00000000   Number         0  stm32f10x_dac.o ABSOLUTE
    C:\\Keil_v5\\ARM\\PACK\\Keil\\STM32F1xx_DFP\\2.2.0\\Device\\StdPeriph_Driver\\src\\stm32f10x_dbgmcu.c 0x00000000   Number         0  stm32f10x_dbgmcu.o ABSOLUTE
    C:\\Keil_v5\\ARM\\PACK\\Keil\\STM32F1xx_DFP\\2.2.0\\Device\\StdPeriph_Driver\\src\\stm32f10x_dma.c 0x00000000   Number         0  stm32f10x_dma.o ABSOLUTE
    C:\\Keil_v5\\ARM\\PACK\\Keil\\STM32F1xx_DFP\\2.2.0\\Device\\StdPeriph_Driver\\src\\stm32f10x_exti.c 0x00000000   Number         0  stm32f10x_exti.o ABSOLUTE
    C:\\Keil_v5\\ARM\\PACK\\Keil\\STM32F1xx_DFP\\2.2.0\\Device\\StdPeriph_Driver\\src\\stm32f10x_flash.c 0x00000000   Number         0  stm32f10x_flash.o ABSOLUTE
    C:\\Keil_v5\\ARM\\PACK\\Keil\\STM32F1xx_DFP\\2.2.0\\Device\\StdPeriph_Driver\\src\\stm32f10x_fsmc.c 0x00000000   Number         0  stm32f10x_fsmc.o ABSOLUTE
    C:\\Keil_v5\\ARM\\PACK\\Keil\\STM32F1xx_DFP\\2.2.0\\Device\\StdPeriph_Driver\\src\\stm32f10x_gpio.c 0x00000000   Number         0  stm32f10x_gpio.o ABSOLUTE
    C:\\Keil_v5\\ARM\\PACK\\Keil\\STM32F1xx_DFP\\2.2.0\\Device\\StdPeriph_Driver\\src\\stm32f10x_i2c.c 0x00000000   Number         0  stm32f10x_i2c.o ABSOLUTE
    C:\\Keil_v5\\ARM\\PACK\\Keil\\STM32F1xx_DFP\\2.2.0\\Device\\StdPeriph_Driver\\src\\stm32f10x_iwdg.c 0x00000000   Number         0  stm32f10x_iwdg.o ABSOLUTE
    C:\\Keil_v5\\ARM\\PACK\\Keil\\STM32F1xx_DFP\\2.2.0\\Device\\StdPeriph_Driver\\src\\stm32f10x_pwr.c 0x00000000   Number         0  stm32f10x_pwr.o ABSOLUTE
    C:\\Keil_v5\\ARM\\PACK\\Keil\\STM32F1xx_DFP\\2.2.0\\Device\\StdPeriph_Driver\\src\\stm32f10x_rcc.c 0x00000000   Number         0  stm32f10x_rcc.o ABSOLUTE
    C:\\Keil_v5\\ARM\\PACK\\Keil\\STM32F1xx_DFP\\2.2.0\\Device\\StdPeriph_Driver\\src\\stm32f10x_rtc.c 0x00000000   Number         0  stm32f10x_rtc.o ABSOLUTE
    C:\\Keil_v5\\ARM\\PACK\\Keil\\STM32F1xx_DFP\\2.2.0\\Device\\StdPeriph_Driver\\src\\stm32f10x_sdio.c 0x00000000   Number         0  stm32f10x_sdio.o ABSOLUTE
    C:\\Keil_v5\\ARM\\PACK\\Keil\\STM32F1xx_DFP\\2.2.0\\Device\\StdPeriph_Driver\\src\\stm32f10x_spi.c 0x00000000   Number         0  stm32f10x_spi.o ABSOLUTE
    C:\\Keil_v5\\ARM\\PACK\\Keil\\STM32F1xx_DFP\\2.2.0\\Device\\StdPeriph_Driver\\src\\stm32f10x_tim.c 0x00000000   Number         0  stm32f10x_tim.o ABSOLUTE
    C:\\Keil_v5\\ARM\\PACK\\Keil\\STM32F1xx_DFP\\2.2.0\\Device\\StdPeriph_Driver\\src\\stm32f10x_usart.c 0x00000000   Number         0  stm32f10x_usart.o ABSOLUTE
    C:\\Keil_v5\\ARM\\PACK\\Keil\\STM32F1xx_DFP\\2.2.0\\Device\\StdPeriph_Driver\\src\\stm32f10x_wwdg.c 0x00000000   Number         0  stm32f10x_wwdg.o ABSOLUTE
    C:\\Keil_v5\\ARM\\PACK\\Keil\\STM32F1xx_DFP\\2.2.0\\RTE_Driver\\DMA_STM32F10x.c 0x00000000   Number         0  dma_stm32f10x.o ABSOLUTE
    C:\\Keil_v5\\ARM\\PACK\\Keil\\STM32F1xx_DFP\\2.2.0\\RTE_Driver\\GPIO_STM32F10x.c 0x00000000   Number         0  gpio_stm32f10x.o ABSOLUTE
    Driver\PID\PID.c                         0x00000000   Number         0  pid.o ABSOLUTE
    Driver\Sharp\Sharp.c                     0x00000000   Number         0  sharp.o ABSOLUTE
    Driver\VL53L0X\VL53L0X.c                 0x00000000   Number         0  vl53l0x.o ABSOLUTE
    Driver\VL53L0X\VL53L0X_Initialize.c      0x00000000   Number         0  vl53l0x_initialize.o ABSOLUTE
    Driver\\PID\\PID.c                       0x00000000   Number         0  pid.o ABSOLUTE
    Driver\\Sharp\\Sharp.c                   0x00000000   Number         0  sharp.o ABSOLUTE
    Driver\\VL53L0X\\VL53L0X.c               0x00000000   Number         0  vl53l0x.o ABSOLUTE
    Driver\\VL53L0X\\VL53L0X_Initialize.c    0x00000000   Number         0  vl53l0x_initialize.o ABSOLUTE
    RTE\Device\STM32F103C8\startup_stm32f10x_md.s 0x00000000   Number         0  startup_stm32f10x_md.o ABSOLUTE
    RTE\Device\STM32F103C8\system_stm32f10x.c 0x00000000   Number         0  system_stm32f10x.o ABSOLUTE
    RTE\\Device\\STM32F103C8\\system_stm32f10x.c 0x00000000   Number         0  system_stm32f10x.o ABSOLUTE
    User\Engine\Engine.c                     0x00000000   Number         0  engine.o ABSOLUTE
    User\ProximitySensors\ProximitySensors.c 0x00000000   Number         0  proximitysensors.o ABSOLUTE
    User\RuspberryPiConnection\RPConnection.c 0x00000000   Number         0  rpconnection.o ABSOLUTE
    User\Servo\Servo.c                       0x00000000   Number         0  servo.o ABSOLUTE
    User\Settings.c                          0x00000000   Number         0  settings.o ABSOLUTE
    User\UART_Debug\USART_Debug.c            0x00000000   Number         0  usart_debug.o ABSOLUTE
    User\\Engine\\Engine.c                   0x00000000   Number         0  engine.o ABSOLUTE
    User\\ProximitySensors\\ProximitySensors.c 0x00000000   Number         0  proximitysensors.o ABSOLUTE
    User\\RuspberryPiConnection\\RPConnection.c 0x00000000   Number         0  rpconnection.o ABSOLUTE
    User\\Servo\\Servo.c                     0x00000000   Number         0  servo.o ABSOLUTE
    User\\Settings.c                         0x00000000   Number         0  settings.o ABSOLUTE
    User\\UART_Debug\\USART_Debug.c          0x00000000   Number         0  usart_debug.o ABSOLUTE
    User\\main.c                             0x00000000   Number         0  main.o ABSOLUTE
    User\main.c                              0x00000000   Number         0  main.o ABSOLUTE
    dc.s                                     0x00000000   Number         0  dc.o ABSOLUTE
    RESET                                    0x08000000   Section      236  startup_stm32f10x_md.o(RESET)
    !!!main                                  0x080000ec   Section        8  __main.o(!!!main)
    !!!scatter                               0x080000f4   Section       52  __scatter.o(!!!scatter)
    !!handler_copy                           0x08000128   Section       26  __scatter_copy.o(!!handler_copy)
    !!handler_zi                             0x08000144   Section       28  __scatter_zi.o(!!handler_zi)
    .ARM.Collect$$libinit$$00000000          0x08000160   Section        2  libinit.o(.ARM.Collect$$libinit$$00000000)
    .ARM.Collect$$libinit$$00000002          0x08000162   Section        0  libinit2.o(.ARM.Collect$$libinit$$00000002)
    .ARM.Collect$$libinit$$00000004          0x08000162   Section        0  libinit2.o(.ARM.Collect$$libinit$$00000004)
    .ARM.Collect$$libinit$$0000000A          0x08000162   Section        0  libinit2.o(.ARM.Collect$$libinit$$0000000A)
    .ARM.Collect$$libinit$$0000000C          0x08000162   Section        0  libinit2.o(.ARM.Collect$$libinit$$0000000C)
    .ARM.Collect$$libinit$$0000000E          0x08000162   Section        0  libinit2.o(.ARM.Collect$$libinit$$0000000E)
    .ARM.Collect$$libinit$$00000011          0x08000162   Section        0  libinit2.o(.ARM.Collect$$libinit$$00000011)
    .ARM.Collect$$libinit$$00000013          0x08000162   Section        0  libinit2.o(.ARM.Collect$$libinit$$00000013)
    .ARM.Collect$$libinit$$00000015          0x08000162   Section        0  libinit2.o(.ARM.Collect$$libinit$$00000015)
    .ARM.Collect$$libinit$$00000017          0x08000162   Section        0  libinit2.o(.ARM.Collect$$libinit$$00000017)
    .ARM.Collect$$libinit$$00000019          0x08000162   Section        0  libinit2.o(.ARM.Collect$$libinit$$00000019)
    .ARM.Collect$$libinit$$0000001B          0x08000162   Section        0  libinit2.o(.ARM.Collect$$libinit$$0000001B)
    .ARM.Collect$$libinit$$0000001D          0x08000162   Section        0  libinit2.o(.ARM.Collect$$libinit$$0000001D)
    .ARM.Collect$$libinit$$0000001F          0x08000162   Section        0  libinit2.o(.ARM.Collect$$libinit$$0000001F)
    .ARM.Collect$$libinit$$00000021          0x08000162   Section        0  libinit2.o(.ARM.Collect$$libinit$$00000021)
    .ARM.Collect$$libinit$$00000023          0x08000162   Section        0  libinit2.o(.ARM.Collect$$libinit$$00000023)
    .ARM.Collect$$libinit$$00000025          0x08000162   Section        0  libinit2.o(.ARM.Collect$$libinit$$00000025)
    .ARM.Collect$$libinit$$0000002C          0x08000162   Section        0  libinit2.o(.ARM.Collect$$libinit$$0000002C)
    .ARM.Collect$$libinit$$0000002E          0x08000162   Section        0  libinit2.o(.ARM.Collect$$libinit$$0000002E)
    .ARM.Collect$$libinit$$00000030          0x08000162   Section        0  libinit2.o(.ARM.Collect$$libinit$$00000030)
    .ARM.Collect$$libinit$$00000032          0x08000162   Section        0  libinit2.o(.ARM.Collect$$libinit$$00000032)
    .ARM.Collect$$libinit$$00000033          0x08000162   Section        2  libinit2.o(.ARM.Collect$$libinit$$00000033)
    .ARM.Collect$$libshutdown$$00000000      0x08000164   Section        2  libshutdown.o(.ARM.Collect$$libshutdown$$00000000)
    .ARM.Collect$$libshutdown$$00000002      0x08000166   Section        0  libshutdown2.o(.ARM.Collect$$libshutdown$$00000002)
    .ARM.Collect$$libshutdown$$00000004      0x08000166   Section        0  libshutdown2.o(.ARM.Collect$$libshutdown$$00000004)
    .ARM.Collect$$libshutdown$$00000007      0x08000166   Section        0  libshutdown2.o(.ARM.Collect$$libshutdown$$00000007)
    .ARM.Collect$$libshutdown$$0000000A      0x08000166   Section        0  libshutdown2.o(.ARM.Collect$$libshutdown$$0000000A)
    .ARM.Collect$$libshutdown$$0000000C      0x08000166   Section        0  libshutdown2.o(.ARM.Collect$$libshutdown$$0000000C)
    .ARM.Collect$$libshutdown$$0000000F      0x08000166   Section        0  libshutdown2.o(.ARM.Collect$$libshutdown$$0000000F)
    .ARM.Collect$$libshutdown$$00000010      0x08000166   Section        2  libshutdown2.o(.ARM.Collect$$libshutdown$$00000010)
    .ARM.Collect$$rtentry$$00000000          0x08000168   Section        0  __rtentry.o(.ARM.Collect$$rtentry$$00000000)
    .ARM.Collect$$rtentry$$00000002          0x08000168   Section        0  __rtentry2.o(.ARM.Collect$$rtentry$$00000002)
    .ARM.Collect$$rtentry$$00000004          0x08000168   Section        6  __rtentry4.o(.ARM.Collect$$rtentry$$00000004)
    .ARM.Collect$$rtentry$$00000009          0x0800016e   Section        0  __rtentry2.o(.ARM.Collect$$rtentry$$00000009)
    .ARM.Collect$$rtentry$$0000000A          0x0800016e   Section        4  __rtentry2.o(.ARM.Collect$$rtentry$$0000000A)
    .ARM.Collect$$rtentry$$0000000C          0x08000172   Section        0  __rtentry2.o(.ARM.Collect$$rtentry$$0000000C)
    .ARM.Collect$$rtentry$$0000000D          0x08000172   Section        8  __rtentry2.o(.ARM.Collect$$rtentry$$0000000D)
    .ARM.Collect$$rtexit$$00000000           0x0800017a   Section        2  rtexit.o(.ARM.Collect$$rtexit$$00000000)
    .ARM.Collect$$rtexit$$00000002           0x0800017c   Section        0  rtexit2.o(.ARM.Collect$$rtexit$$00000002)
    .ARM.Collect$$rtexit$$00000003           0x0800017c   Section        4  rtexit2.o(.ARM.Collect$$rtexit$$00000003)
    .ARM.Collect$$rtexit$$00000004           0x08000180   Section        6  rtexit2.o(.ARM.Collect$$rtexit$$00000004)
    .text                                    0x08000188   Section       64  startup_stm32f10x_md.o(.text)
    .text                                    0x080001c8   Section        0  heapauxi.o(.text)
    .text                                    0x080001d0   Section        8  libspace.o(.text)
    .text                                    0x080001d8   Section       74  sys_stackheap_outer.o(.text)
    .text                                    0x08000222   Section        0  exit.o(.text)
    .text                                    0x08000234   Section        0  sys_exit.o(.text)
    .text                                    0x08000240   Section        2  use_no_semi.o(.text)
    .text                                    0x08000242   Section        0  indicate_semi.o(.text)
    i.ADC_GetInjectedConversionValue         0x08000242   Section        0  stm32f10x_adc.o(i.ADC_GetInjectedConversionValue)
    i.AngletoPWM                             0x08000260   Section        0  servo.o(i.AngletoPWM)
    AngletoPWM                               0x08000261   Thumb Code    46  servo.o(i.AngletoPWM)
    i.ChangeAngle                            0x0800029c   Section        0  servo.o(i.ChangeAngle)
    i.ChangeSpeed                            0x0800031c   Section        0  engine.o(i.ChangeSpeed)
    i.DMA1_Channel1_Event                    0x08000470   Section        0  dma_stm32f10x.o(i.DMA1_Channel1_Event)
    i.DMA1_Channel1_IRQHandler               0x08000474   Section        0  dma_stm32f10x.o(i.DMA1_Channel1_IRQHandler)
    i.DMA1_Channel2_Event                    0x08000490   Section        0  dma_stm32f10x.o(i.DMA1_Channel2_Event)
    i.DMA1_Channel2_IRQHandler               0x08000494   Section        0  dma_stm32f10x.o(i.DMA1_Channel2_IRQHandler)
    i.DMA1_Channel3_Event                    0x080004b0   Section        0  dma_stm32f10x.o(i.DMA1_Channel3_Event)
    i.DMA1_Channel3_IRQHandler               0x080004b4   Section        0  dma_stm32f10x.o(i.DMA1_Channel3_IRQHandler)
    i.DMA1_Channel4_Event                    0x080004d0   Section        0  dma_stm32f10x.o(i.DMA1_Channel4_Event)
    i.DMA1_Channel4_IRQHandler               0x080004d4   Section        0  dma_stm32f10x.o(i.DMA1_Channel4_IRQHandler)
    i.DMA1_Channel5_Event                    0x080004f0   Section        0  dma_stm32f10x.o(i.DMA1_Channel5_Event)
    i.DMA1_Channel5_IRQHandler               0x080004f4   Section        0  dma_stm32f10x.o(i.DMA1_Channel5_IRQHandler)
    i.DMA1_Channel6_Event                    0x08000510   Section        0  dma_stm32f10x.o(i.DMA1_Channel6_Event)
    i.DMA1_Channel6_IRQHandler               0x08000514   Section        0  dma_stm32f10x.o(i.DMA1_Channel6_IRQHandler)
    i.DMA1_Channel7_Event                    0x08000530   Section        0  dma_stm32f10x.o(i.DMA1_Channel7_Event)
    i.DMA1_Channel7_IRQHandler               0x08000534   Section        0  dma_stm32f10x.o(i.DMA1_Channel7_IRQHandler)
    i.EXTI15_10_IRQHandler                   0x08000550   Section        0  engine.o(i.EXTI15_10_IRQHandler)
    i.EXTI_ClearITPendingBit                 0x08000574   Section        0  stm32f10x_exti.o(i.EXTI_ClearITPendingBit)
    i.EXTI_GetITStatus                       0x08000580   Section        0  stm32f10x_exti.o(i.EXTI_GetITStatus)
    i.EnginePID                              0x080005a8   Section        0  pid.o(i.EnginePID)
    i.GPIO_Init                              0x080005f8   Section        0  stm32f10x_gpio.o(i.GPIO_Init)
    i.GPIO_StructInit                        0x0800070e   Section        0  stm32f10x_gpio.o(i.GPIO_StructInit)
    i.GetAngle                               0x08000720   Section        0  servo.o(i.GetAngle)
    i.GetSpeed                               0x08000764   Section        0  engine.o(i.GetSpeed)
    i.I2C_AcknowledgeConfig                  0x08000770   Section        0  stm32f10x_i2c.o(i.I2C_AcknowledgeConfig)
    i.I2C_CheckEvent                         0x08000788   Section        0  stm32f10x_i2c.o(i.I2C_CheckEvent)
    i.I2C_GenerateSTART                      0x080007b2   Section        0  stm32f10x_i2c.o(i.I2C_GenerateSTART)
    i.I2C_GenerateSTOP                       0x080007ca   Section        0  stm32f10x_i2c.o(i.I2C_GenerateSTOP)
    i.I2C_GetFlagStatus                      0x080007e2   Section        0  stm32f10x_i2c.o(i.I2C_GetFlagStatus)
    i.I2C_ReceiveData                        0x0800081c   Section        0  stm32f10x_i2c.o(i.I2C_ReceiveData)
    i.I2C_Send7bitAddress                    0x08000824   Section        0  stm32f10x_i2c.o(i.I2C_Send7bitAddress)
    i.I2C_SendData                           0x08000836   Section        0  stm32f10x_i2c.o(i.I2C_SendData)
    i.NVIC_PriorityGroupConfig               0x0800083c   Section        0  misc.o(i.NVIC_PriorityGroupConfig)
    i.ProximitySensors_Read                  0x08000850   Section        0  proximitysensors.o(i.ProximitySensors_Read)
    i.RCC_APB1PeriphClockCmd                 0x0800088c   Section        0  stm32f10x_rcc.o(i.RCC_APB1PeriphClockCmd)
    i.RCC_APB2PeriphClockCmd                 0x080008ac   Section        0  stm32f10x_rcc.o(i.RCC_APB2PeriphClockCmd)
    i.RCC_DeInit                             0x080008cc   Section        0  stm32f10x_rcc.o(i.RCC_DeInit)
    i.RCC_GetClocksFreq                      0x08000918   Section        0  stm32f10x_rcc.o(i.RCC_GetClocksFreq)
    i.RCC_GetFlagStatus                      0x080009ec   Section        0  stm32f10x_rcc.o(i.RCC_GetFlagStatus)
    i.RCC_GetSYSCLKSource                    0x08000a28   Section        0  stm32f10x_rcc.o(i.RCC_GetSYSCLKSource)
    i.RCC_HCLKConfig                         0x08000a38   Section        0  stm32f10x_rcc.o(i.RCC_HCLKConfig)
    i.RCC_HSEConfig                          0x08000a50   Section        0  stm32f10x_rcc.o(i.RCC_HSEConfig)
    i.RCC_PCLK1Config                        0x08000a9c   Section        0  stm32f10x_rcc.o(i.RCC_PCLK1Config)
    i.RCC_PCLK2Config                        0x08000ab4   Section        0  stm32f10x_rcc.o(i.RCC_PCLK2Config)
    i.RCC_PLLCmd                             0x08000acc   Section        0  stm32f10x_rcc.o(i.RCC_PLLCmd)
    i.RCC_PLLConfig                          0x08000ad8   Section        0  stm32f10x_rcc.o(i.RCC_PLLConfig)
    i.RCC_SYSCLKConfig                       0x08000af4   Section        0  stm32f10x_rcc.o(i.RCC_SYSCLKConfig)
    i.RCC_WaitForHSEStartUp                  0x08000b0c   Section        0  stm32f10x_rcc.o(i.RCC_WaitForHSEStartUp)
    i.RPConnection_Init                      0x08000b44   Section        0  rpconnection.o(i.RPConnection_Init)
    i.Read_from_One                          0x08000bf8   Section        0  vl53l0x.o(i.Read_from_One)
    i.SendToRaspberryPi                      0x08000c0c   Section        0  rpconnection.o(i.SendToRaspberryPi)
    i.ServoPID                               0x08000c40   Section        0  pid.o(i.ServoPID)
    i.SetSysClock                            0x08000c90   Section        0  system_stm32f10x.o(i.SetSysClock)
    SetSysClock                              0x08000c91   Thumb Code     8  system_stm32f10x.o(i.SetSysClock)
    i.SetSysClockTo72                        0x08000c98   Section        0  settings.o(i.SetSysClockTo72)
    i.SetSysClockTo72                        0x08000cf0   Section        0  system_stm32f10x.o(i.SetSysClockTo72)
    SetSysClockTo72                          0x08000cf1   Thumb Code   214  system_stm32f10x.o(i.SetSysClockTo72)
    i.SysTick_CLKSourceConfig                0x08000dd0   Section        0  misc.o(i.SysTick_CLKSourceConfig)
    i.SysTick_Handler                        0x08000df8   Section        0  settings.o(i.SysTick_Handler)
    i.SysTick_setting                        0x08000e10   Section        0  settings.o(i.SysTick_setting)
    i.SystemInit                             0x08000e2c   Section        0  system_stm32f10x.o(i.SystemInit)
    i.TIM2_IRQHandler                        0x08000e8c   Section        0  main.o(i.TIM2_IRQHandler)
    i.TIM_ClearITPendingBit                  0x08000ef4   Section        0  stm32f10x_tim.o(i.TIM_ClearITPendingBit)
    i.TIM_GetCapture4                        0x08000efa   Section        0  stm32f10x_tim.o(i.TIM_GetCapture4)
    i.TIM_GetITStatus                        0x08000f02   Section        0  stm32f10x_tim.o(i.TIM_GetITStatus)
    i.TIM_SetCompare3                        0x08000f24   Section        0  stm32f10x_tim.o(i.TIM_SetCompare3)
    i.TIM_SetCompare4                        0x08000f28   Section        0  stm32f10x_tim.o(i.TIM_SetCompare4)
    i.USART2_IRQHandler                      0x08000f30   Section        0  rpconnection.o(i.USART2_IRQHandler)
    i.USART_ClearITPendingBit                0x08000f78   Section        0  stm32f10x_usart.o(i.USART_ClearITPendingBit)
    i.USART_Cmd                              0x08000f96   Section        0  stm32f10x_usart.o(i.USART_Cmd)
    i.USART_GetITStatus                      0x08000fae   Section        0  stm32f10x_usart.o(i.USART_GetITStatus)
    i.USART_ITConfig                         0x08001002   Section        0  stm32f10x_usart.o(i.USART_ITConfig)
    i.USART_Init                             0x0800104c   Section        0  stm32f10x_usart.o(i.USART_Init)
    i.USART_ReceiveData                      0x08001124   Section        0  stm32f10x_usart.o(i.USART_ReceiveData)
    i.USART_SendData                         0x0800112e   Section        0  stm32f10x_usart.o(i.USART_SendData)
    i.USART_StructInit                       0x08001136   Section        0  stm32f10x_usart.o(i.USART_StructInit)
    i.VL53L0X_readRangeContinuousMillimeters 0x08001150   Section        0  vl53l0x.o(i.VL53L0X_readRangeContinuousMillimeters)
    i.VL53L0X_readReg                        0x08001180   Section        0  vl53l0x.o(i.VL53L0X_readReg)
    i.VL53L0X_readReg16Bit                   0x0800129c   Section        0  vl53l0x.o(i.VL53L0X_readReg16Bit)
    i.VL53L0X_writeReg                       0x080013c0   Section        0  vl53l0x.o(i.VL53L0X_writeReg)
    i.__NVIC_SetPriority                     0x08001454   Section        0  settings.o(i.__NVIC_SetPriority)
    __NVIC_SetPriority                       0x08001455   Thumb Code    32  settings.o(i.__NVIC_SetPriority)
    i.delay_ms                               0x0800147c   Section        0  settings.o(i.delay_ms)
    i.getNeededSpeed                         0x080014e0   Section        0  rpconnection.o(i.getNeededSpeed)
    i.inform_error                           0x080014ec   Section        0  settings.o(i.inform_error)
    i.main                                   0x080014f0   Section        0  main.o(i.main)
    i.pid                                    0x0800154c   Section        0  pid.o(i.pid)
    pid                                      0x0800154d   Thumb Code   176  pid.o(i.pid)
    i.readSharp                              0x080015fc   Section        0  sharp.o(i.readSharp)
    i.voltToDistance                         0x08001744   Section        0  sharp.o(i.voltToDistance)
    voltToDistance                           0x08001745   Thumb Code   552  sharp.o(i.voltToDistance)
    x$fpl$d2f                                0x080019b0   Section       98  d2f.o(x$fpl$d2f)
    x$fpl$dadd                               0x08001a14   Section      336  daddsub_clz.o(x$fpl$dadd)
    _dadd1                                   0x08001a25   Thumb Code     0  daddsub_clz.o(x$fpl$dadd)
    x$fpl$dcmpinf                            0x08001b64   Section       24  dcmpi.o(x$fpl$dcmpinf)
    x$fpl$ddiv                               0x08001b7c   Section      688  ddiv.o(x$fpl$ddiv)
    ddiv_entry                               0x08001b83   Thumb Code     0  ddiv.o(x$fpl$ddiv)
    x$fpl$dfix                               0x08001e2c   Section       94  dfix.o(x$fpl$dfix)
    x$fpl$dfixu                              0x08001e8c   Section       90  dfixu.o(x$fpl$dfixu)
    x$fpl$dflt                               0x08001ee6   Section       46  dflt_clz.o(x$fpl$dflt)
    x$fpl$dfltu                              0x08001f14   Section       38  dflt_clz.o(x$fpl$dfltu)
    x$fpl$dleqf                              0x08001f3c   Section      120  dleqf.o(x$fpl$dleqf)
    x$fpl$dmul                               0x08001fb4   Section      340  dmul.o(x$fpl$dmul)
    x$fpl$dnaninf                            0x08002108   Section      156  dnaninf.o(x$fpl$dnaninf)
    x$fpl$dretinf                            0x080021a4   Section       12  dretinf.o(x$fpl$dretinf)
    x$fpl$drleqf                             0x080021b0   Section      108  drleqf.o(x$fpl$drleqf)
    x$fpl$drsb                               0x0800221c   Section       22  daddsub_clz.o(x$fpl$drsb)
    x$fpl$dsub                               0x08002234   Section      468  daddsub_clz.o(x$fpl$dsub)
    _dsub1                                   0x08002245   Thumb Code     0  daddsub_clz.o(x$fpl$dsub)
    x$fpl$f2d                                0x08002408   Section       86  f2d.o(x$fpl$f2d)
    x$fpl$fadd                               0x08002460   Section      196  faddsub_clz.o(x$fpl$fadd)
    _fadd1                                   0x0800246f   Thumb Code     0  faddsub_clz.o(x$fpl$fadd)
    x$fpl$fcmpinf                            0x08002524   Section       24  fcmpi.o(x$fpl$fcmpinf)
    x$fpl$fdiv                               0x0800253c   Section      388  fdiv.o(x$fpl$fdiv)
    _fdiv1                                   0x0800253d   Thumb Code     0  fdiv.o(x$fpl$fdiv)
    x$fpl$fleqf                              0x080026c0   Section      104  fleqf.o(x$fpl$fleqf)
    x$fpl$fnaninf                            0x08002728   Section      140  fnaninf.o(x$fpl$fnaninf)
    x$fpl$fretinf                            0x080027b4   Section       10  fretinf.o(x$fpl$fretinf)
    x$fpl$frleqf                             0x080027be   Section       98  frleqf.o(x$fpl$frleqf)
    x$fpl$fsub                               0x08002820   Section      234  faddsub_clz.o(x$fpl$fsub)
    _fsub1                                   0x0800282f   Thumb Code     0  faddsub_clz.o(x$fpl$fsub)
    x$fpl$usenofp                            0x0800290a   Section        0  usenofp.o(x$fpl$usenofp)
    .data                                    0x20000000   Section        4  settings.o(.data)
    delay_ms_count                           0x20000000   Data           4  settings.o(.data)
    .data                                    0x20000004   Section       16  main.o(.data)
    .data                                    0x20000014   Section        4  engine.o(.data)
    speedNow                                 0x20000014   Data           1  engine.o(.data)
    Speed                                    0x20000016   Data           2  engine.o(.data)
    .data                                    0x20000018   Section        1  sharp.o(.data)
    times                                    0x20000018   Data           1  sharp.o(.data)
    .data                                    0x20000020   Section       32  pid.o(.data)
    Servo_previousI                          0x20000020   Data           8  pid.o(.data)
    Servo_previousError                      0x20000028   Data           8  pid.o(.data)
    Engine_previousI                         0x20000030   Data           8  pid.o(.data)
    Engine_previousError                     0x20000038   Data           8  pid.o(.data)
    .data                                    0x20000040   Section        2  rpconnection.o(.data)
    angle                                    0x20000040   Data           1  rpconnection.o(.data)
    speed                                    0x20000041   Data           1  rpconnection.o(.data)
    .data                                    0x20000042   Section       20  stm32f10x_rcc.o(.data)
    APBAHBPrescTable                         0x20000042   Data          16  stm32f10x_rcc.o(.data)
    ADCPrescTable                            0x20000052   Data           4  stm32f10x_rcc.o(.data)
    .data                                    0x20000058   Section       20  system_stm32f10x.o(.data)
    .bss                                     0x2000006c   Section       60  sharp.o(.bss)
    sharps                                   0x2000006c   Data          60  sharp.o(.bss)
    .bss                                     0x200000a8   Section       20  vl53l0x.o(.bss)
    .bss                                     0x200000bc   Section       96  libspace.o(.bss)
    HEAP                                     0x20000120   Section      512  startup_stm32f10x_md.o(HEAP)
    Heap_Mem                                 0x20000120   Data         512  startup_stm32f10x_md.o(HEAP)
    STACK                                    0x20000320   Section     1024  startup_stm32f10x_md.o(STACK)
    Stack_Mem                                0x20000320   Data        1024  startup_stm32f10x_md.o(STACK)
    __initial_sp                             0x20000720   Data           0  startup_stm32f10x_md.o(STACK)

    Global Symbols

    Symbol Name                              Value     Ov Type        Size  Object(Section)

    BuildAttributes$$THM_ISAv4$P$D$K$B$S$PE$A:L22UL41UL21$X:L11$S22US41US21$IEEE1$IW$USESV6$~STKCKD$USESV7$~SHL$OTIME$ROPI$IEEEJ$EBA8$UX$STANDARDLIB$REQ8$PRES8$EABIv2 0x00000000   Number         0  anon$$obj.o ABSOLUTE
    __ARM_use_no_argv                        0x00000000   Number         0  main.o ABSOLUTE
    _printf_flags                            0x00000000   Number         0  printf_stubs.o ABSOLUTE
    _printf_return_value                     0x00000000   Number         0  printf_stubs.o ABSOLUTE
    _printf_sizespec                         0x00000000   Number         0  printf_stubs.o ABSOLUTE
    _printf_widthprec                        0x00000000   Number         0  printf_stubs.o ABSOLUTE
    __ARM_exceptions_init                     - Undefined Weak Reference
    __alloca_initialize                       - Undefined Weak Reference
    __arm_preinit_                            - Undefined Weak Reference
    __cpp_initialize__aeabi_                  - Undefined Weak Reference
    __cxa_finalize                            - Undefined Weak Reference
    __sigvec_lookup                           - Undefined Weak Reference
    _atexit_init                              - Undefined Weak Reference
    _call_atexit_fns                          - Undefined Weak Reference
    _clock_init                               - Undefined Weak Reference
    _fp_trap_init                             - Undefined Weak Reference
    _fp_trap_shutdown                         - Undefined Weak Reference
    _get_lc_collate                           - Undefined Weak Reference
    _get_lc_ctype                             - Undefined Weak Reference
    _get_lc_monetary                          - Undefined Weak Reference
    _get_lc_time                              - Undefined Weak Reference
    _getenv_init                              - Undefined Weak Reference
    _handle_redirection                       - Undefined Weak Reference
    _init_alloc                               - Undefined Weak Reference
    _init_user_alloc                          - Undefined Weak Reference
    _initio                                   - Undefined Weak Reference
    _printf_post_padding                      - Undefined Weak Reference
    _printf_pre_padding                       - Undefined Weak Reference
    _printf_truncate_signed                   - Undefined Weak Reference
    _printf_truncate_unsigned                 - Undefined Weak Reference
    _rand_init                                - Undefined Weak Reference
    _signal_finish                            - Undefined Weak Reference
    _signal_init                              - Undefined Weak Reference
    _terminate_alloc                          - Undefined Weak Reference
    _terminate_user_alloc                     - Undefined Weak Reference
    _terminateio                              - Undefined Weak Reference
    __Vectors_Size                           0x000000ec   Number         0  startup_stm32f10x_md.o ABSOLUTE
    __Vectors                                0x08000000   Data           4  startup_stm32f10x_md.o(RESET)
    __Vectors_End                            0x080000ec   Data           0  startup_stm32f10x_md.o(RESET)
    __main                                   0x080000ed   Thumb Code     8  __main.o(!!!main)
    __scatterload                            0x080000f5   Thumb Code     0  __scatter.o(!!!scatter)
    __scatterload_rt2                        0x080000f5   Thumb Code    44  __scatter.o(!!!scatter)
    __scatterload_rt2_thumb_only             0x080000f5   Thumb Code     0  __scatter.o(!!!scatter)
    __scatterload_null                       0x08000103   Thumb Code     0  __scatter.o(!!!scatter)
    __scatterload_copy                       0x08000129   Thumb Code    26  __scatter_copy.o(!!handler_copy)
    __scatterload_zeroinit                   0x08000145   Thumb Code    28  __scatter_zi.o(!!handler_zi)
    __rt_lib_init                            0x08000161   Thumb Code     0  libinit.o(.ARM.Collect$$libinit$$00000000)
    __rt_lib_init_alloca_1                   0x08000163   Thumb Code     0  libinit2.o(.ARM.Collect$$libinit$$0000002E)
    __rt_lib_init_argv_1                     0x08000163   Thumb Code     0  libinit2.o(.ARM.Collect$$libinit$$0000002C)
    __rt_lib_init_atexit_1                   0x08000163   Thumb Code     0  libinit2.o(.ARM.Collect$$libinit$$0000001B)
    __rt_lib_init_clock_1                    0x08000163   Thumb Code     0  libinit2.o(.ARM.Collect$$libinit$$00000021)
    __rt_lib_init_cpp_1                      0x08000163   Thumb Code     0  libinit2.o(.ARM.Collect$$libinit$$00000032)
    __rt_lib_init_exceptions_1               0x08000163   Thumb Code     0  libinit2.o(.ARM.Collect$$libinit$$00000030)
    __rt_lib_init_fp_1                       0x08000163   Thumb Code     0  libinit2.o(.ARM.Collect$$libinit$$00000002)
    __rt_lib_init_fp_trap_1                  0x08000163   Thumb Code     0  libinit2.o(.ARM.Collect$$libinit$$0000001F)
    __rt_lib_init_getenv_1                   0x08000163   Thumb Code     0  libinit2.o(.ARM.Collect$$libinit$$00000023)
    __rt_lib_init_heap_1                     0x08000163   Thumb Code     0  libinit2.o(.ARM.Collect$$libinit$$0000000A)
    __rt_lib_init_lc_collate_1               0x08000163   Thumb Code     0  libinit2.o(.ARM.Collect$$libinit$$00000011)
    __rt_lib_init_lc_ctype_1                 0x08000163   Thumb Code     0  libinit2.o(.ARM.Collect$$libinit$$00000013)
    __rt_lib_init_lc_monetary_1              0x08000163   Thumb Code     0  libinit2.o(.ARM.Collect$$libinit$$00000015)
    __rt_lib_init_lc_numeric_1               0x08000163   Thumb Code     0  libinit2.o(.ARM.Collect$$libinit$$00000017)
    __rt_lib_init_lc_time_1                  0x08000163   Thumb Code     0  libinit2.o(.ARM.Collect$$libinit$$00000019)
    __rt_lib_init_preinit_1                  0x08000163   Thumb Code     0  libinit2.o(.ARM.Collect$$libinit$$00000004)
    __rt_lib_init_rand_1                     0x08000163   Thumb Code     0  libinit2.o(.ARM.Collect$$libinit$$0000000E)
    __rt_lib_init_return                     0x08000163   Thumb Code     0  libinit2.o(.ARM.Collect$$libinit$$00000033)
    __rt_lib_init_signal_1                   0x08000163   Thumb Code     0  libinit2.o(.ARM.Collect$$libinit$$0000001D)
    __rt_lib_init_stdio_1                    0x08000163   Thumb Code     0  libinit2.o(.ARM.Collect$$libinit$$00000025)
    __rt_lib_init_user_alloc_1               0x08000163   Thumb Code     0  libinit2.o(.ARM.Collect$$libinit$$0000000C)
    __rt_lib_shutdown                        0x08000165   Thumb Code     0  libshutdown.o(.ARM.Collect$$libshutdown$$00000000)
    __rt_lib_shutdown_cpp_1                  0x08000167   Thumb Code     0  libshutdown2.o(.ARM.Collect$$libshutdown$$00000002)
    __rt_lib_shutdown_fp_trap_1              0x08000167   Thumb Code     0  libshutdown2.o(.ARM.Collect$$libshutdown$$00000007)
    __rt_lib_shutdown_heap_1                 0x08000167   Thumb Code     0  libshutdown2.o(.ARM.Collect$$libshutdown$$0000000F)
    __rt_lib_shutdown_return                 0x08000167   Thumb Code     0  libshutdown2.o(.ARM.Collect$$libshutdown$$00000010)
    __rt_lib_shutdown_signal_1               0x08000167   Thumb Code     0  libshutdown2.o(.ARM.Collect$$libshutdown$$0000000A)
    __rt_lib_shutdown_stdio_1                0x08000167   Thumb Code     0  libshutdown2.o(.ARM.Collect$$libshutdown$$00000004)
    __rt_lib_shutdown_user_alloc_1           0x08000167   Thumb Code     0  libshutdown2.o(.ARM.Collect$$libshutdown$$0000000C)
    __rt_entry                               0x08000169   Thumb Code     0  __rtentry.o(.ARM.Collect$$rtentry$$00000000)
    __rt_entry_presh_1                       0x08000169   Thumb Code     0  __rtentry2.o(.ARM.Collect$$rtentry$$00000002)
    __rt_entry_sh                            0x08000169   Thumb Code     0  __rtentry4.o(.ARM.Collect$$rtentry$$00000004)
    __rt_entry_li                            0x0800016f   Thumb Code     0  __rtentry2.o(.ARM.Collect$$rtentry$$0000000A)
    __rt_entry_postsh_1                      0x0800016f   Thumb Code     0  __rtentry2.o(.ARM.Collect$$rtentry$$00000009)
    __rt_entry_main                          0x08000173   Thumb Code     0  __rtentry2.o(.ARM.Collect$$rtentry$$0000000D)
    __rt_entry_postli_1                      0x08000173   Thumb Code     0  __rtentry2.o(.ARM.Collect$$rtentry$$0000000C)
    __rt_exit                                0x0800017b   Thumb Code     0  rtexit.o(.ARM.Collect$$rtexit$$00000000)
    __rt_exit_ls                             0x0800017d   Thumb Code     0  rtexit2.o(.ARM.Collect$$rtexit$$00000003)
    __rt_exit_prels_1                        0x0800017d   Thumb Code     0  rtexit2.o(.ARM.Collect$$rtexit$$00000002)
    __rt_exit_exit                           0x08000181   Thumb Code     0  rtexit2.o(.ARM.Collect$$rtexit$$00000004)
    Reset_Handler                            0x08000189   Thumb Code     8  startup_stm32f10x_md.o(.text)
    NMI_Handler                              0x08000191   Thumb Code     2  startup_stm32f10x_md.o(.text)
    HardFault_Handler                        0x08000193   Thumb Code     2  startup_stm32f10x_md.o(.text)
    MemManage_Handler                        0x08000195   Thumb Code     2  startup_stm32f10x_md.o(.text)
    BusFault_Handler                         0x08000197   Thumb Code     2  startup_stm32f10x_md.o(.text)
    UsageFault_Handler                       0x08000199   Thumb Code     2  startup_stm32f10x_md.o(.text)
    SVC_Handler                              0x0800019b   Thumb Code     2  startup_stm32f10x_md.o(.text)
    DebugMon_Handler                         0x0800019d   Thumb Code     2  startup_stm32f10x_md.o(.text)
    PendSV_Handler                           0x0800019f   Thumb Code     2  startup_stm32f10x_md.o(.text)
    ADC1_2_IRQHandler                        0x080001a3   Thumb Code     0  startup_stm32f10x_md.o(.text)
    CAN1_RX1_IRQHandler                      0x080001a3   Thumb Code     0  startup_stm32f10x_md.o(.text)
    CAN1_SCE_IRQHandler                      0x080001a3   Thumb Code     0  startup_stm32f10x_md.o(.text)
    EXTI0_IRQHandler                         0x080001a3   Thumb Code     0  startup_stm32f10x_md.o(.text)
    EXTI1_IRQHandler                         0x080001a3   Thumb Code     0  startup_stm32f10x_md.o(.text)
    EXTI2_IRQHandler                         0x080001a3   Thumb Code     0  startup_stm32f10x_md.o(.text)
    EXTI3_IRQHandler                         0x080001a3   Thumb Code     0  startup_stm32f10x_md.o(.text)
    EXTI4_IRQHandler                         0x080001a3   Thumb Code     0  startup_stm32f10x_md.o(.text)
    EXTI9_5_IRQHandler                       0x080001a3   Thumb Code     0  startup_stm32f10x_md.o(.text)
    FLASH_IRQHandler                         0x080001a3   Thumb Code     0  startup_stm32f10x_md.o(.text)
    I2C1_ER_IRQHandler                       0x080001a3   Thumb Code     0  startup_stm32f10x_md.o(.text)
    I2C1_EV_IRQHandler                       0x080001a3   Thumb Code     0  startup_stm32f10x_md.o(.text)
    I2C2_ER_IRQHandler                       0x080001a3   Thumb Code     0  startup_stm32f10x_md.o(.text)
    I2C2_EV_IRQHandler                       0x080001a3   Thumb Code     0  startup_stm32f10x_md.o(.text)
    PVD_IRQHandler                           0x080001a3   Thumb Code     0  startup_stm32f10x_md.o(.text)
    RCC_IRQHandler                           0x080001a3   Thumb Code     0  startup_stm32f10x_md.o(.text)
    RTCAlarm_IRQHandler                      0x080001a3   Thumb Code     0  startup_stm32f10x_md.o(.text)
    RTC_IRQHandler                           0x080001a3   Thumb Code     0  startup_stm32f10x_md.o(.text)
    SPI1_IRQHandler                          0x080001a3   Thumb Code     0  startup_stm32f10x_md.o(.text)
    SPI2_IRQHandler                          0x080001a3   Thumb Code     0  startup_stm32f10x_md.o(.text)
    TAMPER_IRQHandler                        0x080001a3   Thumb Code     0  startup_stm32f10x_md.o(.text)
    TIM1_BRK_IRQHandler                      0x080001a3   Thumb Code     0  startup_stm32f10x_md.o(.text)
    TIM1_CC_IRQHandler                       0x080001a3   Thumb Code     0  startup_stm32f10x_md.o(.text)
    TIM1_TRG_COM_IRQHandler                  0x080001a3   Thumb Code     0  startup_stm32f10x_md.o(.text)
    TIM1_UP_IRQHandler                       0x080001a3   Thumb Code     0  startup_stm32f10x_md.o(.text)
    TIM3_IRQHandler                          0x080001a3   Thumb Code     0  startup_stm32f10x_md.o(.text)
    TIM4_IRQHandler                          0x080001a3   Thumb Code     0  startup_stm32f10x_md.o(.text)
    USART1_IRQHandler                        0x080001a3   Thumb Code     0  startup_stm32f10x_md.o(.text)
    USART3_IRQHandler                        0x080001a3   Thumb Code     0  startup_stm32f10x_md.o(.text)
    USBWakeUp_IRQHandler                     0x080001a3   Thumb Code     0  startup_stm32f10x_md.o(.text)
    USB_HP_CAN1_TX_IRQHandler                0x080001a3   Thumb Code     0  startup_stm32f10x_md.o(.text)
    USB_LP_CAN1_RX0_IRQHandler               0x080001a3   Thumb Code     0  startup_stm32f10x_md.o(.text)
    WWDG_IRQHandler                          0x080001a3   Thumb Code     0  startup_stm32f10x_md.o(.text)
    __user_initial_stackheap                 0x080001a5   Thumb Code     0  startup_stm32f10x_md.o(.text)
    __use_two_region_memory                  0x080001c9   Thumb Code     2  heapauxi.o(.text)
    __rt_heap_escrow$2region                 0x080001cb   Thumb Code     2  heapauxi.o(.text)
    __rt_heap_expand$2region                 0x080001cd   Thumb Code     2  heapauxi.o(.text)
    __user_libspace                          0x080001d1   Thumb Code     8  libspace.o(.text)
    __user_perproc_libspace                  0x080001d1   Thumb Code     0  libspace.o(.text)
    __user_perthread_libspace                0x080001d1   Thumb Code     0  libspace.o(.text)
    __user_setup_stackheap                   0x080001d9   Thumb Code    74  sys_stackheap_outer.o(.text)
    exit                                     0x08000223   Thumb Code    18  exit.o(.text)
    _sys_exit                                0x08000235   Thumb Code     8  sys_exit.o(.text)
    __I$use$semihosting                      0x08000241   Thumb Code     0  use_no_semi.o(.text)
    __use_no_semihosting_swi                 0x08000241   Thumb Code     2  use_no_semi.o(.text)
    ADC_GetInjectedConversionValue           0x08000243   Thumb Code    28  stm32f10x_adc.o(i.ADC_GetInjectedConversionValue)
    __semihosting_library_function           0x08000243   Thumb Code     0  indicate_semi.o(.text)
    ChangeAngle                              0x0800029d   Thumb Code   106  servo.o(i.ChangeAngle)
    ChangeSpeed                              0x0800031d   Thumb Code   300  engine.o(i.ChangeSpeed)
    DMA1_Channel1_Event                      0x08000471   Thumb Code     2  dma_stm32f10x.o(i.DMA1_Channel1_Event)
    DMA1_Channel1_IRQHandler                 0x08000475   Thumb Code    22  dma_stm32f10x.o(i.DMA1_Channel1_IRQHandler)
    DMA1_Channel2_Event                      0x08000491   Thumb Code     2  dma_stm32f10x.o(i.DMA1_Channel2_Event)
    DMA1_Channel2_IRQHandler                 0x08000495   Thumb Code    24  dma_stm32f10x.o(i.DMA1_Channel2_IRQHandler)
    DMA1_Channel3_Event                      0x080004b1   Thumb Code     2  dma_stm32f10x.o(i.DMA1_Channel3_Event)
    DMA1_Channel3_IRQHandler                 0x080004b5   Thumb Code    24  dma_stm32f10x.o(i.DMA1_Channel3_IRQHandler)
    DMA1_Channel4_Event                      0x080004d1   Thumb Code     2  dma_stm32f10x.o(i.DMA1_Channel4_Event)
    DMA1_Channel4_IRQHandler                 0x080004d5   Thumb Code    24  dma_stm32f10x.o(i.DMA1_Channel4_IRQHandler)
    DMA1_Channel5_Event                      0x080004f1   Thumb Code     2  dma_stm32f10x.o(i.DMA1_Channel5_Event)
    DMA1_Channel5_IRQHandler                 0x080004f5   Thumb Code    24  dma_stm32f10x.o(i.DMA1_Channel5_IRQHandler)
    DMA1_Channel6_Event                      0x08000511   Thumb Code     2  dma_stm32f10x.o(i.DMA1_Channel6_Event)
    DMA1_Channel6_IRQHandler                 0x08000515   Thumb Code    24  dma_stm32f10x.o(i.DMA1_Channel6_IRQHandler)
    DMA1_Channel7_Event                      0x08000531   Thumb Code     2  dma_stm32f10x.o(i.DMA1_Channel7_Event)
    DMA1_Channel7_IRQHandler                 0x08000535   Thumb Code    24  dma_stm32f10x.o(i.DMA1_Channel7_IRQHandler)
    EXTI15_10_IRQHandler                     0x08000551   Thumb Code    32  engine.o(i.EXTI15_10_IRQHandler)
    EXTI_ClearITPendingBit                   0x08000575   Thumb Code     6  stm32f10x_exti.o(i.EXTI_ClearITPendingBit)
    EXTI_GetITStatus                         0x08000581   Thumb Code    34  stm32f10x_exti.o(i.EXTI_GetITStatus)
    EnginePID                                0x080005a9   Thumb Code    70  pid.o(i.EnginePID)
    GPIO_Init                                0x080005f9   Thumb Code   278  stm32f10x_gpio.o(i.GPIO_Init)
    GPIO_StructInit                          0x0800070f   Thumb Code    16  stm32f10x_gpio.o(i.GPIO_StructInit)
    GetAngle                                 0x08000721   Thumb Code    52  servo.o(i.GetAngle)
    GetSpeed                                 0x08000765   Thumb Code     6  engine.o(i.GetSpeed)
    I2C_AcknowledgeConfig                    0x08000771   Thumb Code    24  stm32f10x_i2c.o(i.I2C_AcknowledgeConfig)
    I2C_CheckEvent                           0x08000789   Thumb Code    42  stm32f10x_i2c.o(i.I2C_CheckEvent)
    I2C_GenerateSTART                        0x080007b3   Thumb Code    24  stm32f10x_i2c.o(i.I2C_GenerateSTART)
    I2C_GenerateSTOP                         0x080007cb   Thumb Code    24  stm32f10x_i2c.o(i.I2C_GenerateSTOP)
    I2C_GetFlagStatus                        0x080007e3   Thumb Code    58  stm32f10x_i2c.o(i.I2C_GetFlagStatus)
    I2C_ReceiveData                          0x0800081d   Thumb Code     8  stm32f10x_i2c.o(i.I2C_ReceiveData)
    I2C_Send7bitAddress                      0x08000825   Thumb Code    18  stm32f10x_i2c.o(i.I2C_Send7bitAddress)
    I2C_SendData                             0x08000837   Thumb Code     4  stm32f10x_i2c.o(i.I2C_SendData)
    NVIC_PriorityGroupConfig                 0x0800083d   Thumb Code    10  misc.o(i.NVIC_PriorityGroupConfig)
    ProximitySensors_Read                    0x08000851   Thumb Code    60  proximitysensors.o(i.ProximitySensors_Read)
    RCC_APB1PeriphClockCmd                   0x0800088d   Thumb Code    26  stm32f10x_rcc.o(i.RCC_APB1PeriphClockCmd)
    RCC_APB2PeriphClockCmd                   0x080008ad   Thumb Code    26  stm32f10x_rcc.o(i.RCC_APB2PeriphClockCmd)
    RCC_DeInit                               0x080008cd   Thumb Code    64  stm32f10x_rcc.o(i.RCC_DeInit)
    RCC_GetClocksFreq                        0x08000919   Thumb Code   192  stm32f10x_rcc.o(i.RCC_GetClocksFreq)
    RCC_GetFlagStatus                        0x080009ed   Thumb Code    56  stm32f10x_rcc.o(i.RCC_GetFlagStatus)
    RCC_GetSYSCLKSource                      0x08000a29   Thumb Code    10  stm32f10x_rcc.o(i.RCC_GetSYSCLKSource)
    RCC_HCLKConfig                           0x08000a39   Thumb Code    18  stm32f10x_rcc.o(i.RCC_HCLKConfig)
    RCC_HSEConfig                            0x08000a51   Thumb Code    70  stm32f10x_rcc.o(i.RCC_HSEConfig)
    RCC_PCLK1Config                          0x08000a9d   Thumb Code    18  stm32f10x_rcc.o(i.RCC_PCLK1Config)
    RCC_PCLK2Config                          0x08000ab5   Thumb Code    20  stm32f10x_rcc.o(i.RCC_PCLK2Config)
    RCC_PLLCmd                               0x08000acd   Thumb Code     6  stm32f10x_rcc.o(i.RCC_PLLCmd)
    RCC_PLLConfig                            0x08000ad9   Thumb Code    24  stm32f10x_rcc.o(i.RCC_PLLConfig)
    RCC_SYSCLKConfig                         0x08000af5   Thumb Code    18  stm32f10x_rcc.o(i.RCC_SYSCLKConfig)
    RCC_WaitForHSEStartUp                    0x08000b0d   Thumb Code    56  stm32f10x_rcc.o(i.RCC_WaitForHSEStartUp)
    RPConnection_Init                        0x08000b45   Thumb Code   170  rpconnection.o(i.RPConnection_Init)
    Read_from_One                            0x08000bf9   Thumb Code    14  vl53l0x.o(i.Read_from_One)
    SendToRaspberryPi                        0x08000c0d   Thumb Code    46  rpconnection.o(i.SendToRaspberryPi)
    ServoPID                                 0x08000c41   Thumb Code    70  pid.o(i.ServoPID)
    SetSysClockTo72                          0x08000c99   Thumb Code    88  settings.o(i.SetSysClockTo72)
    SysTick_CLKSourceConfig                  0x08000dd1   Thumb Code    40  misc.o(i.SysTick_CLKSourceConfig)
    SysTick_Handler                          0x08000df9   Thumb Code    18  settings.o(i.SysTick_Handler)
    SysTick_setting                          0x08000e11   Thumb Code    26  settings.o(i.SysTick_setting)
    SystemInit                               0x08000e2d   Thumb Code    78  system_stm32f10x.o(i.SystemInit)
    TIM2_IRQHandler                          0x08000e8d   Thumb Code    96  main.o(i.TIM2_IRQHandler)
    TIM_ClearITPendingBit                    0x08000ef5   Thumb Code     6  stm32f10x_tim.o(i.TIM_ClearITPendingBit)
    TIM_GetCapture4                          0x08000efb   Thumb Code     8  stm32f10x_tim.o(i.TIM_GetCapture4)
    TIM_GetITStatus                          0x08000f03   Thumb Code    34  stm32f10x_tim.o(i.TIM_GetITStatus)
    TIM_SetCompare3                          0x08000f25   Thumb Code     4  stm32f10x_tim.o(i.TIM_SetCompare3)
    TIM_SetCompare4                          0x08000f29   Thumb Code     6  stm32f10x_tim.o(i.TIM_SetCompare4)
    USART2_IRQHandler                        0x08000f31   Thumb Code    58  rpconnection.o(i.USART2_IRQHandler)
    USART_ClearITPendingBit                  0x08000f79   Thumb Code    30  stm32f10x_usart.o(i.USART_ClearITPendingBit)
    USART_Cmd                                0x08000f97   Thumb Code    24  stm32f10x_usart.o(i.USART_Cmd)
    USART_GetITStatus                        0x08000faf   Thumb Code    84  stm32f10x_usart.o(i.USART_GetITStatus)
    USART_ITConfig                           0x08001003   Thumb Code    74  stm32f10x_usart.o(i.USART_ITConfig)
    USART_Init                               0x0800104d   Thumb Code   210  stm32f10x_usart.o(i.USART_Init)
    USART_ReceiveData                        0x08001125   Thumb Code    10  stm32f10x_usart.o(i.USART_ReceiveData)
    USART_SendData                           0x0800112f   Thumb Code     8  stm32f10x_usart.o(i.USART_SendData)
    USART_StructInit                         0x08001137   Thumb Code    24  stm32f10x_usart.o(i.USART_StructInit)
    VL53L0X_readRangeContinuousMillimeters   0x08001151   Thumb Code    44  vl53l0x.o(i.VL53L0X_readRangeContinuousMillimeters)
    VL53L0X_readReg                          0x08001181   Thumb Code   262  vl53l0x.o(i.VL53L0X_readReg)
    VL53L0X_readReg16Bit                     0x0800129d   Thumb Code   270  vl53l0x.o(i.VL53L0X_readReg16Bit)
    VL53L0X_writeReg                         0x080013c1   Thumb Code   126  vl53l0x.o(i.VL53L0X_writeReg)
    delay_ms                                 0x0800147d   Thumb Code    90  settings.o(i.delay_ms)
    getNeededSpeed                           0x080014e1   Thumb Code     6  rpconnection.o(i.getNeededSpeed)
    inform_error                             0x080014ed   Thumb Code     2  settings.o(i.inform_error)
    main                                     0x080014f1   Thumb Code    78  main.o(i.main)
    readSharp                                0x080015fd   Thumb Code   310  sharp.o(i.readSharp)
    __aeabi_d2f                              0x080019b1   Thumb Code     0  d2f.o(x$fpl$d2f)
    _d2f                                     0x080019b1   Thumb Code    98  d2f.o(x$fpl$d2f)
    __aeabi_dadd                             0x08001a15   Thumb Code     0  daddsub_clz.o(x$fpl$dadd)
    _dadd                                    0x08001a15   Thumb Code   332  daddsub_clz.o(x$fpl$dadd)
    __fpl_dcmp_Inf                           0x08001b65   Thumb Code    24  dcmpi.o(x$fpl$dcmpinf)
    __aeabi_ddiv                             0x08001b7d   Thumb Code     0  ddiv.o(x$fpl$ddiv)
    _ddiv                                    0x08001b7d   Thumb Code   552  ddiv.o(x$fpl$ddiv)
    __aeabi_d2iz                             0x08001e2d   Thumb Code     0  dfix.o(x$fpl$dfix)
    _dfix                                    0x08001e2d   Thumb Code    94  dfix.o(x$fpl$dfix)
    __aeabi_d2uiz                            0x08001e8d   Thumb Code     0  dfixu.o(x$fpl$dfixu)
    _dfixu                                   0x08001e8d   Thumb Code    90  dfixu.o(x$fpl$dfixu)
    __aeabi_i2d                              0x08001ee7   Thumb Code     0  dflt_clz.o(x$fpl$dflt)
    _dflt                                    0x08001ee7   Thumb Code    46  dflt_clz.o(x$fpl$dflt)
    __aeabi_ui2d                             0x08001f15   Thumb Code     0  dflt_clz.o(x$fpl$dfltu)
    _dfltu                                   0x08001f15   Thumb Code    38  dflt_clz.o(x$fpl$dfltu)
    __aeabi_cdcmple                          0x08001f3d   Thumb Code     0  dleqf.o(x$fpl$dleqf)
    _dcmple                                  0x08001f3d   Thumb Code   120  dleqf.o(x$fpl$dleqf)
    __fpl_dcmple_InfNaN                      0x08001f9f   Thumb Code     0  dleqf.o(x$fpl$dleqf)
    __aeabi_dmul                             0x08001fb5   Thumb Code     0  dmul.o(x$fpl$dmul)
    _dmul                                    0x08001fb5   Thumb Code   332  dmul.o(x$fpl$dmul)
    __fpl_dnaninf                            0x08002109   Thumb Code   156  dnaninf.o(x$fpl$dnaninf)
    __fpl_dretinf                            0x080021a5   Thumb Code    12  dretinf.o(x$fpl$dretinf)
    __aeabi_cdrcmple                         0x080021b1   Thumb Code     0  drleqf.o(x$fpl$drleqf)
    _drcmple                                 0x080021b1   Thumb Code   108  drleqf.o(x$fpl$drleqf)
    __aeabi_drsub                            0x0800221d   Thumb Code     0  daddsub_clz.o(x$fpl$drsb)
    _drsb                                    0x0800221d   Thumb Code    22  daddsub_clz.o(x$fpl$drsb)
    __aeabi_dsub                             0x08002235   Thumb Code     0  daddsub_clz.o(x$fpl$dsub)
    _dsub                                    0x08002235   Thumb Code   464  daddsub_clz.o(x$fpl$dsub)
    __aeabi_f2d                              0x08002409   Thumb Code     0  f2d.o(x$fpl$f2d)
    _f2d                                     0x08002409   Thumb Code    86  f2d.o(x$fpl$f2d)
    __aeabi_fadd                             0x08002461   Thumb Code     0  faddsub_clz.o(x$fpl$fadd)
    _fadd                                    0x08002461   Thumb Code   196  faddsub_clz.o(x$fpl$fadd)
    __fpl_fcmp_Inf                           0x08002525   Thumb Code    24  fcmpi.o(x$fpl$fcmpinf)
    __aeabi_fdiv                             0x0800253d   Thumb Code     0  fdiv.o(x$fpl$fdiv)
    _fdiv                                    0x0800253d   Thumb Code   384  fdiv.o(x$fpl$fdiv)
    __aeabi_cfcmple                          0x080026c1   Thumb Code     0  fleqf.o(x$fpl$fleqf)
    _fcmple                                  0x080026c1   Thumb Code   104  fleqf.o(x$fpl$fleqf)
    __fpl_fcmple_InfNaN                      0x08002713   Thumb Code     0  fleqf.o(x$fpl$fleqf)
    __fpl_fnaninf                            0x08002729   Thumb Code   140  fnaninf.o(x$fpl$fnaninf)
    __fpl_fretinf                            0x080027b5   Thumb Code    10  fretinf.o(x$fpl$fretinf)
    __aeabi_cfrcmple                         0x080027bf   Thumb Code     0  frleqf.o(x$fpl$frleqf)
    _frcmple                                 0x080027bf   Thumb Code    98  frleqf.o(x$fpl$frleqf)
    __aeabi_fsub                             0x08002821   Thumb Code     0  faddsub_clz.o(x$fpl$fsub)
    _fsub                                    0x08002821   Thumb Code   234  faddsub_clz.o(x$fpl$fsub)
    __I$use$fp                               0x0800290a   Number         0  usenofp.o(x$fpl$usenofp)
    Region$$Table$$Base                      0x0800290c   Number         0  anon$$obj.o(Region$$Table)
    Region$$Table$$Limit                     0x0800292c   Number         0  anon$$obj.o(Region$$Table)
    proximitySensors                         0x20000004   Data           5  main.o(.data)
    times                                    0x20000009   Data           1  main.o(.data)
    data                                     0x2000000a   Data           2  main.o(.data)
    angle                                    0x2000000c   Data           4  main.o(.data)
    speed                                    0x20000010   Data           4  main.o(.data)
    SystemCoreClock                          0x20000058   Data           4  system_stm32f10x.o(.data)
    AHBPrescTable                            0x2000005c   Data          16  system_stm32f10x.o(.data)
    VL53L0X                                  0x200000a8   Data          20  vl53l0x.o(.bss)
    __libspace_start                         0x200000bc   Data          96  libspace.o(.bss)
    __temporary_stack_top$libspace           0x2000011c   Data           0  libspace.o(.bss)



==============================================================================

Memory Map of the image

  Image Entry point : 0x08000189

  Load Region LR_1 (Base: 0x08000000, Size: 0x00002998, Max: 0xffffffff, ABSOLUTE)

    Execution Region ER_RO (Exec base: 0x08000000, Load base: 0x08000000, Size: 0x0000292c, Max: 0xffffffff, ABSOLUTE)

    Exec Addr    Load Addr    Size         Type   Attr      Idx    E Section Name        Object

    0x08000000   0x08000000   0x000000ec   Data   RO         4279    RESET               startup_stm32f10x_md.o
    0x080000ec   0x080000ec   0x00000008   Code   RO         4369  * !!!main             c_w.l(__main.o)
    0x080000f4   0x080000f4   0x00000034   Code   RO         4656    !!!scatter          c_w.l(__scatter.o)
    0x08000128   0x08000128   0x0000001a   Code   RO         4658    !!handler_copy      c_w.l(__scatter_copy.o)
    0x08000142   0x08000142   0x00000002   PAD
    0x08000144   0x08000144   0x0000001c   Code   RO         4660    !!handler_zi        c_w.l(__scatter_zi.o)
    0x08000160   0x08000160   0x00000002   Code   RO         4529    .ARM.Collect$$libinit$$00000000  c_w.l(libinit.o)
    0x08000162   0x08000162   0x00000000   Code   RO         4531    .ARM.Collect$$libinit$$00000002  c_w.l(libinit2.o)
    0x08000162   0x08000162   0x00000000   Code   RO         4533    .ARM.Collect$$libinit$$00000004  c_w.l(libinit2.o)
    0x08000162   0x08000162   0x00000000   Code   RO         4536    .ARM.Collect$$libinit$$0000000A  c_w.l(libinit2.o)
    0x08000162   0x08000162   0x00000000   Code   RO         4538    .ARM.Collect$$libinit$$0000000C  c_w.l(libinit2.o)
    0x08000162   0x08000162   0x00000000   Code   RO         4540    .ARM.Collect$$libinit$$0000000E  c_w.l(libinit2.o)
    0x08000162   0x08000162   0x00000000   Code   RO         4543    .ARM.Collect$$libinit$$00000011  c_w.l(libinit2.o)
    0x08000162   0x08000162   0x00000000   Code   RO         4545    .ARM.Collect$$libinit$$00000013  c_w.l(libinit2.o)
    0x08000162   0x08000162   0x00000000   Code   RO         4547    .ARM.Collect$$libinit$$00000015  c_w.l(libinit2.o)
    0x08000162   0x08000162   0x00000000   Code   RO         4549    .ARM.Collect$$libinit$$00000017  c_w.l(libinit2.o)
    0x08000162   0x08000162   0x00000000   Code   RO         4551    .ARM.Collect$$libinit$$00000019  c_w.l(libinit2.o)
    0x08000162   0x08000162   0x00000000   Code   RO         4553    .ARM.Collect$$libinit$$0000001B  c_w.l(libinit2.o)
    0x08000162   0x08000162   0x00000000   Code   RO         4555    .ARM.Collect$$libinit$$0000001D  c_w.l(libinit2.o)
    0x08000162   0x08000162   0x00000000   Code   RO         4557    .ARM.Collect$$libinit$$0000001F  c_w.l(libinit2.o)
    0x08000162   0x08000162   0x00000000   Code   RO         4559    .ARM.Collect$$libinit$$00000021  c_w.l(libinit2.o)
    0x08000162   0x08000162   0x00000000   Code   RO         4561    .ARM.Collect$$libinit$$00000023  c_w.l(libinit2.o)
    0x08000162   0x08000162   0x00000000   Code   RO         4563    .ARM.Collect$$libinit$$00000025  c_w.l(libinit2.o)
    0x08000162   0x08000162   0x00000000   Code   RO         4567    .ARM.Collect$$libinit$$0000002C  c_w.l(libinit2.o)
    0x08000162   0x08000162   0x00000000   Code   RO         4569    .ARM.Collect$$libinit$$0000002E  c_w.l(libinit2.o)
    0x08000162   0x08000162   0x00000000   Code   RO         4571    .ARM.Collect$$libinit$$00000030  c_w.l(libinit2.o)
    0x08000162   0x08000162   0x00000000   Code   RO         4573    .ARM.Collect$$libinit$$00000032  c_w.l(libinit2.o)
    0x08000162   0x08000162   0x00000002   Code   RO         4574    .ARM.Collect$$libinit$$00000033  c_w.l(libinit2.o)
    0x08000164   0x08000164   0x00000002   Code   RO         4604    .ARM.Collect$$libshutdown$$00000000  c_w.l(libshutdown.o)
    0x08000166   0x08000166   0x00000000   Code   RO         4615    .ARM.Collect$$libshutdown$$00000002  c_w.l(libshutdown2.o)
    0x08000166   0x08000166   0x00000000   Code   RO         4617    .ARM.Collect$$libshutdown$$00000004  c_w.l(libshutdown2.o)
    0x08000166   0x08000166   0x00000000   Code   RO         4620    .ARM.Collect$$libshutdown$$00000007  c_w.l(libshutdown2.o)
    0x08000166   0x08000166   0x00000000   Code   RO         4623    .ARM.Collect$$libshutdown$$0000000A  c_w.l(libshutdown2.o)
    0x08000166   0x08000166   0x00000000   Code   RO         4625    .ARM.Collect$$libshutdown$$0000000C  c_w.l(libshutdown2.o)
    0x08000166   0x08000166   0x00000000   Code   RO         4628    .ARM.Collect$$libshutdown$$0000000F  c_w.l(libshutdown2.o)
    0x08000166   0x08000166   0x00000002   Code   RO         4629    .ARM.Collect$$libshutdown$$00000010  c_w.l(libshutdown2.o)
    0x08000168   0x08000168   0x00000000   Code   RO         4433    .ARM.Collect$$rtentry$$00000000  c_w.l(__rtentry.o)
    0x08000168   0x08000168   0x00000000   Code   RO         4460    .ARM.Collect$$rtentry$$00000002  c_w.l(__rtentry2.o)
    0x08000168   0x08000168   0x00000006   Code   RO         4472    .ARM.Collect$$rtentry$$00000004  c_w.l(__rtentry4.o)
    0x0800016e   0x0800016e   0x00000000   Code   RO         4462    .ARM.Collect$$rtentry$$00000009  c_w.l(__rtentry2.o)
    0x0800016e   0x0800016e   0x00000004   Code   RO         4463    .ARM.Collect$$rtentry$$0000000A  c_w.l(__rtentry2.o)
    0x08000172   0x08000172   0x00000000   Code   RO         4465    .ARM.Collect$$rtentry$$0000000C  c_w.l(__rtentry2.o)
    0x08000172   0x08000172   0x00000008   Code   RO         4466    .ARM.Collect$$rtentry$$0000000D  c_w.l(__rtentry2.o)
    0x0800017a   0x0800017a   0x00000002   Code   RO         4575    .ARM.Collect$$rtexit$$00000000  c_w.l(rtexit.o)
    0x0800017c   0x0800017c   0x00000000   Code   RO         4582    .ARM.Collect$$rtexit$$00000002  c_w.l(rtexit2.o)
    0x0800017c   0x0800017c   0x00000004   Code   RO         4583    .ARM.Collect$$rtexit$$00000003  c_w.l(rtexit2.o)
    0x08000180   0x08000180   0x00000006   Code   RO         4584    .ARM.Collect$$rtexit$$00000004  c_w.l(rtexit2.o)
    0x08000186   0x08000186   0x00000002   PAD
    0x08000188   0x08000188   0x00000040   Code   RO         4280  * .text               startup_stm32f10x_md.o
    0x080001c8   0x080001c8   0x00000006   Code   RO         4367    .text               c_w.l(heapauxi.o)
    0x080001ce   0x080001ce   0x00000002   PAD
    0x080001d0   0x080001d0   0x00000008   Code   RO         4515    .text               c_w.l(libspace.o)
    0x080001d8   0x080001d8   0x0000004a   Code   RO         4518    .text               c_w.l(sys_stackheap_outer.o)
    0x08000222   0x08000222   0x00000012   Code   RO         4520    .text               c_w.l(exit.o)
    0x08000234   0x08000234   0x0000000c   Code   RO         4594    .text               c_w.l(sys_exit.o)
    0x08000240   0x08000240   0x00000002   Code   RO         4605    .text               c_w.l(use_no_semi.o)
    0x08000242   0x08000242   0x00000000   Code   RO         4607    .text               c_w.l(indicate_semi.o)
    0x08000242   0x08000242   0x0000001c   Code   RO          906    i.ADC_GetInjectedConversionValue  stm32f10x_adc.o
    0x0800025e   0x0800025e   0x00000002   PAD
    0x08000260   0x08000260   0x0000003c   Code   RO          316    i.AngletoPWM        servo.o
    0x0800029c   0x0800029c   0x00000080   Code   RO          317    i.ChangeAngle       servo.o
    0x0800031c   0x0800031c   0x00000154   Code   RO          250    i.ChangeSpeed       engine.o
    0x08000470   0x08000470   0x00000002   Code   RO         4082    i.DMA1_Channel1_Event  dma_stm32f10x.o
    0x08000472   0x08000472   0x00000002   PAD
    0x08000474   0x08000474   0x0000001c   Code   RO         4083    i.DMA1_Channel1_IRQHandler  dma_stm32f10x.o
    0x08000490   0x08000490   0x00000002   Code   RO         4084    i.DMA1_Channel2_Event  dma_stm32f10x.o
    0x08000492   0x08000492   0x00000002   PAD
    0x08000494   0x08000494   0x0000001c   Code   RO         4085    i.DMA1_Channel2_IRQHandler  dma_stm32f10x.o
    0x080004b0   0x080004b0   0x00000002   Code   RO         4086    i.DMA1_Channel3_Event  dma_stm32f10x.o
    0x080004b2   0x080004b2   0x00000002   PAD
    0x080004b4   0x080004b4   0x0000001c   Code   RO         4087    i.DMA1_Channel3_IRQHandler  dma_stm32f10x.o
    0x080004d0   0x080004d0   0x00000002   Code   RO         4088    i.DMA1_Channel4_Event  dma_stm32f10x.o
    0x080004d2   0x080004d2   0x00000002   PAD
    0x080004d4   0x080004d4   0x0000001c   Code   RO         4089    i.DMA1_Channel4_IRQHandler  dma_stm32f10x.o
    0x080004f0   0x080004f0   0x00000002   Code   RO         4090    i.DMA1_Channel5_Event  dma_stm32f10x.o
    0x080004f2   0x080004f2   0x00000002   PAD
    0x080004f4   0x080004f4   0x0000001c   Code   RO         4091    i.DMA1_Channel5_IRQHandler  dma_stm32f10x.o
    0x08000510   0x08000510   0x00000002   Code   RO         4092    i.DMA1_Channel6_Event  dma_stm32f10x.o
    0x08000512   0x08000512   0x00000002   PAD
    0x08000514   0x08000514   0x0000001c   Code   RO         4093    i.DMA1_Channel6_IRQHandler  dma_stm32f10x.o
    0x08000530   0x08000530   0x00000002   Code   RO         4094    i.DMA1_Channel7_Event  dma_stm32f10x.o
    0x08000532   0x08000532   0x00000002   PAD
    0x08000534   0x08000534   0x0000001c   Code   RO         4095    i.DMA1_Channel7_IRQHandler  dma_stm32f10x.o
    0x08000550   0x08000550   0x00000024   Code   RO          251    i.EXTI15_10_IRQHandler  engine.o
    0x08000574   0x08000574   0x0000000c   Code   RO         1745    i.EXTI_ClearITPendingBit  stm32f10x_exti.o
    0x08000580   0x08000580   0x00000028   Code   RO         1749    i.EXTI_GetITStatus  stm32f10x_exti.o
    0x080005a8   0x080005a8   0x00000050   Code   RO          742    i.EnginePID         pid.o
    0x080005f8   0x080005f8   0x00000116   Code   RO         2134    i.GPIO_Init         stm32f10x_gpio.o
    0x0800070e   0x0800070e   0x00000010   Code   RO         2143    i.GPIO_StructInit   stm32f10x_gpio.o
    0x0800071e   0x0800071e   0x00000002   PAD
    0x08000720   0x08000720   0x00000044   Code   RO          318    i.GetAngle          servo.o
    0x08000764   0x08000764   0x0000000c   Code   RO          253    i.GetSpeed          engine.o
    0x08000770   0x08000770   0x00000018   Code   RO         2255    i.I2C_AcknowledgeConfig  stm32f10x_i2c.o
    0x08000788   0x08000788   0x0000002a   Code   RO         2257    i.I2C_CheckEvent    stm32f10x_i2c.o
    0x080007b2   0x080007b2   0x00000018   Code   RO         2267    i.I2C_GenerateSTART  stm32f10x_i2c.o
    0x080007ca   0x080007ca   0x00000018   Code   RO         2268    i.I2C_GenerateSTOP  stm32f10x_i2c.o
    0x080007e2   0x080007e2   0x0000003a   Code   RO         2269    i.I2C_GetFlagStatus  stm32f10x_i2c.o
    0x0800081c   0x0800081c   0x00000008   Code   RO         2279    i.I2C_ReceiveData   stm32f10x_i2c.o
    0x08000824   0x08000824   0x00000012   Code   RO         2281    i.I2C_Send7bitAddress  stm32f10x_i2c.o
    0x08000836   0x08000836   0x00000004   Code   RO         2282    i.I2C_SendData      stm32f10x_i2c.o
    0x0800083a   0x0800083a   0x00000002   PAD
    0x0800083c   0x0800083c   0x00000014   Code   RO          840    i.NVIC_PriorityGroupConfig  misc.o
    0x08000850   0x08000850   0x0000003c   Code   RO          361    i.ProximitySensors_Read  proximitysensors.o
    0x0800088c   0x0800088c   0x00000020   Code   RO         2598    i.RCC_APB1PeriphClockCmd  stm32f10x_rcc.o
    0x080008ac   0x080008ac   0x00000020   Code   RO         2600    i.RCC_APB2PeriphClockCmd  stm32f10x_rcc.o
    0x080008cc   0x080008cc   0x0000004c   Code   RO         2607    i.RCC_DeInit        stm32f10x_rcc.o
    0x08000918   0x08000918   0x000000d4   Code   RO         2608    i.RCC_GetClocksFreq  stm32f10x_rcc.o
    0x080009ec   0x080009ec   0x0000003c   Code   RO         2609    i.RCC_GetFlagStatus  stm32f10x_rcc.o
    0x08000a28   0x08000a28   0x00000010   Code   RO         2611    i.RCC_GetSYSCLKSource  stm32f10x_rcc.o
    0x08000a38   0x08000a38   0x00000018   Code   RO         2612    i.RCC_HCLKConfig    stm32f10x_rcc.o
    0x08000a50   0x08000a50   0x0000004c   Code   RO         2613    i.RCC_HSEConfig     stm32f10x_rcc.o
    0x08000a9c   0x08000a9c   0x00000018   Code   RO         2619    i.RCC_PCLK1Config   stm32f10x_rcc.o
    0x08000ab4   0x08000ab4   0x00000018   Code   RO         2620    i.RCC_PCLK2Config   stm32f10x_rcc.o
    0x08000acc   0x08000acc   0x0000000c   Code   RO         2621    i.RCC_PLLCmd        stm32f10x_rcc.o
    0x08000ad8   0x08000ad8   0x0000001c   Code   RO         2622    i.RCC_PLLConfig     stm32f10x_rcc.o
    0x08000af4   0x08000af4   0x00000018   Code   RO         2625    i.RCC_SYSCLKConfig  stm32f10x_rcc.o
    0x08000b0c   0x08000b0c   0x00000038   Code   RO         2627    i.RCC_WaitForHSEStartUp  stm32f10x_rcc.o
    0x08000b44   0x08000b44   0x000000b4   Code   RO          782    i.RPConnection_Init  rpconnection.o
    0x08000bf8   0x08000bf8   0x00000014   Code   RO          541    i.Read_from_One     vl53l0x.o
    0x08000c0c   0x08000c0c   0x00000034   Code   RO          783    i.SendToRaspberryPi  rpconnection.o
    0x08000c40   0x08000c40   0x00000050   Code   RO          743    i.ServoPID          pid.o
    0x08000c90   0x08000c90   0x00000008   Code   RO         4287    i.SetSysClock       system_stm32f10x.o
    0x08000c98   0x08000c98   0x00000058   Code   RO            4    i.SetSysClockTo72   settings.o
    0x08000cf0   0x08000cf0   0x000000e0   Code   RO         4288    i.SetSysClockTo72   system_stm32f10x.o
    0x08000dd0   0x08000dd0   0x00000028   Code   RO          843    i.SysTick_CLKSourceConfig  misc.o
    0x08000df8   0x08000df8   0x00000018   Code   RO            5    i.SysTick_Handler   settings.o
    0x08000e10   0x08000e10   0x0000001a   Code   RO            6    i.SysTick_setting   settings.o
    0x08000e2a   0x08000e2a   0x00000002   PAD
    0x08000e2c   0x08000e2c   0x00000060   Code   RO         4290    i.SystemInit        system_stm32f10x.o
    0x08000e8c   0x08000e8c   0x00000068   Code   RO          169    i.TIM2_IRQHandler   main.o
    0x08000ef4   0x08000ef4   0x00000006   Code   RO         3275    i.TIM_ClearITPendingBit  stm32f10x_tim.o
    0x08000efa   0x08000efa   0x00000008   Code   RO         3298    i.TIM_GetCapture4   stm32f10x_tim.o
    0x08000f02   0x08000f02   0x00000022   Code   RO         3301    i.TIM_GetITStatus   stm32f10x_tim.o
    0x08000f24   0x08000f24   0x00000004   Code   RO         3343    i.TIM_SetCompare3   stm32f10x_tim.o
    0x08000f28   0x08000f28   0x00000006   Code   RO         3344    i.TIM_SetCompare4   stm32f10x_tim.o
    0x08000f2e   0x08000f2e   0x00000002   PAD
    0x08000f30   0x08000f30   0x00000048   Code   RO          784    i.USART2_IRQHandler  rpconnection.o
    0x08000f78   0x08000f78   0x0000001e   Code   RO         3825    i.USART_ClearITPendingBit  stm32f10x_usart.o
    0x08000f96   0x08000f96   0x00000018   Code   RO         3828    i.USART_Cmd         stm32f10x_usart.o
    0x08000fae   0x08000fae   0x00000054   Code   RO         3832    i.USART_GetITStatus  stm32f10x_usart.o
    0x08001002   0x08001002   0x0000004a   Code   RO         3834    i.USART_ITConfig    stm32f10x_usart.o
    0x0800104c   0x0800104c   0x000000d8   Code   RO         3835    i.USART_Init        stm32f10x_usart.o
    0x08001124   0x08001124   0x0000000a   Code   RO         3842    i.USART_ReceiveData  stm32f10x_usart.o
    0x0800112e   0x0800112e   0x00000008   Code   RO         3845    i.USART_SendData    stm32f10x_usart.o
    0x08001136   0x08001136   0x00000018   Code   RO         3851    i.USART_StructInit  stm32f10x_usart.o
    0x0800114e   0x0800114e   0x00000002   PAD
    0x08001150   0x08001150   0x00000030   Code   RO          553    i.VL53L0X_readRangeContinuousMillimeters  vl53l0x.o
    0x08001180   0x08001180   0x0000011c   Code   RO          555    i.VL53L0X_readReg   vl53l0x.o
    0x0800129c   0x0800129c   0x00000124   Code   RO          556    i.VL53L0X_readReg16Bit  vl53l0x.o
    0x080013c0   0x080013c0   0x00000094   Code   RO          568    i.VL53L0X_writeReg  vl53l0x.o
    0x08001454   0x08001454   0x00000028   Code   RO            7    i.__NVIC_SetPriority  settings.o
    0x0800147c   0x0800147c   0x00000064   Code   RO            8    i.delay_ms          settings.o
    0x080014e0   0x080014e0   0x0000000c   Code   RO          786    i.getNeededSpeed    rpconnection.o
    0x080014ec   0x080014ec   0x00000002   Code   RO           10    i.inform_error      settings.o
    0x080014ee   0x080014ee   0x00000002   PAD
    0x080014f0   0x080014f0   0x0000005c   Code   RO          171    i.main              main.o
    0x0800154c   0x0800154c   0x000000b0   Code   RO          744    i.pid               pid.o
    0x080015fc   0x080015fc   0x00000148   Code   RO          460    i.readSharp         sharp.o
    0x08001744   0x08001744   0x0000026c   Code   RO          461    i.voltToDistance    sharp.o
    0x080019b0   0x080019b0   0x00000062   Code   RO         4371    x$fpl$d2f           fz_ws.l(d2f.o)
    0x08001a12   0x08001a12   0x00000002   PAD
    0x08001a14   0x08001a14   0x00000150   Code   RO         4373    x$fpl$dadd          fz_ws.l(daddsub_clz.o)
    0x08001b64   0x08001b64   0x00000018   Code   RO         4446    x$fpl$dcmpinf       fz_ws.l(dcmpi.o)
    0x08001b7c   0x08001b7c   0x000002b0   Code   RO         4380    x$fpl$ddiv          fz_ws.l(ddiv.o)
    0x08001e2c   0x08001e2c   0x0000005e   Code   RO         4383    x$fpl$dfix          fz_ws.l(dfix.o)
    0x08001e8a   0x08001e8a   0x00000002   PAD
    0x08001e8c   0x08001e8c   0x0000005a   Code   RO         4387    x$fpl$dfixu         fz_ws.l(dfixu.o)
    0x08001ee6   0x08001ee6   0x0000002e   Code   RO         4392    x$fpl$dflt          fz_ws.l(dflt_clz.o)
    0x08001f14   0x08001f14   0x00000026   Code   RO         4391    x$fpl$dfltu         fz_ws.l(dflt_clz.o)
    0x08001f3a   0x08001f3a   0x00000002   PAD
    0x08001f3c   0x08001f3c   0x00000078   Code   RO         4397    x$fpl$dleqf         fz_ws.l(dleqf.o)
    0x08001fb4   0x08001fb4   0x00000154   Code   RO         4399    x$fpl$dmul          fz_ws.l(dmul.o)
    0x08002108   0x08002108   0x0000009c   Code   RO         4448    x$fpl$dnaninf       fz_ws.l(dnaninf.o)
    0x080021a4   0x080021a4   0x0000000c   Code   RO         4450    x$fpl$dretinf       fz_ws.l(dretinf.o)
    0x080021b0   0x080021b0   0x0000006c   Code   RO         4401    x$fpl$drleqf        fz_ws.l(drleqf.o)
    0x0800221c   0x0800221c   0x00000016   Code   RO         4374    x$fpl$drsb          fz_ws.l(daddsub_clz.o)
    0x08002232   0x08002232   0x00000002   PAD
    0x08002234   0x08002234   0x000001d4   Code   RO         4375    x$fpl$dsub          fz_ws.l(daddsub_clz.o)
    0x08002408   0x08002408   0x00000056   Code   RO         4403    x$fpl$f2d           fz_ws.l(f2d.o)
    0x0800245e   0x0800245e   0x00000002   PAD
    0x08002460   0x08002460   0x000000c4   Code   RO         4405    x$fpl$fadd          fz_ws.l(faddsub_clz.o)
    0x08002524   0x08002524   0x00000018   Code   RO         4452    x$fpl$fcmpinf       fz_ws.l(fcmpi.o)
    0x0800253c   0x0800253c   0x00000184   Code   RO         4412    x$fpl$fdiv          fz_ws.l(fdiv.o)
    0x080026c0   0x080026c0   0x00000068   Code   RO         4425    x$fpl$fleqf         fz_ws.l(fleqf.o)
    0x08002728   0x08002728   0x0000008c   Code   RO         4454    x$fpl$fnaninf       fz_ws.l(fnaninf.o)
    0x080027b4   0x080027b4   0x0000000a   Code   RO         4456    x$fpl$fretinf       fz_ws.l(fretinf.o)
    0x080027be   0x080027be   0x00000062   Code   RO         4429    x$fpl$frleqf        fz_ws.l(frleqf.o)
    0x08002820   0x08002820   0x000000ea   Code   RO         4407    x$fpl$fsub          fz_ws.l(faddsub_clz.o)
    0x0800290a   0x0800290a   0x00000000   Code   RO         4458    x$fpl$usenofp       fz_ws.l(usenofp.o)
    0x0800290a   0x0800290a   0x00000002   PAD
    0x0800290c   0x0800290c   0x00000020   Data   RO         4654    Region$$Table       anon$$obj.o


    Execution Region ER_RW (Exec base: 0x20000000, Load base: 0x0800292c, Size: 0x0000006c, Max: 0xffffffff, ABSOLUTE)

    Exec Addr    Load Addr    Size         Type   Attr      Idx    E Section Name        Object

    0x20000000   0x0800292c   0x00000004   Data   RW           11    .data               settings.o
    0x20000004   0x08002930   0x00000010   Data   RW          172    .data               main.o
    0x20000014   0x08002940   0x00000004   Data   RW          255    .data               engine.o
    0x20000018   0x08002944   0x00000001   Data   RW          463    .data               sharp.o
    0x20000019   0x08002945   0x00000007   PAD
    0x20000020   0x0800294c   0x00000020   Data   RW          745    .data               pid.o
    0x20000040   0x0800296c   0x00000002   Data   RW          787    .data               rpconnection.o
    0x20000042   0x0800296e   0x00000014   Data   RW         2628    .data               stm32f10x_rcc.o
    0x20000056   0x08002982   0x00000002   PAD
    0x20000058   0x08002984   0x00000014   Data   RW         4291    .data               system_stm32f10x.o


    Execution Region ER_ZI (Exec base: 0x2000006c, Load base: 0x08002998, Size: 0x000006b4, Max: 0xffffffff, ABSOLUTE)

    Exec Addr    Load Addr    Size         Type   Attr      Idx    E Section Name        Object

    0x2000006c        -       0x0000003c   Zero   RW          462    .bss                sharp.o
    0x200000a8        -       0x00000014   Zero   RW          571    .bss                vl53l0x.o
    0x200000bc        -       0x00000060   Zero   RW         4516    .bss                c_w.l(libspace.o)
    0x2000011c   0x08002998   0x00000004   PAD
    0x20000120        -       0x00000200   Zero   RW         4278    HEAP                startup_stm32f10x_md.o
    0x20000320        -       0x00000400   Zero   RW         4277    STACK               startup_stm32f10x_md.o


==============================================================================

Image component sizes


      Code (inc. data)   RO Data    RW Data    ZI Data      Debug   Object Name

       210         30          0          0          0       7259   dma_stm32f10x.o
       388         50          0          4          0       2748   engine.o
       196         22          0         16          0       1691   main.o
        60         10          0          0          0       1105   misc.o
       336         20          0         32          0       2143   pid.o
        60          0          0          0          0        828   proximitysensors.o
       316         36          0          2          0      27784   rpconnection.o
       256         52          0          0          0       1361   servo.o
       280         24          0          4          0     295151   settings.o
       948         86          0          1         60       1664   sharp.o
        64         26        236          0       1536        776   startup_stm32f10x_md.o
        28          0          0          0          0       2841   stm32f10x_adc.o
        52         12          0          0          0       1200   stm32f10x_exti.o
       294          0          0          0          0       2634   stm32f10x_gpio.o
       202          0          0          0          0       6703   stm32f10x_i2c.o
       696         92          0         20          0      11078   stm32f10x_rcc.o
        58          0          0          0          0       3620   stm32f10x_tim.o
       470          6          0          0          0       7060   stm32f10x_usart.o
       328         28          0         20          0       2065   system_stm32f10x.o
       792         76          0          0         20       6064   vl53l0x.o

    ----------------------------------------------------------------------
      6062        570        268        108       1616     385775   Object Totals
         0          0         32          0          0          0   (incl. Generated)
        28          0          0          9          0          0   (incl. Padding)

    ----------------------------------------------------------------------

      Code (inc. data)   RO Data    RW Data    ZI Data      Debug   Library Member Name

         8          0          0          0          0         68   __main.o
         0          0          0          0          0          0   __rtentry.o
        12          0          0          0          0          0   __rtentry2.o
         6          0          0          0          0          0   __rtentry4.o
        52          8          0          0          0          0   __scatter.o
        26          0          0          0          0          0   __scatter_copy.o
        28          0          0          0          0          0   __scatter_zi.o
        18          0          0          0          0         80   exit.o
         6          0          0          0          0        152   heapauxi.o
         0          0          0          0          0          0   indicate_semi.o
         2          0          0          0          0          0   libinit.o
         2          0          0          0          0          0   libinit2.o
         2          0          0          0          0          0   libshutdown.o
         2          0          0          0          0          0   libshutdown2.o
         8          4          0          0         96         68   libspace.o
         2          0          0          0          0          0   rtexit.o
        10          0          0          0          0          0   rtexit2.o
        12          4          0          0          0         68   sys_exit.o
        74          0          0          0          0         80   sys_stackheap_outer.o
         2          0          0          0          0         68   use_no_semi.o
        98          4          0          0          0         92   d2f.o
       826         16          0          0          0        348   daddsub_clz.o
        24          0          0          0          0         68   dcmpi.o
       688        140          0          0          0        208   ddiv.o
        94          4          0          0          0         92   dfix.o
        90          4          0          0          0         92   dfixu.o
        84          0          0          0          0        136   dflt_clz.o
       120          4          0          0          0         92   dleqf.o
       340         12          0          0          0        104   dmul.o
       156          4          0          0          0         92   dnaninf.o
        12          0          0          0          0         68   dretinf.o
       108          0          0          0          0         80   drleqf.o
        86          4          0          0          0         84   f2d.o
       430          8          0          0          0        168   faddsub_clz.o
        24          0          0          0          0         68   fcmpi.o
       388         76          0          0          0         96   fdiv.o
       104          4          0          0          0         84   fleqf.o
       140          4          0          0          0         84   fnaninf.o
        10          0          0          0          0         68   fretinf.o
        98          0          0          0          0         68   frleqf.o
         0          0          0          0          0          0   usenofp.o

    ----------------------------------------------------------------------
      4210        300          0          0        100       2776   Library Totals
        18          0          0          0          4          0   (incl. Padding)

    ----------------------------------------------------------------------

      Code (inc. data)   RO Data    RW Data    ZI Data      Debug   Library Name

       272         16          0          0         96        584   c_w.l
      3920        284          0          0          0       2192   fz_ws.l

    ----------------------------------------------------------------------
      4210        300          0          0        100       2776   Library Totals

    ----------------------------------------------------------------------

==============================================================================


      Code (inc. data)   RO Data    RW Data    ZI Data      Debug   

     10272        870        268        108       1716     382827   Grand Totals
     10272        870        268        108       1716     382827   ELF Image Totals
     10272        870        268        108          0          0   ROM Totals

==============================================================================

    Total RO  Size (Code + RO Data)                10540 (  10.29kB)
    Total RW  Size (RW Data + ZI Data)              1824 (   1.78kB)
    Total ROM Size (Code + RO Data + RW Data)      10648 (  10.40kB)

==============================================================================

